2026-07-13 19:17:34 - ile_std_lambda_1.0 - INFO - No checkpoint found. Training from scratch for λ=1.0...
2026-07-13 19:17:34 - ile_std_lambda_1.0 - INFO - Starting training for 200 epochs
2026-07-13 19:17:34 - ile_std_lambda_1.0 - INFO - Model: ILEBPRModel
2026-07-13 19:17:34 - ile_std_lambda_1.0 - INFO - Dataset: movielens-1m
2026-07-13 19:17:34 - ile_std_lambda_1.0 - INFO - Users: 6040, Items: 3706
2026-07-13 19:17:34 - ile_std_lambda_1.0 - INFO - Train interactions: 797,758
2026-07-13 19:17:34 - ile_std_lambda_1.0 - INFO - Use ILE: True
2026-07-13 19:17:34 - ile_std_lambda_1.0 - INFO - Distance: std, λ: 1.0
2026-07-13 19:17:34 - ile_std_lambda_1.0 - INFO - Batches per epoch: 780
2026-07-13 19:17:53 - ile_std_lambda_1.0 - INFO - Epoch   1/200 | Time:  8.02s | Loss: 0.6933 | BPR: 0.6931 | ILE: 0.0002 | Dist: 0.0002 | L_H: 0.6931 L_M: 0.6931 L_T: 0.6932 | nDCG: 0.0172 | UPD: 0.3961 | AD: 0.9970 | EE: 0.6172
2026-07-13 19:17:53 - ile_std_lambda_1.0 - INFO - Checkpoint saved: ./checkpoints/ile_std_lambda_1.0/best_model.pt
2026-07-13 19:17:53 - ile_std_lambda_1.0 - INFO -   New best nDCG: 0.0172 (saved as best_model.pt)
2026-07-13 19:18:01 - ile_std_lambda_1.0 - INFO - Epoch   2/200 | Time:  8.48s | Loss: 0.6931 | BPR: 0.6928 | ILE: 0.0003 | L_H: 0.6927 L_M: 0.6930 L_T: 0.6931
2026-07-13 19:18:10 - ile_std_lambda_1.0 - INFO - Epoch   3/200 | Time:  8.51s | Loss: 0.6925 | BPR: 0.6919 | ILE: 0.0006 | L_H: 0.6916 L_M: 0.6924 L_T: 0.6927
2026-07-13 19:18:18 - ile_std_lambda_1.0 - INFO - Epoch   4/200 | Time:  8.35s | Loss: 0.6911 | BPR: 0.6896 | ILE: 0.0015 | L_H: 0.6889 L_M: 0.6907 L_T: 0.6918
2026-07-13 19:18:27 - ile_std_lambda_1.0 - INFO - Epoch   5/200 | Time:  8.19s | Loss: 0.6878 | BPR: 0.6836 | ILE: 0.0042 | L_H: 0.6819 L_M: 0.6867 L_T: 0.6902
2026-07-13 19:18:35 - ile_std_lambda_1.0 - INFO - Epoch   6/200 | Time:  8.42s | Loss: 0.6816 | BPR: 0.6711 | ILE: 0.0104 | L_H: 0.6670 L_M: 0.6788 L_T: 0.6875
2026-07-13 19:18:43 - ile_std_lambda_1.0 - INFO - Epoch   7/200 | Time:  8.35s | Loss: 0.6723 | BPR: 0.6524 | ILE: 0.0199 | L_H: 0.6447 L_M: 0.6666 L_T: 0.6838
2026-07-13 19:18:52 - ile_std_lambda_1.0 - INFO - Epoch   8/200 | Time:  8.34s | Loss: 0.6604 | BPR: 0.6304 | ILE: 0.0300 | L_H: 0.6188 L_M: 0.6519 L_T: 0.6777
2026-07-13 19:19:00 - ile_std_lambda_1.0 - INFO - Epoch   9/200 | Time:  8.09s | Loss: 0.6485 | BPR: 0.6085 | ILE: 0.0400 | L_H: 0.5931 L_M: 0.6368 L_T: 0.6716
2026-07-13 19:19:19 - ile_std_lambda_1.0 - INFO - Epoch  10/200 | Time:  8.18s | Loss: 0.6365 | BPR: 0.5883 | ILE: 0.0482 | Dist: 0.0482 | L_H: 0.5696 L_M: 0.6227 L_T: 0.6632 | nDCG: 0.1975 | UPD: 0.3159 | AD: 0.1743 | EE: 0.0073
2026-07-13 19:19:19 - ile_std_lambda_1.0 - INFO - Checkpoint saved: ./checkpoints/ile_std_lambda_1.0/checkpoint_epoch_10.pt
2026-07-13 19:19:19 - ile_std_lambda_1.0 - INFO - Checkpoint saved: ./checkpoints/ile_std_lambda_1.0/best_model.pt
2026-07-13 19:19:19 - ile_std_lambda_1.0 - INFO -   New best nDCG: 0.1975 (saved as best_model.pt)
2026-07-13 19:19:27 - ile_std_lambda_1.0 - INFO - Epoch  11/200 | Time:  8.40s | Loss: 0.6254 | BPR: 0.5708 | ILE: 0.0546 | L_H: 0.5498 L_M: 0.6094 L_T: 0.6557
2026-07-13 19:19:35 - ile_std_lambda_1.0 - INFO - Epoch  12/200 | Time:  8.02s | Loss: 0.6144 | BPR: 0.5561 | ILE: 0.0583 | L_H: 0.5334 L_M: 0.5978 L_T: 0.6458
2026-07-13 19:19:43 - ile_std_lambda_1.0 - INFO - Epoch  13/200 | Time:  8.28s | Loss: 0.6042 | BPR: 0.5437 | ILE: 0.0604 | L_H: 0.5199 L_M: 0.5875 L_T: 0.6356
2026-07-13 19:19:52 - ile_std_lambda_1.0 - INFO - Epoch  14/200 | Time:  8.28s | Loss: 0.5945 | BPR: 0.5326 | ILE: 0.0619 | L_H: 0.5082 L_M: 0.5773 L_T: 0.6255
2026-07-13 19:20:00 - ile_std_lambda_1.0 - INFO - Epoch  15/200 | Time:  8.42s | Loss: 0.5852 | BPR: 0.5236 | ILE: 0.0616 | L_H: 0.4988 L_M: 0.5691 L_T: 0.6130
2026-07-13 19:20:08 - ile_std_lambda_1.0 - INFO - Epoch  16/200 | Time:  7.99s | Loss: 0.5772 | BPR: 0.5149 | ILE: 0.0623 | L_H: 0.4902 L_M: 0.5604 L_T: 0.6051
2026-07-13 19:20:16 - ile_std_lambda_1.0 - INFO - Epoch  17/200 | Time:  8.32s | Loss: 0.5684 | BPR: 0.5068 | ILE: 0.0616 | L_H: 0.4818 L_M: 0.5527 L_T: 0.5929
2026-07-13 19:20:25 - ile_std_lambda_1.0 - INFO - Epoch  18/200 | Time:  8.24s | Loss: 0.5608 | BPR: 0.5000 | ILE: 0.0609 | L_H: 0.4756 L_M: 0.5450 L_T: 0.5816
2026-07-13 19:20:33 - ile_std_lambda_1.0 - INFO - Epoch  19/200 | Time:  8.05s | Loss: 0.5515 | BPR: 0.4921 | ILE: 0.0594 | L_H: 0.4680 L_M: 0.5365 L_T: 0.5695
2026-07-13 19:20:52 - ile_std_lambda_1.0 - INFO - Epoch  20/200 | Time:  8.38s | Loss: 0.5460 | BPR: 0.4857 | ILE: 0.0603 | Dist: 0.0603 | L_H: 0.4620 L_M: 0.5295 L_T: 0.5634 | nDCG: 0.2145 | UPD: 0.2964 | AD: 0.1449 | EE: 0.0084
2026-07-13 19:20:52 - ile_std_lambda_1.0 - INFO - Checkpoint saved: ./checkpoints/ile_std_lambda_1.0/checkpoint_epoch_20.pt
2026-07-13 19:20:52 - ile_std_lambda_1.0 - INFO - Checkpoint saved: ./checkpoints/ile_std_lambda_1.0/best_model.pt
2026-07-13 19:20:52 - ile_std_lambda_1.0 - INFO -   New best nDCG: 0.2145 (saved as best_model.pt)
2026-07-13 19:21:00 - ile_std_lambda_1.0 - INFO - Epoch  21/200 | Time:  8.37s | Loss: 0.5376 | BPR: 0.4789 | ILE: 0.0587 | L_H: 0.4554 L_M: 0.5224 L_T: 0.5534
2026-07-13 19:21:09 - ile_std_lambda_1.0 - INFO - Epoch  22/200 | Time:  8.24s | Loss: 0.5303 | BPR: 0.4714 | ILE: 0.0589 | L_H: 0.4474 L_M: 0.5158 L_T: 0.5395
2026-07-13 19:21:17 - ile_std_lambda_1.0 - INFO - Epoch  23/200 | Time:  8.22s | Loss: 0.5258 | BPR: 0.4651 | ILE: 0.0607 | L_H: 0.4411 L_M: 0.5097 L_T: 0.5376
2026-07-13 19:21:25 - ile_std_lambda_1.0 - INFO - Epoch  24/200 | Time:  8.37s | Loss: 0.5197 | BPR: 0.4585 | ILE: 0.0612 | L_H: 0.4343 L_M: 0.5034 L_T: 0.5264
2026-07-13 19:21:34 - ile_std_lambda_1.0 - INFO - Epoch  25/200 | Time:  8.45s | Loss: 0.5117 | BPR: 0.4524 | ILE: 0.0593 | L_H: 0.4278 L_M: 0.4979 L_T: 0.5182
2026-07-13 19:21:42 - ile_std_lambda_1.0 - INFO - Epoch  26/200 | Time:  8.30s | Loss: 0.5055 | BPR: 0.4463 | ILE: 0.0593 | L_H: 0.4223 L_M: 0.4908 L_T: 0.5112
2026-07-13 19:21:50 - ile_std_lambda_1.0 - INFO - Epoch  27/200 | Time:  8.17s | Loss: 0.5003 | BPR: 0.4407 | ILE: 0.0596 | L_H: 0.4166 L_M: 0.4857 L_T: 0.5050
2026-07-13 19:21:58 - ile_std_lambda_1.0 - INFO - Epoch  28/200 | Time:  8.31s | Loss: 0.4928 | BPR: 0.4336 | ILE: 0.0592 | L_H: 0.4094 L_M: 0.4785 L_T: 0.4888
2026-07-13 19:22:07 - ile_std_lambda_1.0 - INFO - Epoch  29/200 | Time:  8.42s | Loss: 0.4892 | BPR: 0.4280 | ILE: 0.0612 | L_H: 0.4031 L_M: 0.4743 L_T: 0.4901
2026-07-13 19:22:26 - ile_std_lambda_1.0 - INFO - Epoch  30/200 | Time:  8.22s | Loss: 0.4838 | BPR: 0.4215 | ILE: 0.0622 | Dist: 0.0622 | L_H: 0.3962 L_M: 0.4686 L_T: 0.4847 | nDCG: 0.2244 | UPD: 0.2769 | AD: 0.1821 | EE: 0.0123
2026-07-13 19:22:26 - ile_std_lambda_1.0 - INFO - Checkpoint saved: ./checkpoints/ile_std_lambda_1.0/checkpoint_epoch_30.pt
2026-07-13 19:22:26 - ile_std_lambda_1.0 - INFO - Checkpoint saved: ./checkpoints/ile_std_lambda_1.0/best_model.pt
2026-07-13 19:22:26 - ile_std_lambda_1.0 - INFO -   New best nDCG: 0.2244 (saved as best_model.pt)
2026-07-13 19:22:34 - ile_std_lambda_1.0 - INFO - Epoch  31/200 | Time:  8.39s | Loss: 0.4774 | BPR: 0.4171 | ILE: 0.0602 | L_H: 0.3921 L_M: 0.4639 L_T: 0.4749
2026-07-13 19:22:43 - ile_std_lambda_1.0 - INFO - Epoch  32/200 | Time:  8.44s | Loss: 0.4726 | BPR: 0.4125 | ILE: 0.0601 | L_H: 0.3882 L_M: 0.4579 L_T: 0.4687
2026-07-13 19:22:51 - ile_std_lambda_1.0 - INFO - Epoch  33/200 | Time:  8.44s | Loss: 0.4678 | BPR: 0.4066 | ILE: 0.0612 | L_H: 0.3816 L_M: 0.4533 L_T: 0.4598
2026-07-13 19:22:59 - ile_std_lambda_1.0 - INFO - Epoch  34/200 | Time:  7.95s | Loss: 0.4622 | BPR: 0.4022 | ILE: 0.0599 | L_H: 0.3775 L_M: 0.4483 L_T: 0.4556
2026-07-13 19:23:07 - ile_std_lambda_1.0 - INFO - Epoch  35/200 | Time:  8.19s | Loss: 0.4598 | BPR: 0.3971 | ILE: 0.0627 | L_H: 0.3722 L_M: 0.4436 L_T: 0.4518
2026-07-13 19:23:16 - ile_std_lambda_1.0 - INFO - Epoch  36/200 | Time:  8.57s | Loss: 0.4582 | BPR: 0.3922 | ILE: 0.0660 | L_H: 0.3664 L_M: 0.4403 L_T: 0.4498
2026-07-13 19:23:24 - ile_std_lambda_1.0 - INFO - Epoch  37/200 | Time:  8.10s | Loss: 0.4507 | BPR: 0.3876 | ILE: 0.0631 | L_H: 0.3621 L_M: 0.4351 L_T: 0.4413
2026-07-13 19:23:32 - ile_std_lambda_1.0 - INFO - Epoch  38/200 | Time:  8.19s | Loss: 0.4458 | BPR: 0.3826 | ILE: 0.0632 | L_H: 0.3574 L_M: 0.4297 L_T: 0.4393
2026-07-13 19:23:40 - ile_std_lambda_1.0 - INFO - Epoch  39/200 | Time:  8.22s | Loss: 0.4428 | BPR: 0.3787 | ILE: 0.0641 | L_H: 0.3530 L_M: 0.4267 L_T: 0.4305
2026-07-13 19:23:59 - ile_std_lambda_1.0 - INFO - Epoch  40/200 | Time:  8.28s | Loss: 0.4388 | BPR: 0.3752 | ILE: 0.0635 | Dist: 0.0635 | L_H: 0.3497 L_M: 0.4228 L_T: 0.4272 | nDCG: 0.2361 | UPD: 0.2757 | AD: 0.2132 | EE: 0.0183
2026-07-13 19:23:59 - ile_std_lambda_1.0 - INFO - Checkpoint saved: ./checkpoints/ile_std_lambda_1.0/checkpoint_epoch_40.pt
2026-07-13 19:23:59 - ile_std_lambda_1.0 - INFO - Checkpoint saved: ./checkpoints/ile_std_lambda_1.0/best_model.pt
2026-07-13 19:23:59 - ile_std_lambda_1.0 - INFO -   New best nDCG: 0.2361 (saved as best_model.pt)
2026-07-13 19:24:07 - ile_std_lambda_1.0 - INFO - Epoch  41/200 | Time:  8.20s | Loss: 0.4347 | BPR: 0.3712 | ILE: 0.0635 | L_H: 0.3455 L_M: 0.4195 L_T: 0.4185
2026-07-13 19:24:16 - ile_std_lambda_1.0 - INFO - Epoch  42/200 | Time:  8.46s | Loss: 0.4308 | BPR: 0.3673 | ILE: 0.0635 | L_H: 0.3418 L_M: 0.4151 L_T: 0.4182
2026-07-13 19:24:24 - ile_std_lambda_1.0 - INFO - Epoch  43/200 | Time:  8.44s | Loss: 0.4265 | BPR: 0.3636 | ILE: 0.0629 | L_H: 0.3379 L_M: 0.4117 L_T: 0.4102
2026-07-13 19:24:33 - ile_std_lambda_1.0 - INFO - Epoch  44/200 | Time:  8.38s | Loss: 0.4250 | BPR: 0.3592 | ILE: 0.0658 | L_H: 0.3338 L_M: 0.4065 L_T: 0.4149
2026-07-13 19:24:41 - ile_std_lambda_1.0 - INFO - Epoch  45/200 | Time:  8.16s | Loss: 0.4209 | BPR: 0.3565 | ILE: 0.0644 | L_H: 0.3317 L_M: 0.4028 L_T: 0.4060
2026-07-13 19:24:49 - ile_std_lambda_1.0 - INFO - Epoch  46/200 | Time:  8.40s | Loss: 0.4158 | BPR: 0.3524 | ILE: 0.0635 | L_H: 0.3269 L_M: 0.3999 L_T: 0.3967
2026-07-13 19:24:58 - ile_std_lambda_1.0 - INFO - Epoch  47/200 | Time:  8.38s | Loss: 0.4143 | BPR: 0.3487 | ILE: 0.0656 | L_H: 0.3232 L_M: 0.3963 L_T: 0.3955
2026-07-13 19:25:06 - ile_std_lambda_1.0 - INFO - Epoch  48/200 | Time:  8.10s | Loss: 0.4091 | BPR: 0.3460 | ILE: 0.0632 | L_H: 0.3204 L_M: 0.3940 L_T: 0.3911
2026-07-13 19:25:14 - ile_std_lambda_1.0 - INFO - Epoch  49/200 | Time:  8.32s | Loss: 0.4057 | BPR: 0.3428 | ILE: 0.0629 | L_H: 0.3174 L_M: 0.3906 L_T: 0.3857
2026-07-13 19:25:33 - ile_std_lambda_1.0 - INFO - Epoch  50/200 | Time:  8.36s | Loss: 0.4033 | BPR: 0.3397 | ILE: 0.0636 | Dist: 0.0636 | L_H: 0.3148 L_M: 0.3863 L_T: 0.3867 | nDCG: 0.2459 | UPD: 0.2669 | AD: 0.2388 | EE: 0.0260
2026-07-13 19:25:33 - ile_std_lambda_1.0 - INFO - Checkpoint saved: ./checkpoints/ile_std_lambda_1.0/checkpoint_epoch_50.pt
2026-07-13 19:25:33 - ile_std_lambda_1.0 - INFO - Checkpoint saved: ./checkpoints/ile_std_lambda_1.0/best_model.pt
2026-07-13 19:25:33 - ile_std_lambda_1.0 - INFO -   New best nDCG: 0.2459 (saved as best_model.pt)
2026-07-13 19:25:41 - ile_std_lambda_1.0 - INFO - Epoch  51/200 | Time:  8.26s | Loss: 0.4017 | BPR: 0.3371 | ILE: 0.0645 | L_H: 0.3119 L_M: 0.3844 L_T: 0.3852
2026-07-13 19:25:49 - ile_std_lambda_1.0 - INFO - Epoch  52/200 | Time:  8.07s | Loss: 0.3986 | BPR: 0.3342 | ILE: 0.0645 | L_H: 0.3095 L_M: 0.3806 L_T: 0.3812
2026-07-13 19:25:58 - ile_std_lambda_1.0 - INFO - Epoch  53/200 | Time:  8.43s | Loss: 0.3964 | BPR: 0.3311 | ILE: 0.0653 | L_H: 0.3059 L_M: 0.3784 L_T: 0.3781
2026-07-13 19:26:06 - ile_std_lambda_1.0 - INFO - Epoch  54/200 | Time:  8.32s | Loss: 0.3928 | BPR: 0.3282 | ILE: 0.0647 | L_H: 0.3029 L_M: 0.3755 L_T: 0.3704
2026-07-13 19:26:14 - ile_std_lambda_1.0 - INFO - Epoch  55/200 | Time:  8.25s | Loss: 0.3899 | BPR: 0.3263 | ILE: 0.0636 | L_H: 0.3009 L_M: 0.3740 L_T: 0.3685
2026-07-13 19:26:22 - ile_std_lambda_1.0 - INFO - Epoch  56/200 | Time:  8.06s | Loss: 0.3878 | BPR: 0.3233 | ILE: 0.0645 | L_H: 0.2983 L_M: 0.3702 L_T: 0.3654
2026-07-13 19:26:31 - ile_std_lambda_1.0 - INFO - Epoch  57/200 | Time:  8.26s | Loss: 0.3861 | BPR: 0.3208 | ILE: 0.0653 | L_H: 0.2960 L_M: 0.3672 L_T: 0.3666
2026-07-13 19:26:39 - ile_std_lambda_1.0 - INFO - Epoch  58/200 | Time:  8.18s | Loss: 0.3821 | BPR: 0.3176 | ILE: 0.0645 | L_H: 0.2930 L_M: 0.3638 L_T: 0.3610
2026-07-13 19:26:47 - ile_std_lambda_1.0 - INFO - Epoch  59/200 | Time:  8.22s | Loss: 0.3807 | BPR: 0.3158 | ILE: 0.0649 | L_H: 0.2905 L_M: 0.3632 L_T: 0.3570
2026-07-13 19:27:06 - ile_std_lambda_1.0 - INFO - Epoch  60/200 | Time:  8.34s | Loss: 0.3788 | BPR: 0.3137 | ILE: 0.0651 | Dist: 0.0651 | L_H: 0.2891 L_M: 0.3599 L_T: 0.3582 | nDCG: 0.2537 | UPD: 0.2596 | AD: 0.2701 | EE: 0.0338
2026-07-13 19:27:06 - ile_std_lambda_1.0 - INFO - Checkpoint saved: ./checkpoints/ile_std_lambda_1.0/checkpoint_epoch_60.pt
2026-07-13 19:27:06 - ile_std_lambda_1.0 - INFO - Checkpoint saved: ./checkpoints/ile_std_lambda_1.0/best_model.pt
2026-07-13 19:27:06 - ile_std_lambda_1.0 - INFO -   New best nDCG: 0.2537 (saved as best_model.pt)
2026-07-13 19:27:14 - ile_std_lambda_1.0 - INFO - Epoch  61/200 | Time:  8.26s | Loss: 0.3757 | BPR: 0.3114 | ILE: 0.0643 | L_H: 0.2870 L_M: 0.3570 L_T: 0.3528
2026-07-13 19:27:23 - ile_std_lambda_1.0 - INFO - Epoch  62/200 | Time:  8.30s | Loss: 0.3737 | BPR: 0.3095 | ILE: 0.0642 | L_H: 0.2845 L_M: 0.3563 L_T: 0.3470
2026-07-13 19:27:31 - ile_std_lambda_1.0 - INFO - Epoch  63/200 | Time:  8.17s | Loss: 0.3715 | BPR: 0.3075 | ILE: 0.0640 | L_H: 0.2832 L_M: 0.3531 L_T: 0.3479
2026-07-13 19:27:39 - ile_std_lambda_1.0 - INFO - Epoch  64/200 | Time:  8.33s | Loss: 0.3697 | BPR: 0.3046 | ILE: 0.0651 | L_H: 0.2804 L_M: 0.3502 L_T: 0.3434
2026-07-13 19:27:48 - ile_std_lambda_1.0 - INFO - Epoch  65/200 | Time:  8.44s | Loss: 0.3647 | BPR: 0.3025 | ILE: 0.0622 | L_H: 0.2782 L_M: 0.3484 L_T: 0.3356
2026-07-13 19:27:56 - ile_std_lambda_1.0 - INFO - Epoch  66/200 | Time:  8.22s | Loss: 0.3674 | BPR: 0.3004 | ILE: 0.0670 | L_H: 0.2755 L_M: 0.3471 L_T: 0.3384
2026-07-13 19:28:04 - ile_std_lambda_1.0 - INFO - Epoch  67/200 | Time:  8.43s | Loss: 0.3625 | BPR: 0.2984 | ILE: 0.0641 | L_H: 0.2740 L_M: 0.3443 L_T: 0.3358
2026-07-13 19:28:13 - ile_std_lambda_1.0 - INFO - Epoch  68/200 | Time:  8.44s | Loss: 0.3613 | BPR: 0.2957 | ILE: 0.0656 | L_H: 0.2716 L_M: 0.3411 L_T: 0.3336
2026-07-13 19:28:21 - ile_std_lambda_1.0 - INFO - Epoch  69/200 | Time:  8.37s | Loss: 0.3586 | BPR: 0.2948 | ILE: 0.0638 | L_H: 0.2698 L_M: 0.3418 L_T: 0.3316
2026-07-13 19:28:40 - ile_std_lambda_1.0 - INFO - Epoch  70/200 | Time:  8.16s | Loss: 0.3576 | BPR: 0.2927 | ILE: 0.0648 | Dist: 0.0648 | L_H: 0.2682 L_M: 0.3387 L_T: 0.3258 | nDCG: 0.2630 | UPD: 0.2522 | AD: 0.3006 | EE: 0.0409
2026-07-13 19:28:40 - ile_std_lambda_1.0 - INFO - Checkpoint saved: ./checkpoints/ile_std_lambda_1.0/checkpoint_epoch_70.pt
2026-07-13 19:28:40 - ile_std_lambda_1.0 - INFO - Checkpoint saved: ./checkpoints/ile_std_lambda_1.0/best_model.pt
2026-07-13 19:28:40 - ile_std_lambda_1.0 - INFO -   New best nDCG: 0.2630 (saved as best_model.pt)
2026-07-13 19:28:48 - ile_std_lambda_1.0 - INFO - Epoch  71/200 | Time:  8.32s | Loss: 0.3579 | BPR: 0.2913 | ILE: 0.0666 | L_H: 0.2669 L_M: 0.3374 L_T: 0.3233
2026-07-13 19:28:57 - ile_std_lambda_1.0 - INFO - Epoch  72/200 | Time:  8.25s | Loss: 0.3550 | BPR: 0.2887 | ILE: 0.0663 | L_H: 0.2638 L_M: 0.3355 L_T: 0.3269
2026-07-13 19:29:05 - ile_std_lambda_1.0 - INFO - Epoch  73/200 | Time:  8.29s | Loss: 0.3521 | BPR: 0.2868 | ILE: 0.0652 | L_H: 0.2618 L_M: 0.3339 L_T: 0.3185
2026-07-13 19:29:13 - ile_std_lambda_1.0 - INFO - Epoch  74/200 | Time:  8.04s | Loss: 0.3492 | BPR: 0.2852 | ILE: 0.0640 | L_H: 0.2606 L_M: 0.3315 L_T: 0.3170
2026-07-13 19:29:21 - ile_std_lambda_1.0 - INFO - Epoch  75/200 | Time:  8.17s | Loss: 0.3455 | BPR: 0.2836 | ILE: 0.0619 | L_H: 0.2600 L_M: 0.3279 L_T: 0.3152
2026-07-13 19:29:29 - ile_std_lambda_1.0 - INFO - Epoch  76/200 | Time:  8.18s | Loss: 0.3478 | BPR: 0.2816 | ILE: 0.0663 | L_H: 0.2576 L_M: 0.3266 L_T: 0.3208
2026-07-13 19:29:37 - ile_std_lambda_1.0 - INFO - Epoch  77/200 | Time:  8.09s | Loss: 0.3454 | BPR: 0.2806 | ILE: 0.0648 | L_H: 0.2567 L_M: 0.3255 L_T: 0.3113
2026-07-13 19:29:46 - ile_std_lambda_1.0 - INFO - Epoch  78/200 | Time:  8.29s | Loss: 0.3433 | BPR: 0.2786 | ILE: 0.0647 | L_H: 0.2545 L_M: 0.3239 L_T: 0.3123
2026-07-13 19:29:54 - ile_std_lambda_1.0 - INFO - Epoch  79/200 | Time:  8.23s | Loss: 0.3412 | BPR: 0.2767 | ILE: 0.0645 | L_H: 0.2528 L_M: 0.3217 L_T: 0.3104
2026-07-13 19:30:13 - ile_std_lambda_1.0 - INFO - Epoch  80/200 | Time:  8.19s | Loss: 0.3404 | BPR: 0.2753 | ILE: 0.0651 | Dist: 0.0651 | L_H: 0.2515 L_M: 0.3204 L_T: 0.3031 | nDCG: 0.2710 | UPD: 0.2495 | AD: 0.3225 | EE: 0.0475
2026-07-13 19:30:13 - ile_std_lambda_1.0 - INFO - Checkpoint saved: ./checkpoints/ile_std_lambda_1.0/checkpoint_epoch_80.pt
2026-07-13 19:30:13 - ile_std_lambda_1.0 - INFO - Checkpoint saved: ./checkpoints/ile_std_lambda_1.0/best_model.pt
2026-07-13 19:30:13 - ile_std_lambda_1.0 - INFO -   New best nDCG: 0.2710 (saved as best_model.pt)
2026-07-13 19:30:21 - ile_std_lambda_1.0 - INFO - Epoch  81/200 | Time:  8.16s | Loss: 0.3392 | BPR: 0.2741 | ILE: 0.0651 | L_H: 0.2495 L_M: 0.3205 L_T: 0.3069
2026-07-13 19:30:29 - ile_std_lambda_1.0 - INFO - Epoch  82/200 | Time:  8.27s | Loss: 0.3368 | BPR: 0.2722 | ILE: 0.0646 | L_H: 0.2484 L_M: 0.3169 L_T: 0.3035
2026-07-13 19:30:38 - ile_std_lambda_1.0 - INFO - Epoch  83/200 | Time:  8.28s | Loss: 0.3332 | BPR: 0.2705 | ILE: 0.0627 | L_H: 0.2470 L_M: 0.3148 L_T: 0.3032
2026-07-13 19:30:46 - ile_std_lambda_1.0 - INFO - Epoch  84/200 | Time:  8.24s | Loss: 0.3346 | BPR: 0.2698 | ILE: 0.0648 | L_H: 0.2458 L_M: 0.3150 L_T: 0.2933
2026-07-13 19:30:54 - ile_std_lambda_1.0 - INFO - Epoch  85/200 | Time:  8.38s | Loss: 0.3310 | BPR: 0.2681 | ILE: 0.0629 | L_H: 0.2445 L_M: 0.3128 L_T: 0.2953
2026-07-13 19:31:03 - ile_std_lambda_1.0 - INFO - Epoch  86/200 | Time:  8.40s | Loss: 0.3305 | BPR: 0.2663 | ILE: 0.0642 | L_H: 0.2428 L_M: 0.3104 L_T: 0.2957
2026-07-13 19:31:11 - ile_std_lambda_1.0 - INFO - Epoch  87/200 | Time:  8.35s | Loss: 0.3294 | BPR: 0.2649 | ILE: 0.0644 | L_H: 0.2414 L_M: 0.3094 L_T: 0.2923
2026-07-13 19:31:19 - ile_std_lambda_1.0 - INFO - Epoch  88/200 | Time:  8.09s | Loss: 0.3307 | BPR: 0.2643 | ILE: 0.0664 | L_H: 0.2410 L_M: 0.3080 L_T: 0.2986
2026-07-13 19:31:28 - ile_std_lambda_1.0 - INFO - Epoch  89/200 | Time:  8.49s | Loss: 0.3277 | BPR: 0.2624 | ILE: 0.0653 | L_H: 0.2394 L_M: 0.3059 L_T: 0.2906
2026-07-13 19:31:47 - ile_std_lambda_1.0 - INFO - Epoch  90/200 | Time:  8.30s | Loss: 0.3258 | BPR: 0.2617 | ILE: 0.0640 | Dist: 0.0640 | L_H: 0.2386 L_M: 0.3054 L_T: 0.2911 | nDCG: 0.2747 | UPD: 0.2456 | AD: 0.3548 | EE: 0.0543
2026-07-13 19:31:47 - ile_std_lambda_1.0 - INFO - Checkpoint saved: ./checkpoints/ile_std_lambda_1.0/checkpoint_epoch_90.pt
2026-07-13 19:31:47 - ile_std_lambda_1.0 - INFO - Checkpoint saved: ./checkpoints/ile_std_lambda_1.0/best_model.pt
2026-07-13 19:31:47 - ile_std_lambda_1.0 - INFO -   New best nDCG: 0.2747 (saved as best_model.pt)
2026-07-13 19:31:55 - ile_std_lambda_1.0 - INFO - Epoch  91/200 | Time:  8.44s | Loss: 0.3201 | BPR: 0.2601 | ILE: 0.0600 | L_H: 0.2371 L_M: 0.3033 L_T: 0.2835
2026-07-13 19:32:03 - ile_std_lambda_1.0 - INFO - Epoch  92/200 | Time:  8.31s | Loss: 0.3213 | BPR: 0.2587 | ILE: 0.0627 | L_H: 0.2356 L_M: 0.3021 L_T: 0.2853
2026-07-13 19:32:12 - ile_std_lambda_1.0 - INFO - Epoch  93/200 | Time:  8.41s | Loss: 0.3208 | BPR: 0.2581 | ILE: 0.0626 | L_H: 0.2353 L_M: 0.3012 L_T: 0.2871
2026-07-13 19:32:20 - ile_std_lambda_1.0 - INFO - Epoch  94/200 | Time:  8.41s | Loss: 0.3189 | BPR: 0.2568 | ILE: 0.0622 | L_H: 0.2335 L_M: 0.3008 L_T: 0.2818
2026-07-13 19:32:28 - ile_std_lambda_1.0 - INFO - Epoch  95/200 | Time:  7.98s | Loss: 0.3234 | BPR: 0.2558 | ILE: 0.0676 | L_H: 0.2326 L_M: 0.2995 L_T: 0.2880
2026-07-13 19:32:37 - ile_std_lambda_1.0 - INFO - Epoch  96/200 | Time:  8.41s | Loss: 0.3164 | BPR: 0.2535 | ILE: 0.0628 | L_H: 0.2309 L_M: 0.2963 L_T: 0.2750
2026-07-13 19:32:45 - ile_std_lambda_1.0 - INFO - Epoch  97/200 | Time:  8.29s | Loss: 0.3138 | BPR: 0.2531 | ILE: 0.0606 | L_H: 0.2308 L_M: 0.2954 L_T: 0.2714
2026-07-13 19:32:53 - ile_std_lambda_1.0 - INFO - Epoch  98/200 | Time:  8.51s | Loss: 0.3140 | BPR: 0.2515 | ILE: 0.0626 | L_H: 0.2287 L_M: 0.2943 L_T: 0.2756
2026-07-13 19:33:01 - ile_std_lambda_1.0 - INFO - Epoch  99/200 | Time:  8.03s | Loss: 0.3131 | BPR: 0.2500 | ILE: 0.0631 | L_H: 0.2279 L_M: 0.2916 L_T: 0.2719
2026-07-13 19:33:21 - ile_std_lambda_1.0 - INFO - Epoch 100/200 | Time:  8.45s | Loss: 0.3108 | BPR: 0.2489 | ILE: 0.0619 | Dist: 0.0619 | L_H: 0.2264 L_M: 0.2912 L_T: 0.2728 | nDCG: 0.2800 | UPD: 0.2425 | AD: 0.3648 | EE: 0.0607
2026-07-13 19:33:21 - ile_std_lambda_1.0 - INFO - Checkpoint saved: ./checkpoints/ile_std_lambda_1.0/checkpoint_epoch_100.pt
2026-07-13 19:33:21 - ile_std_lambda_1.0 - INFO - Checkpoint saved: ./checkpoints/ile_std_lambda_1.0/best_model.pt
2026-07-13 19:33:21 - ile_std_lambda_1.0 - INFO -   New best nDCG: 0.2800 (saved as best_model.pt)
2026-07-13 19:33:29 - ile_std_lambda_1.0 - INFO - Epoch 101/200 | Time:  8.29s | Loss: 0.3109 | BPR: 0.2474 | ILE: 0.0635 | L_H: 0.2252 L_M: 0.2894 L_T: 0.2696
2026-07-13 19:33:37 - ile_std_lambda_1.0 - INFO - Epoch 102/200 | Time:  8.46s | Loss: 0.3109 | BPR: 0.2466 | ILE: 0.0643 | L_H: 0.2239 L_M: 0.2893 L_T: 0.2698
2026-07-13 19:33:45 - ile_std_lambda_1.0 - INFO - Epoch 103/200 | Time:  8.14s | Loss: 0.3095 | BPR: 0.2456 | ILE: 0.0639 | L_H: 0.2231 L_M: 0.2881 L_T: 0.2740
2026-07-13 19:33:54 - ile_std_lambda_1.0 - INFO - Epoch 104/200 | Time:  8.30s | Loss: 0.3090 | BPR: 0.2451 | ILE: 0.0639 | L_H: 0.2228 L_M: 0.2872 L_T: 0.2711
2026-07-13 19:34:02 - ile_std_lambda_1.0 - INFO - Epoch 105/200 | Time:  8.38s | Loss: 0.3054 | BPR: 0.2439 | ILE: 0.0614 | L_H: 0.2219 L_M: 0.2856 L_T: 0.2634
2026-07-13 19:34:10 - ile_std_lambda_1.0 - INFO - Epoch 106/200 | Time:  8.22s | Loss: 0.3032 | BPR: 0.2419 | ILE: 0.0614 | L_H: 0.2196 L_M: 0.2839 L_T: 0.2632
2026-07-13 19:34:19 - ile_std_lambda_1.0 - INFO - Epoch 107/200 | Time:  8.38s | Loss: 0.3054 | BPR: 0.2417 | ILE: 0.0637 | L_H: 0.2197 L_M: 0.2832 L_T: 0.2696
2026-07-13 19:34:27 - ile_std_lambda_1.0 - INFO - Epoch 108/200 | Time:  8.28s | Loss: 0.3017 | BPR: 0.2406 | ILE: 0.0611 | L_H: 0.2189 L_M: 0.2816 L_T: 0.2642
2026-07-13 19:34:35 - ile_std_lambda_1.0 - INFO - Epoch 109/200 | Time:  8.36s | Loss: 0.3033 | BPR: 0.2396 | ILE: 0.0637 | L_H: 0.2181 L_M: 0.2803 L_T: 0.2650
2026-07-13 19:34:54 - ile_std_lambda_1.0 - INFO - Epoch 110/200 | Time:  8.15s | Loss: 0.3028 | BPR: 0.2388 | ILE: 0.0641 | Dist: 0.0641 | L_H: 0.2169 L_M: 0.2799 L_T: 0.2669 | nDCG: 0.2836 | UPD: 0.2384 | AD: 0.3834 | EE: 0.0685
2026-07-13 19:34:54 - ile_std_lambda_1.0 - INFO - Checkpoint saved: ./checkpoints/ile_std_lambda_1.0/checkpoint_epoch_110.pt
2026-07-13 19:34:54 - ile_std_lambda_1.0 - INFO - Checkpoint saved: ./checkpoints/ile_std_lambda_1.0/best_model.pt
2026-07-13 19:34:54 - ile_std_lambda_1.0 - INFO -   New best nDCG: 0.2836 (saved as best_model.pt)
2026-07-13 19:35:03 - ile_std_lambda_1.0 - INFO - Epoch 111/200 | Time:  8.44s | Loss: 0.3040 | BPR: 0.2380 | ILE: 0.0661 | L_H: 0.2160 L_M: 0.2793 L_T: 0.2669
2026-07-13 19:35:11 - ile_std_lambda_1.0 - INFO - Epoch 112/200 | Time:  8.46s | Loss: 0.2985 | BPR: 0.2366 | ILE: 0.0619 | L_H: 0.2152 L_M: 0.2770 L_T: 0.2633
2026-07-13 19:35:20 - ile_std_lambda_1.0 - INFO - Epoch 113/200 | Time:  8.36s | Loss: 0.2969 | BPR: 0.2362 | ILE: 0.0608 | L_H: 0.2142 L_M: 0.2777 L_T: 0.2499
2026-07-13 19:35:28 - ile_std_lambda_1.0 - INFO - Epoch 114/200 | Time:  8.19s | Loss: 0.2981 | BPR: 0.2358 | ILE: 0.0623 | L_H: 0.2145 L_M: 0.2762 L_T: 0.2574
2026-07-13 19:35:36 - ile_std_lambda_1.0 - INFO - Epoch 115/200 | Time:  8.29s | Loss: 0.2947 | BPR: 0.2339 | ILE: 0.0608 | L_H: 0.2121 L_M: 0.2753 L_T: 0.2518
2026-07-13 19:35:44 - ile_std_lambda_1.0 - INFO - Epoch 116/200 | Time:  8.28s | Loss: 0.2943 | BPR: 0.2332 | ILE: 0.0610 | L_H: 0.2117 L_M: 0.2740 L_T: 0.2521
2026-07-13 19:35:52 - ile_std_lambda_1.0 - INFO - Epoch 117/200 | Time:  8.05s | Loss: 0.2929 | BPR: 0.2324 | ILE: 0.0605 | L_H: 0.2113 L_M: 0.2723 L_T: 0.2538
2026-07-13 19:36:01 - ile_std_lambda_1.0 - INFO - Epoch 118/200 | Time:  8.33s | Loss: 0.2908 | BPR: 0.2314 | ILE: 0.0594 | L_H: 0.2107 L_M: 0.2705 L_T: 0.2512
2026-07-13 19:36:09 - ile_std_lambda_1.0 - INFO - Epoch 119/200 | Time:  8.25s | Loss: 0.2902 | BPR: 0.2301 | ILE: 0.0600 | L_H: 0.2095 L_M: 0.2690 L_T: 0.2518
2026-07-13 19:36:28 - ile_std_lambda_1.0 - INFO - Epoch 120/200 | Time:  8.63s | Loss: 0.2905 | BPR: 0.2302 | ILE: 0.0603 | Dist: 0.0603 | L_H: 0.2093 L_M: 0.2696 L_T: 0.2490 | nDCG: 0.2871 | UPD: 0.2366 | AD: 0.4010 | EE: 0.0743
2026-07-13 19:36:28 - ile_std_lambda_1.0 - INFO - Checkpoint saved: ./checkpoints/ile_std_lambda_1.0/checkpoint_epoch_120.pt
2026-07-13 19:36:28 - ile_std_lambda_1.0 - INFO - Checkpoint saved: ./checkpoints/ile_std_lambda_1.0/best_model.pt
2026-07-13 19:36:28 - ile_std_lambda_1.0 - INFO -   New best nDCG: 0.2871 (saved as best_model.pt)
2026-07-13 19:36:37 - ile_std_lambda_1.0 - INFO - Epoch 121/200 | Time:  8.17s | Loss: 0.2887 | BPR: 0.2286 | ILE: 0.0601 | L_H: 0.2079 L_M: 0.2678 L_T: 0.2508
2026-07-13 19:36:45 - ile_std_lambda_1.0 - INFO - Epoch 122/200 | Time:  8.61s | Loss: 0.2892 | BPR: 0.2277 | ILE: 0.0615 | L_H: 0.2071 L_M: 0.2666 L_T: 0.2502
2026-07-13 19:36:54 - ile_std_lambda_1.0 - INFO - Epoch 123/200 | Time:  8.37s | Loss: 0.2873 | BPR: 0.2273 | ILE: 0.0600 | L_H: 0.2066 L_M: 0.2665 L_T: 0.2501
2026-07-13 19:37:02 - ile_std_lambda_1.0 - INFO - Epoch 124/200 | Time:  8.12s | Loss: 0.2849 | BPR: 0.2268 | ILE: 0.0581 | L_H: 0.2065 L_M: 0.2652 L_T: 0.2418
2026-07-13 19:37:10 - ile_std_lambda_1.0 - INFO - Epoch 125/200 | Time:  8.35s | Loss: 0.2864 | BPR: 0.2249 | ILE: 0.0615 | L_H: 0.2047 L_M: 0.2629 L_T: 0.2500
2026-07-13 19:37:18 - ile_std_lambda_1.0 - INFO - Epoch 126/200 | Time:  8.28s | Loss: 0.2829 | BPR: 0.2238 | ILE: 0.0592 | L_H: 0.2035 L_M: 0.2622 L_T: 0.2379
2026-07-13 19:37:27 - ile_std_lambda_1.0 - INFO - Epoch 127/200 | Time:  8.51s | Loss: 0.2851 | BPR: 0.2239 | ILE: 0.0612 | L_H: 0.2035 L_M: 0.2623 L_T: 0.2495
2026-07-13 19:37:35 - ile_std_lambda_1.0 - INFO - Epoch 128/200 | Time:  8.20s | Loss: 0.2816 | BPR: 0.2223 | ILE: 0.0594 | L_H: 0.2021 L_M: 0.2605 L_T: 0.2377
2026-07-13 19:37:44 - ile_std_lambda_1.0 - INFO - Epoch 129/200 | Time:  8.56s | Loss: 0.2846 | BPR: 0.2228 | ILE: 0.0619 | L_H: 0.2024 L_M: 0.2611 L_T: 0.2450
2026-07-13 19:38:03 - ile_std_lambda_1.0 - INFO - Epoch 130/200 | Time:  8.37s | Loss: 0.2802 | BPR: 0.2209 | ILE: 0.0593 | Dist: 0.0593 | L_H: 0.2005 L_M: 0.2595 L_T: 0.2371 | nDCG: 0.2928 | UPD: 0.2340 | AD: 0.4223 | EE: 0.0808
2026-07-13 19:38:03 - ile_std_lambda_1.0 - INFO - Checkpoint saved: ./checkpoints/ile_std_lambda_1.0/checkpoint_epoch_130.pt
2026-07-13 19:38:03 - ile_std_lambda_1.0 - INFO - Checkpoint saved: ./checkpoints/ile_std_lambda_1.0/best_model.pt
2026-07-13 19:38:03 - ile_std_lambda_1.0 - INFO -   New best nDCG: 0.2928 (saved as best_model.pt)
2026-07-13 19:38:11 - ile_std_lambda_1.0 - INFO - Epoch 131/200 | Time:  8.21s | Loss: 0.2795 | BPR: 0.2202 | ILE: 0.0593 | L_H: 0.2000 L_M: 0.2585 L_T: 0.2389
2026-07-13 19:38:19 - ile_std_lambda_1.0 - INFO - Epoch 132/200 | Time:  8.11s | Loss: 0.2815 | BPR: 0.2203 | ILE: 0.0612 | L_H: 0.2006 L_M: 0.2575 L_T: 0.2451
2026-07-13 19:38:28 - ile_std_lambda_1.0 - INFO - Epoch 133/200 | Time:  8.50s | Loss: 0.2792 | BPR: 0.2189 | ILE: 0.0603 | L_H: 0.1988 L_M: 0.2568 L_T: 0.2383
2026-07-13 19:38:36 - ile_std_lambda_1.0 - INFO - Epoch 134/200 | Time:  8.49s | Loss: 0.2761 | BPR: 0.2178 | ILE: 0.0583 | L_H: 0.1979 L_M: 0.2555 L_T: 0.2329
2026-07-13 19:38:44 - ile_std_lambda_1.0 - INFO - Epoch 135/200 | Time:  8.09s | Loss: 0.2796 | BPR: 0.2170 | ILE: 0.0627 | L_H: 0.1972 L_M: 0.2543 L_T: 0.2423
2026-07-13 19:38:53 - ile_std_lambda_1.0 - INFO - Epoch 136/200 | Time:  8.34s | Loss: 0.2765 | BPR: 0.2160 | ILE: 0.0605 | L_H: 0.1958 L_M: 0.2542 L_T: 0.2293
2026-07-13 19:39:01 - ile_std_lambda_1.0 - INFO - Epoch 137/200 | Time:  8.45s | Loss: 0.2756 | BPR: 0.2153 | ILE: 0.0603 | L_H: 0.1953 L_M: 0.2532 L_T: 0.2360
2026-07-13 19:39:09 - ile_std_lambda_1.0 - INFO - Epoch 138/200 | Time:  8.17s | Loss: 0.2749 | BPR: 0.2151 | ILE: 0.0598 | L_H: 0.1950 L_M: 0.2530 L_T: 0.2356
2026-07-13 19:39:18 - ile_std_lambda_1.0 - INFO - Epoch 139/200 | Time:  8.40s | Loss: 0.2717 | BPR: 0.2140 | ILE: 0.0577 | L_H: 0.1948 L_M: 0.2505 L_T: 0.2234
2026-07-13 19:39:37 - ile_std_lambda_1.0 - INFO - Epoch 140/200 | Time:  8.55s | Loss: 0.2729 | BPR: 0.2135 | ILE: 0.0594 | Dist: 0.0594 | L_H: 0.1934 L_M: 0.2515 L_T: 0.2348 | nDCG: 0.2960 | UPD: 0.2307 | AD: 0.4352 | EE: 0.0861
2026-07-13 19:39:37 - ile_std_lambda_1.0 - INFO - Checkpoint saved: ./checkpoints/ile_std_lambda_1.0/checkpoint_epoch_140.pt
2026-07-13 19:39:37 - ile_std_lambda_1.0 - INFO - Checkpoint saved: ./checkpoints/ile_std_lambda_1.0/best_model.pt
2026-07-13 19:39:37 - ile_std_lambda_1.0 - INFO -   New best nDCG: 0.2960 (saved as best_model.pt)
2026-07-13 19:39:45 - ile_std_lambda_1.0 - INFO - Epoch 141/200 | Time:  8.41s | Loss: 0.2719 | BPR: 0.2127 | ILE: 0.0592 | L_H: 0.1933 L_M: 0.2496 L_T: 0.2254
2026-07-13 19:39:53 - ile_std_lambda_1.0 - INFO - Epoch 142/200 | Time:  8.09s | Loss: 0.2677 | BPR: 0.2113 | ILE: 0.0564 | L_H: 0.1915 L_M: 0.2489 L_T: 0.2265
2026-07-13 19:40:02 - ile_std_lambda_1.0 - INFO - Epoch 143/200 | Time:  8.29s | Loss: 0.2700 | BPR: 0.2111 | ILE: 0.0589 | L_H: 0.1917 L_M: 0.2478 L_T: 0.2304
2026-07-13 19:40:10 - ile_std_lambda_1.0 - INFO - Epoch 144/200 | Time:  8.33s | Loss: 0.2701 | BPR: 0.2109 | ILE: 0.0592 | L_H: 0.1920 L_M: 0.2465 L_T: 0.2315
2026-07-13 19:40:18 - ile_std_lambda_1.0 - INFO - Epoch 145/200 | Time:  8.28s | Loss: 0.2677 | BPR: 0.2099 | ILE: 0.0578 | L_H: 0.1911 L_M: 0.2456 L_T: 0.2223
2026-07-13 19:40:27 - ile_std_lambda_1.0 - INFO - Epoch 146/200 | Time:  8.22s | Loss: 0.2661 | BPR: 0.2098 | ILE: 0.0563 | L_H: 0.1906 L_M: 0.2460 L_T: 0.2236
2026-07-13 19:40:35 - ile_std_lambda_1.0 - INFO - Epoch 147/200 | Time:  8.30s | Loss: 0.2644 | BPR: 0.2084 | ILE: 0.0560 | L_H: 0.1896 L_M: 0.2441 L_T: 0.2230
2026-07-13 19:40:43 - ile_std_lambda_1.0 - INFO - Epoch 148/200 | Time:  8.55s | Loss: 0.2667 | BPR: 0.2070 | ILE: 0.0598 | L_H: 0.1882 L_M: 0.2425 L_T: 0.2220
2026-07-13 19:40:52 - ile_std_lambda_1.0 - INFO - Epoch 149/200 | Time:  8.37s | Loss: 0.2646 | BPR: 0.2072 | ILE: 0.0574 | L_H: 0.1882 L_M: 0.2432 L_T: 0.2238
2026-07-13 19:41:11 - ile_std_lambda_1.0 - INFO - Epoch 150/200 | Time:  8.32s | Loss: 0.2641 | BPR: 0.2064 | ILE: 0.0577 | Dist: 0.0577 | L_H: 0.1876 L_M: 0.2418 L_T: 0.2228 | nDCG: 0.2997 | UPD: 0.2262 | AD: 0.4522 | EE: 0.0914
2026-07-13 19:41:11 - ile_std_lambda_1.0 - INFO - Checkpoint saved: ./checkpoints/ile_std_lambda_1.0/checkpoint_epoch_150.pt
2026-07-13 19:41:11 - ile_std_lambda_1.0 - INFO - Checkpoint saved: ./checkpoints/ile_std_lambda_1.0/best_model.pt
2026-07-13 19:41:11 - ile_std_lambda_1.0 - INFO -   New best nDCG: 0.2997 (saved as best_model.pt)
2026-07-13 19:41:19 - ile_std_lambda_1.0 - INFO - Epoch 151/200 | Time:  8.36s | Loss: 0.2617 | BPR: 0.2052 | ILE: 0.0565 | L_H: 0.1864 L_M: 0.2408 L_T: 0.2210
2026-07-13 19:41:28 - ile_std_lambda_1.0 - INFO - Epoch 152/200 | Time:  8.36s | Loss: 0.2614 | BPR: 0.2050 | ILE: 0.0563 | L_H: 0.1864 L_M: 0.2403 L_T: 0.2209
2026-07-13 19:41:36 - ile_std_lambda_1.0 - INFO - Epoch 153/200 | Time:  8.28s | Loss: 0.2598 | BPR: 0.2042 | ILE: 0.0556 | L_H: 0.1864 L_M: 0.2378 L_T: 0.2159
2026-07-13 19:41:44 - ile_std_lambda_1.0 - INFO - Epoch 154/200 | Time:  8.50s | Loss: 0.2619 | BPR: 0.2034 | ILE: 0.0585 | L_H: 0.1847 L_M: 0.2387 L_T: 0.2228
2026-07-13 19:41:53 - ile_std_lambda_1.0 - INFO - Epoch 155/200 | Time:  8.50s | Loss: 0.2580 | BPR: 0.2024 | ILE: 0.0556 | L_H: 0.1840 L_M: 0.2371 L_T: 0.2147
2026-07-13 19:42:01 - ile_std_lambda_1.0 - INFO - Epoch 156/200 | Time:  8.47s | Loss: 0.2598 | BPR: 0.2022 | ILE: 0.0576 | L_H: 0.1838 L_M: 0.2370 L_T: 0.2162
2026-07-13 19:42:10 - ile_std_lambda_1.0 - INFO - Epoch 157/200 | Time:  8.29s | Loss: 0.2580 | BPR: 0.2017 | ILE: 0.0563 | L_H: 0.1830 L_M: 0.2371 L_T: 0.2083
2026-07-13 19:42:18 - ile_std_lambda_1.0 - INFO - Epoch 158/200 | Time:  8.33s | Loss: 0.2593 | BPR: 0.2013 | ILE: 0.0580 | L_H: 0.1827 L_M: 0.2366 L_T: 0.2192
2026-07-13 19:42:26 - ile_std_lambda_1.0 - INFO - Epoch 159/200 | Time:  8.45s | Loss: 0.2564 | BPR: 0.1999 | ILE: 0.0565 | L_H: 0.1818 L_M: 0.2340 L_T: 0.2139
2026-07-13 19:42:45 - ile_std_lambda_1.0 - INFO - Epoch 160/200 | Time:  8.13s | Loss: 0.2565 | BPR: 0.1996 | ILE: 0.0569 | Dist: 0.0569 | L_H: 0.1817 L_M: 0.2332 L_T: 0.2170 | nDCG: 0.3022 | UPD: 0.2222 | AD: 0.4706 | EE: 0.0980
2026-07-13 19:42:45 - ile_std_lambda_1.0 - INFO - Checkpoint saved: ./checkpoints/ile_std_lambda_1.0/checkpoint_epoch_160.pt
2026-07-13 19:42:45 - ile_std_lambda_1.0 - INFO - Checkpoint saved: ./checkpoints/ile_std_lambda_1.0/best_model.pt
2026-07-13 19:42:45 - ile_std_lambda_1.0 - INFO -   New best nDCG: 0.3022 (saved as best_model.pt)
2026-07-13 19:42:54 - ile_std_lambda_1.0 - INFO - Epoch 161/200 | Time:  8.36s | Loss: 0.2548 | BPR: 0.1988 | ILE: 0.0560 | L_H: 0.1809 L_M: 0.2328 L_T: 0.2106
2026-07-13 19:43:02 - ile_std_lambda_1.0 - INFO - Epoch 162/200 | Time:  8.55s | Loss: 0.2541 | BPR: 0.1985 | ILE: 0.0556 | L_H: 0.1802 L_M: 0.2331 L_T: 0.2147
2026-07-13 19:43:10 - ile_std_lambda_1.0 - INFO - Epoch 163/200 | Time:  8.34s | Loss: 0.2516 | BPR: 0.1979 | ILE: 0.0537 | L_H: 0.1803 L_M: 0.2313 L_T: 0.2074
2026-07-13 19:43:19 - ile_std_lambda_1.0 - INFO - Epoch 164/200 | Time:  8.28s | Loss: 0.2513 | BPR: 0.1965 | ILE: 0.0547 | L_H: 0.1792 L_M: 0.2293 L_T: 0.2117
2026-07-13 19:43:27 - ile_std_lambda_1.0 - INFO - Epoch 165/200 | Time:  8.45s | Loss: 0.2518 | BPR: 0.1966 | ILE: 0.0552 | L_H: 0.1793 L_M: 0.2294 L_T: 0.2044
2026-07-13 19:43:36 - ile_std_lambda_1.0 - INFO - Epoch 166/200 | Time:  8.33s | Loss: 0.2513 | BPR: 0.1961 | ILE: 0.0552 | L_H: 0.1787 L_M: 0.2291 L_T: 0.2087
2026-07-13 19:43:44 - ile_std_lambda_1.0 - INFO - Epoch 167/200 | Time:  8.26s | Loss: 0.2491 | BPR: 0.1949 | ILE: 0.0542 | L_H: 0.1774 L_M: 0.2282 L_T: 0.2039
2026-07-13 19:43:52 - ile_std_lambda_1.0 - INFO - Epoch 168/200 | Time:  8.64s | Loss: 0.2523 | BPR: 0.1943 | ILE: 0.0580 | L_H: 0.1766 L_M: 0.2276 L_T: 0.2139
2026-07-13 19:44:01 - ile_std_lambda_1.0 - INFO - Epoch 169/200 | Time:  8.29s | Loss: 0.2519 | BPR: 0.1941 | ILE: 0.0578 | L_H: 0.1766 L_M: 0.2271 L_T: 0.2104
2026-07-13 19:44:20 - ile_std_lambda_1.0 - INFO - Epoch 170/200 | Time:  8.11s | Loss: 0.2484 | BPR: 0.1934 | ILE: 0.0550 | Dist: 0.0550 | L_H: 0.1759 L_M: 0.2265 L_T: 0.2082 | nDCG: 0.3059 | UPD: 0.2189 | AD: 0.4843 | EE: 0.1031
2026-07-13 19:44:20 - ile_std_lambda_1.0 - INFO - Checkpoint saved: ./checkpoints/ile_std_lambda_1.0/checkpoint_epoch_170.pt
2026-07-13 19:44:20 - ile_std_lambda_1.0 - INFO - Checkpoint saved: ./checkpoints/ile_std_lambda_1.0/best_model.pt
2026-07-13 19:44:20 - ile_std_lambda_1.0 - INFO -   New best nDCG: 0.3059 (saved as best_model.pt)
2026-07-13 19:44:28 - ile_std_lambda_1.0 - INFO - Epoch 171/200 | Time:  8.31s | Loss: 0.2487 | BPR: 0.1929 | ILE: 0.0558 | L_H: 0.1752 L_M: 0.2264 L_T: 0.2029
2026-07-13 19:44:36 - ile_std_lambda_1.0 - INFO - Epoch 172/200 | Time:  8.41s | Loss: 0.2494 | BPR: 0.1922 | ILE: 0.0572 | L_H: 0.1747 L_M: 0.2254 L_T: 0.2039
2026-07-13 19:44:45 - ile_std_lambda_1.0 - INFO - Epoch 173/200 | Time:  8.54s | Loss: 0.2478 | BPR: 0.1916 | ILE: 0.0562 | L_H: 0.1742 L_M: 0.2243 L_T: 0.2080
2026-07-13 19:44:54 - ile_std_lambda_1.0 - INFO - Epoch 174/200 | Time:  8.64s | Loss: 0.2471 | BPR: 0.1907 | ILE: 0.0565 | L_H: 0.1736 L_M: 0.2229 L_T: 0.2019
2026-07-13 19:45:02 - ile_std_lambda_1.0 - INFO - Epoch 175/200 | Time:  8.37s | Loss: 0.2441 | BPR: 0.1909 | ILE: 0.0532 | L_H: 0.1740 L_M: 0.2229 L_T: 0.1922
2026-07-13 19:45:10 - ile_std_lambda_1.0 - INFO - Epoch 176/200 | Time:  8.42s | Loss: 0.2443 | BPR: 0.1899 | ILE: 0.0544 | L_H: 0.1728 L_M: 0.2223 L_T: 0.1990
2026-07-13 19:45:19 - ile_std_lambda_1.0 - INFO - Epoch 177/200 | Time:  8.44s | Loss: 0.2441 | BPR: 0.1897 | ILE: 0.0544 | L_H: 0.1725 L_M: 0.2225 L_T: 0.2013
2026-07-13 19:45:27 - ile_std_lambda_1.0 - INFO - Epoch 178/200 | Time:  8.19s | Loss: 0.2429 | BPR: 0.1884 | ILE: 0.0545 | L_H: 0.1711 L_M: 0.2211 L_T: 0.1986
2026-07-13 19:45:35 - ile_std_lambda_1.0 - INFO - Epoch 179/200 | Time:  8.33s | Loss: 0.2402 | BPR: 0.1875 | ILE: 0.0526 | L_H: 0.1712 L_M: 0.2185 L_T: 0.2000
2026-07-13 19:45:54 - ile_std_lambda_1.0 - INFO - Epoch 180/200 | Time:  8.23s | Loss: 0.2417 | BPR: 0.1877 | ILE: 0.0541 | Dist: 0.0541 | L_H: 0.1715 L_M: 0.2183 L_T: 0.1933 | nDCG: 0.3094 | UPD: 0.2133 | AD: 0.4954 | EE: 0.1081
2026-07-13 19:45:54 - ile_std_lambda_1.0 - INFO - Checkpoint saved: ./checkpoints/ile_std_lambda_1.0/checkpoint_epoch_180.pt
2026-07-13 19:45:54 - ile_std_lambda_1.0 - INFO - Checkpoint saved: ./checkpoints/ile_std_lambda_1.0/best_model.pt
2026-07-13 19:45:54 - ile_std_lambda_1.0 - INFO -   New best nDCG: 0.3094 (saved as best_model.pt)
2026-07-13 19:46:03 - ile_std_lambda_1.0 - INFO - Epoch 181/200 | Time:  8.49s | Loss: 0.2406 | BPR: 0.1868 | ILE: 0.0537 | L_H: 0.1707 L_M: 0.2175 L_T: 0.2009
2026-07-13 19:46:11 - ile_std_lambda_1.0 - INFO - Epoch 182/200 | Time:  8.09s | Loss: 0.2442 | BPR: 0.1861 | ILE: 0.0581 | L_H: 0.1695 L_M: 0.2175 L_T: 0.2033
2026-07-13 19:46:19 - ile_std_lambda_1.0 - INFO - Epoch 183/200 | Time:  8.18s | Loss: 0.2413 | BPR: 0.1855 | ILE: 0.0558 | L_H: 0.1689 L_M: 0.2167 L_T: 0.2029
2026-07-13 19:46:27 - ile_std_lambda_1.0 - INFO - Epoch 184/200 | Time:  8.26s | Loss: 0.2386 | BPR: 0.1849 | ILE: 0.0537 | L_H: 0.1687 L_M: 0.2157 L_T: 0.1947
2026-07-13 19:46:36 - ile_std_lambda_1.0 - INFO - Epoch 185/200 | Time:  8.16s | Loss: 0.2390 | BPR: 0.1843 | ILE: 0.0547 | L_H: 0.1675 L_M: 0.2159 L_T: 0.1972
2026-07-13 19:46:44 - ile_std_lambda_1.0 - INFO - Epoch 186/200 | Time:  8.59s | Loss: 0.2382 | BPR: 0.1844 | ILE: 0.0537 | L_H: 0.1680 L_M: 0.2156 L_T: 0.1967
2026-07-13 19:46:52 - ile_std_lambda_1.0 - INFO - Epoch 187/200 | Time:  8.30s | Loss: 0.2383 | BPR: 0.1836 | ILE: 0.0546 | L_H: 0.1675 L_M: 0.2141 L_T: 0.1952
2026-07-13 19:47:01 - ile_std_lambda_1.0 - INFO - Epoch 188/200 | Time:  8.36s | Loss: 0.2384 | BPR: 0.1828 | ILE: 0.0555 | L_H: 0.1669 L_M: 0.2131 L_T: 0.1999
2026-07-13 19:47:09 - ile_std_lambda_1.0 - INFO - Epoch 189/200 | Time:  8.40s | Loss: 0.2364 | BPR: 0.1822 | ILE: 0.0542 | L_H: 0.1659 L_M: 0.2133 L_T: 0.1938
2026-07-13 19:47:28 - ile_std_lambda_1.0 - INFO - Epoch 190/200 | Time:  8.36s | Loss: 0.2340 | BPR: 0.1811 | ILE: 0.0529 | Dist: 0.0529 | L_H: 0.1650 L_M: 0.2116 L_T: 0.1866 | nDCG: 0.3116 | UPD: 0.2108 | AD: 0.5011 | EE: 0.1121
2026-07-13 19:47:28 - ile_std_lambda_1.0 - INFO - Checkpoint saved: ./checkpoints/ile_std_lambda_1.0/checkpoint_epoch_190.pt
2026-07-13 19:47:28 - ile_std_lambda_1.0 - INFO - Checkpoint saved: ./checkpoints/ile_std_lambda_1.0/best_model.pt
2026-07-13 19:47:28 - ile_std_lambda_1.0 - INFO -   New best nDCG: 0.3116 (saved as best_model.pt)
2026-07-13 19:47:37 - ile_std_lambda_1.0 - INFO - Epoch 191/200 | Time:  8.56s | Loss: 0.2367 | BPR: 0.1814 | ILE: 0.0553 | L_H: 0.1649 L_M: 0.2127 L_T: 0.1920
2026-07-13 19:47:45 - ile_std_lambda_1.0 - INFO - Epoch 192/200 | Time:  8.47s | Loss: 0.2342 | BPR: 0.1810 | ILE: 0.0533 | L_H: 0.1646 L_M: 0.2121 L_T: 0.1920
2026-07-13 19:47:53 - ile_std_lambda_1.0 - INFO - Epoch 193/200 | Time:  8.18s | Loss: 0.2343 | BPR: 0.1807 | ILE: 0.0537 | L_H: 0.1647 L_M: 0.2107 L_T: 0.1944
2026-07-13 19:48:02 - ile_std_lambda_1.0 - INFO - Epoch 194/200 | Time:  8.40s | Loss: 0.2335 | BPR: 0.1796 | ILE: 0.0539 | L_H: 0.1640 L_M: 0.2091 L_T: 0.1917
2026-07-13 19:48:10 - ile_std_lambda_1.0 - INFO - Epoch 195/200 | Time:  8.42s | Loss: 0.2324 | BPR: 0.1788 | ILE: 0.0536 | L_H: 0.1633 L_M: 0.2083 L_T: 0.1884
2026-07-13 19:48:18 - ile_std_lambda_1.0 - INFO - Epoch 196/200 | Time:  8.07s | Loss: 0.2306 | BPR: 0.1789 | ILE: 0.0517 | L_H: 0.1627 L_M: 0.2095 L_T: 0.1877
2026-07-13 19:48:27 - ile_std_lambda_1.0 - INFO - Epoch 197/200 | Time:  8.45s | Loss: 0.2309 | BPR: 0.1784 | ILE: 0.0525 | L_H: 0.1629 L_M: 0.2078 L_T: 0.1879
2026-07-13 19:48:35 - ile_std_lambda_1.0 - INFO - Epoch 198/200 | Time:  8.46s | Loss: 0.2302 | BPR: 0.1774 | ILE: 0.0528 | L_H: 0.1619 L_M: 0.2070 L_T: 0.1854
2026-07-13 19:48:44 - ile_std_lambda_1.0 - INFO - Epoch 199/200 | Time:  8.33s | Loss: 0.2284 | BPR: 0.1767 | ILE: 0.0517 | L_H: 0.1609 L_M: 0.2065 L_T: 0.1872
2026-07-13 19:49:03 - ile_std_lambda_1.0 - INFO - Epoch 200/200 | Time:  8.32s | Loss: 0.2293 | BPR: 0.1767 | ILE: 0.0526 | Dist: 0.0526 | L_H: 0.1609 L_M: 0.2064 L_T: 0.1821 | nDCG: 0.3148 | UPD: 0.2085 | AD: 0.5175 | EE: 0.1173
2026-07-13 19:49:03 - ile_std_lambda_1.0 - INFO - Checkpoint saved: ./checkpoints/ile_std_lambda_1.0/checkpoint_epoch_200.pt
2026-07-13 19:49:03 - ile_std_lambda_1.0 - INFO - Checkpoint saved: ./checkpoints/ile_std_lambda_1.0/best_model.pt
2026-07-13 19:49:03 - ile_std_lambda_1.0 - INFO -   New best nDCG: 0.3148 (saved as best_model.pt)
2026-07-13 19:49:03 - ile_std_lambda_1.0 - INFO - Training completed in 1662.34s (27.71min)
2026-07-13 19:49:03 - ile_std_lambda_1.0 - INFO - Best model: epoch 200, nDCG=0.3148
2026-07-13 19:49:03 - ile_std_lambda_1.0 - INFO - Evaluating model for λ=1.0...
2026-07-13 19:49:14 - ile_std_lambda_1.0 - INFO - Run λ=1.0 Complete | nDCG: 0.3148 | UPD: 0.2085
