2026-07-13 18:17:02 - ile_std_lambda_0.25 - INFO - No checkpoint found. Training from scratch for λ=0.25...
2026-07-13 18:17:03 - ile_std_lambda_0.25 - INFO - Starting training for 200 epochs
2026-07-13 18:17:03 - ile_std_lambda_0.25 - INFO - Model: ILEBPRModel
2026-07-13 18:17:03 - ile_std_lambda_0.25 - INFO - Dataset: movielens-1m
2026-07-13 18:17:03 - ile_std_lambda_0.25 - INFO - Users: 6040, Items: 3706
2026-07-13 18:17:03 - ile_std_lambda_0.25 - INFO - Train interactions: 797,758
2026-07-13 18:17:03 - ile_std_lambda_0.25 - INFO - Use ILE: True
2026-07-13 18:17:03 - ile_std_lambda_0.25 - INFO - Distance: std, λ: 0.25
2026-07-13 18:17:03 - ile_std_lambda_0.25 - INFO - Batches per epoch: 780
2026-07-13 18:17:22 - ile_std_lambda_0.25 - INFO - Epoch   1/200 | Time:  8.16s | Loss: 0.6931 | BPR: 0.6931 | ILE: 0.0000 | Dist: 0.0002 | L_H: 0.6930 L_M: 0.6931 L_T: 0.6932 | nDCG: 0.0594 | UPD: 0.2662 | AD: 0.9806 | EE: 0.3978
2026-07-13 18:17:22 - ile_std_lambda_0.25 - INFO - Checkpoint saved: ./checkpoints/ile_std_lambda_0.25/best_model.pt
2026-07-13 18:17:22 - ile_std_lambda_0.25 - INFO -   New best nDCG: 0.0594 (saved as best_model.pt)
2026-07-13 18:17:30 - ile_std_lambda_0.25 - INFO - Epoch   2/200 | Time:  7.75s | Loss: 0.6881 | BPR: 0.6869 | ILE: 0.0012 | L_H: 0.6842 L_M: 0.6920 L_T: 0.6932
2026-07-13 18:17:37 - ile_std_lambda_0.25 - INFO - Epoch   3/200 | Time:  7.79s | Loss: 0.6322 | BPR: 0.6168 | ILE: 0.0154 | L_H: 0.5834 L_M: 0.6789 L_T: 0.6975
2026-07-13 18:17:45 - ile_std_lambda_0.25 - INFO - Epoch   4/200 | Time:  7.63s | Loss: 0.5417 | BPR: 0.5024 | ILE: 0.0393 | L_H: 0.4192 L_M: 0.6574 L_T: 0.7089
2026-07-13 18:17:53 - ile_std_lambda_0.25 - INFO - Epoch   5/200 | Time:  7.78s | Loss: 0.4932 | BPR: 0.4385 | ILE: 0.0547 | L_H: 0.3258 L_M: 0.6479 L_T: 0.7319
2026-07-13 18:18:00 - ile_std_lambda_0.25 - INFO - Epoch   6/200 | Time:  7.71s | Loss: 0.4702 | BPR: 0.4083 | ILE: 0.0620 | L_H: 0.2816 L_M: 0.6440 L_T: 0.7402
2026-07-13 18:18:08 - ile_std_lambda_0.25 - INFO - Epoch   7/200 | Time:  7.61s | Loss: 0.4594 | BPR: 0.3918 | ILE: 0.0676 | L_H: 0.2579 L_M: 0.6406 L_T: 0.7593
2026-07-13 18:18:16 - ile_std_lambda_0.25 - INFO - Epoch   8/200 | Time:  7.87s | Loss: 0.4488 | BPR: 0.3805 | ILE: 0.0683 | L_H: 0.2432 L_M: 0.6356 L_T: 0.7468
2026-07-13 18:18:24 - ile_std_lambda_0.25 - INFO - Epoch   9/200 | Time:  7.85s | Loss: 0.4443 | BPR: 0.3735 | ILE: 0.0708 | L_H: 0.2338 L_M: 0.6326 L_T: 0.7588
2026-07-13 18:18:42 - ile_std_lambda_0.25 - INFO - Epoch  10/200 | Time:  7.85s | Loss: 0.4389 | BPR: 0.3668 | ILE: 0.0721 | Dist: 0.2884 | L_H: 0.2262 L_M: 0.6277 L_T: 0.7604 | nDCG: 0.2118 | UPD: 0.3259 | AD: 0.0556 | EE: 0.0045
2026-07-13 18:18:42 - ile_std_lambda_0.25 - INFO - Checkpoint saved: ./checkpoints/ile_std_lambda_0.25/checkpoint_epoch_10.pt
2026-07-13 18:18:43 - ile_std_lambda_0.25 - INFO - Checkpoint saved: ./checkpoints/ile_std_lambda_0.25/best_model.pt
2026-07-13 18:18:43 - ile_std_lambda_0.25 - INFO -   New best nDCG: 0.2118 (saved as best_model.pt)
2026-07-13 18:18:50 - ile_std_lambda_0.25 - INFO - Epoch  11/200 | Time:  7.67s | Loss: 0.4338 | BPR: 0.3612 | ILE: 0.0725 | L_H: 0.2214 L_M: 0.6206 L_T: 0.7601
2026-07-13 18:18:58 - ile_std_lambda_0.25 - INFO - Epoch  12/200 | Time:  7.80s | Loss: 0.4291 | BPR: 0.3561 | ILE: 0.0730 | L_H: 0.2168 L_M: 0.6147 L_T: 0.7582
2026-07-13 18:19:06 - ile_std_lambda_0.25 - INFO - Epoch  13/200 | Time:  7.88s | Loss: 0.4249 | BPR: 0.3521 | ILE: 0.0728 | L_H: 0.2134 L_M: 0.6092 L_T: 0.7541
2026-07-13 18:19:14 - ile_std_lambda_0.25 - INFO - Epoch  14/200 | Time:  7.85s | Loss: 0.4194 | BPR: 0.3472 | ILE: 0.0722 | L_H: 0.2098 L_M: 0.6019 L_T: 0.7466
2026-07-13 18:19:21 - ile_std_lambda_0.25 - INFO - Epoch  15/200 | Time:  7.64s | Loss: 0.4165 | BPR: 0.3440 | ILE: 0.0724 | L_H: 0.2072 L_M: 0.5976 L_T: 0.7452
2026-07-13 18:19:29 - ile_std_lambda_0.25 - INFO - Epoch  16/200 | Time:  7.83s | Loss: 0.4123 | BPR: 0.3404 | ILE: 0.0720 | L_H: 0.2052 L_M: 0.5909 L_T: 0.7395
2026-07-13 18:19:37 - ile_std_lambda_0.25 - INFO - Epoch  17/200 | Time:  7.84s | Loss: 0.4077 | BPR: 0.3361 | ILE: 0.0716 | L_H: 0.2029 L_M: 0.5829 L_T: 0.7339
2026-07-13 18:19:45 - ile_std_lambda_0.25 - INFO - Epoch  18/200 | Time:  7.70s | Loss: 0.4042 | BPR: 0.3335 | ILE: 0.0707 | L_H: 0.2018 L_M: 0.5775 L_T: 0.7285
2026-07-13 18:19:53 - ile_std_lambda_0.25 - INFO - Epoch  19/200 | Time:  7.79s | Loss: 0.3981 | BPR: 0.3285 | ILE: 0.0695 | L_H: 0.1991 L_M: 0.5684 L_T: 0.7138
2026-07-13 18:20:11 - ile_std_lambda_0.25 - INFO - Epoch  20/200 | Time:  7.82s | Loss: 0.3964 | BPR: 0.3256 | ILE: 0.0708 | Dist: 0.2830 | L_H: 0.1981 L_M: 0.5615 L_T: 0.7242 | nDCG: 0.2392 | UPD: 0.3245 | AD: 0.0758 | EE: 0.0060
2026-07-13 18:20:11 - ile_std_lambda_0.25 - INFO - Checkpoint saved: ./checkpoints/ile_std_lambda_0.25/checkpoint_epoch_20.pt
2026-07-13 18:20:11 - ile_std_lambda_0.25 - INFO - Checkpoint saved: ./checkpoints/ile_std_lambda_0.25/best_model.pt
2026-07-13 18:20:11 - ile_std_lambda_0.25 - INFO -   New best nDCG: 0.2392 (saved as best_model.pt)
2026-07-13 18:20:19 - ile_std_lambda_0.25 - INFO - Epoch  21/200 | Time:  7.88s | Loss: 0.3912 | BPR: 0.3222 | ILE: 0.0691 | L_H: 0.1963 L_M: 0.5551 L_T: 0.7112
2026-07-13 18:20:27 - ile_std_lambda_0.25 - INFO - Epoch  22/200 | Time:  7.67s | Loss: 0.3858 | BPR: 0.3183 | ILE: 0.0675 | L_H: 0.1941 L_M: 0.5481 L_T: 0.6938
2026-07-13 18:20:34 - ile_std_lambda_0.25 - INFO - Epoch  23/200 | Time:  7.82s | Loss: 0.3849 | BPR: 0.3162 | ILE: 0.0687 | L_H: 0.1934 L_M: 0.5433 L_T: 0.7041
2026-07-13 18:20:42 - ile_std_lambda_0.25 - INFO - Epoch  24/200 | Time:  7.88s | Loss: 0.3796 | BPR: 0.3131 | ILE: 0.0665 | L_H: 0.1918 L_M: 0.5375 L_T: 0.6817
2026-07-13 18:20:50 - ile_std_lambda_0.25 - INFO - Epoch  25/200 | Time:  7.69s | Loss: 0.3757 | BPR: 0.3101 | ILE: 0.0656 | L_H: 0.1909 L_M: 0.5306 L_T: 0.6792
2026-07-13 18:20:58 - ile_std_lambda_0.25 - INFO - Epoch  26/200 | Time:  7.80s | Loss: 0.3717 | BPR: 0.3069 | ILE: 0.0648 | L_H: 0.1895 L_M: 0.5242 L_T: 0.6689
2026-07-13 18:21:06 - ile_std_lambda_0.25 - INFO - Epoch  27/200 | Time:  7.82s | Loss: 0.3695 | BPR: 0.3048 | ILE: 0.0648 | L_H: 0.1888 L_M: 0.5194 L_T: 0.6710
2026-07-13 18:21:14 - ile_std_lambda_0.25 - INFO - Epoch  28/200 | Time:  7.91s | Loss: 0.3626 | BPR: 0.3002 | ILE: 0.0624 | L_H: 0.1865 L_M: 0.5107 L_T: 0.6409
2026-07-13 18:21:21 - ile_std_lambda_0.25 - INFO - Epoch  29/200 | Time:  7.67s | Loss: 0.3606 | BPR: 0.2980 | ILE: 0.0626 | L_H: 0.1858 L_M: 0.5058 L_T: 0.6462
2026-07-13 18:21:40 - ile_std_lambda_0.25 - INFO - Epoch  30/200 | Time:  7.88s | Loss: 0.3577 | BPR: 0.2950 | ILE: 0.0626 | Dist: 0.2506 | L_H: 0.1840 L_M: 0.5004 L_T: 0.6423 | nDCG: 0.2653 | UPD: 0.3225 | AD: 0.1174 | EE: 0.0095
2026-07-13 18:21:40 - ile_std_lambda_0.25 - INFO - Checkpoint saved: ./checkpoints/ile_std_lambda_0.25/checkpoint_epoch_30.pt
2026-07-13 18:21:40 - ile_std_lambda_0.25 - INFO - Checkpoint saved: ./checkpoints/ile_std_lambda_0.25/best_model.pt
2026-07-13 18:21:40 - ile_std_lambda_0.25 - INFO -   New best nDCG: 0.2653 (saved as best_model.pt)
2026-07-13 18:21:48 - ile_std_lambda_0.25 - INFO - Epoch  31/200 | Time:  7.75s | Loss: 0.3542 | BPR: 0.2929 | ILE: 0.0613 | L_H: 0.1829 L_M: 0.4965 L_T: 0.6292
2026-07-13 18:21:56 - ile_std_lambda_0.25 - INFO - Epoch  32/200 | Time:  7.81s | Loss: 0.3523 | BPR: 0.2906 | ILE: 0.0616 | L_H: 0.1824 L_M: 0.4910 L_T: 0.6342
2026-07-13 18:22:03 - ile_std_lambda_0.25 - INFO - Epoch  33/200 | Time:  7.57s | Loss: 0.3463 | BPR: 0.2877 | ILE: 0.0586 | L_H: 0.1810 L_M: 0.4858 L_T: 0.6042
2026-07-13 18:22:11 - ile_std_lambda_0.25 - INFO - Epoch  34/200 | Time:  7.75s | Loss: 0.3444 | BPR: 0.2860 | ILE: 0.0584 | L_H: 0.1805 L_M: 0.4813 L_T: 0.6028
2026-07-13 18:22:19 - ile_std_lambda_0.25 - INFO - Epoch  35/200 | Time:  7.78s | Loss: 0.3418 | BPR: 0.2833 | ILE: 0.0585 | L_H: 0.1791 L_M: 0.4762 L_T: 0.6024
2026-07-13 18:22:26 - ile_std_lambda_0.25 - INFO - Epoch  36/200 | Time:  7.66s | Loss: 0.3407 | BPR: 0.2817 | ILE: 0.0591 | L_H: 0.1782 L_M: 0.4732 L_T: 0.6001
2026-07-13 18:22:34 - ile_std_lambda_0.25 - INFO - Epoch  37/200 | Time:  7.83s | Loss: 0.3352 | BPR: 0.2788 | ILE: 0.0563 | L_H: 0.1771 L_M: 0.4673 L_T: 0.5797
2026-07-13 18:22:42 - ile_std_lambda_0.25 - INFO - Epoch  38/200 | Time:  7.78s | Loss: 0.3324 | BPR: 0.2759 | ILE: 0.0564 | L_H: 0.1759 L_M: 0.4611 L_T: 0.5814
2026-07-13 18:22:50 - ile_std_lambda_0.25 - INFO - Epoch  39/200 | Time:  7.81s | Loss: 0.3297 | BPR: 0.2743 | ILE: 0.0554 | L_H: 0.1748 L_M: 0.4586 L_T: 0.5689
2026-07-13 18:23:08 - ile_std_lambda_0.25 - INFO - Epoch  40/200 | Time:  7.62s | Loss: 0.3281 | BPR: 0.2728 | ILE: 0.0553 | Dist: 0.2214 | L_H: 0.1746 L_M: 0.4544 L_T: 0.5685 | nDCG: 0.2855 | UPD: 0.3151 | AD: 0.1597 | EE: 0.0142
2026-07-13 18:23:08 - ile_std_lambda_0.25 - INFO - Checkpoint saved: ./checkpoints/ile_std_lambda_0.25/checkpoint_epoch_40.pt
2026-07-13 18:23:08 - ile_std_lambda_0.25 - INFO - Checkpoint saved: ./checkpoints/ile_std_lambda_0.25/best_model.pt
2026-07-13 18:23:08 - ile_std_lambda_0.25 - INFO -   New best nDCG: 0.2855 (saved as best_model.pt)
2026-07-13 18:23:16 - ile_std_lambda_0.25 - INFO - Epoch  41/200 | Time:  7.84s | Loss: 0.3239 | BPR: 0.2707 | ILE: 0.0532 | L_H: 0.1734 L_M: 0.4514 L_T: 0.5472
2026-07-13 18:23:24 - ile_std_lambda_0.25 - INFO - Epoch  42/200 | Time:  7.89s | Loss: 0.3229 | BPR: 0.2684 | ILE: 0.0545 | L_H: 0.1725 L_M: 0.4460 L_T: 0.5598
2026-07-13 18:23:32 - ile_std_lambda_0.25 - INFO - Epoch  43/200 | Time:  7.67s | Loss: 0.3183 | BPR: 0.2661 | ILE: 0.0522 | L_H: 0.1710 L_M: 0.4426 L_T: 0.5361
2026-07-13 18:23:39 - ile_std_lambda_0.25 - INFO - Epoch  44/200 | Time:  7.83s | Loss: 0.3174 | BPR: 0.2635 | ILE: 0.0539 | L_H: 0.1699 L_M: 0.4367 L_T: 0.5497
2026-07-13 18:23:47 - ile_std_lambda_0.25 - INFO - Epoch  45/200 | Time:  8.03s | Loss: 0.3139 | BPR: 0.2622 | ILE: 0.0516 | L_H: 0.1703 L_M: 0.4325 L_T: 0.5295
2026-07-13 18:23:55 - ile_std_lambda_0.25 - INFO - Epoch  46/200 | Time:  8.03s | Loss: 0.3112 | BPR: 0.2600 | ILE: 0.0512 | L_H: 0.1684 L_M: 0.4298 L_T: 0.5203
2026-07-13 18:24:03 - ile_std_lambda_0.25 - INFO - Epoch  47/200 | Time:  7.67s | Loss: 0.3083 | BPR: 0.2578 | ILE: 0.0504 | L_H: 0.1676 L_M: 0.4251 L_T: 0.5136
2026-07-13 18:24:11 - ile_std_lambda_0.25 - INFO - Epoch  48/200 | Time:  7.86s | Loss: 0.3058 | BPR: 0.2569 | ILE: 0.0489 | L_H: 0.1672 L_M: 0.4237 L_T: 0.5023
2026-07-13 18:24:19 - ile_std_lambda_0.25 - INFO - Epoch  49/200 | Time:  7.78s | Loss: 0.3034 | BPR: 0.2550 | ILE: 0.0484 | L_H: 0.1662 L_M: 0.4199 L_T: 0.4969
2026-07-13 18:24:37 - ile_std_lambda_0.25 - INFO - Epoch  50/200 | Time:  7.92s | Loss: 0.3017 | BPR: 0.2527 | ILE: 0.0491 | Dist: 0.1962 | L_H: 0.1656 L_M: 0.4140 L_T: 0.5044 | nDCG: 0.3038 | UPD: 0.3074 | AD: 0.2043 | EE: 0.0203
2026-07-13 18:24:37 - ile_std_lambda_0.25 - INFO - Checkpoint saved: ./checkpoints/ile_std_lambda_0.25/checkpoint_epoch_50.pt
2026-07-13 18:24:37 - ile_std_lambda_0.25 - INFO - Checkpoint saved: ./checkpoints/ile_std_lambda_0.25/best_model.pt
2026-07-13 18:24:37 - ile_std_lambda_0.25 - INFO -   New best nDCG: 0.3038 (saved as best_model.pt)
2026-07-13 18:24:45 - ile_std_lambda_0.25 - INFO - Epoch  51/200 | Time:  7.71s | Loss: 0.3003 | BPR: 0.2516 | ILE: 0.0487 | L_H: 0.1648 L_M: 0.4126 L_T: 0.4990
2026-07-13 18:24:53 - ile_std_lambda_0.25 - INFO - Epoch  52/200 | Time:  7.89s | Loss: 0.2979 | BPR: 0.2496 | ILE: 0.0483 | L_H: 0.1642 L_M: 0.4081 L_T: 0.4936
2026-07-13 18:25:01 - ile_std_lambda_0.25 - INFO - Epoch  53/200 | Time:  7.90s | Loss: 0.2957 | BPR: 0.2482 | ILE: 0.0476 | L_H: 0.1632 L_M: 0.4060 L_T: 0.4853
2026-07-13 18:25:08 - ile_std_lambda_0.25 - INFO - Epoch  54/200 | Time:  7.55s | Loss: 0.2922 | BPR: 0.2462 | ILE: 0.0460 | L_H: 0.1621 L_M: 0.4023 L_T: 0.4696
2026-07-13 18:25:16 - ile_std_lambda_0.25 - INFO - Epoch  55/200 | Time:  7.87s | Loss: 0.2913 | BPR: 0.2454 | ILE: 0.0459 | L_H: 0.1618 L_M: 0.4008 L_T: 0.4685
2026-07-13 18:25:24 - ile_std_lambda_0.25 - INFO - Epoch  56/200 | Time:  7.83s | Loss: 0.2891 | BPR: 0.2432 | ILE: 0.0459 | L_H: 0.1611 L_M: 0.3959 L_T: 0.4652
2026-07-13 18:25:32 - ile_std_lambda_0.25 - INFO - Epoch  57/200 | Time:  7.81s | Loss: 0.2877 | BPR: 0.2416 | ILE: 0.0461 | L_H: 0.1601 L_M: 0.3931 L_T: 0.4686
2026-07-13 18:25:40 - ile_std_lambda_0.25 - INFO - Epoch  58/200 | Time:  7.57s | Loss: 0.2842 | BPR: 0.2394 | ILE: 0.0447 | L_H: 0.1592 L_M: 0.3885 L_T: 0.4525
2026-07-13 18:25:47 - ile_std_lambda_0.25 - INFO - Epoch  59/200 | Time:  7.87s | Loss: 0.2840 | BPR: 0.2389 | ILE: 0.0451 | L_H: 0.1585 L_M: 0.3882 L_T: 0.4545
2026-07-13 18:26:06 - ile_std_lambda_0.25 - INFO - Epoch  60/200 | Time:  7.84s | Loss: 0.2819 | BPR: 0.2373 | ILE: 0.0446 | Dist: 0.1783 | L_H: 0.1580 L_M: 0.3847 L_T: 0.4533 | nDCG: 0.3165 | UPD: 0.2983 | AD: 0.2574 | EE: 0.0274
2026-07-13 18:26:06 - ile_std_lambda_0.25 - INFO - Checkpoint saved: ./checkpoints/ile_std_lambda_0.25/checkpoint_epoch_60.pt
2026-07-13 18:26:06 - ile_std_lambda_0.25 - INFO - Checkpoint saved: ./checkpoints/ile_std_lambda_0.25/best_model.pt
2026-07-13 18:26:06 - ile_std_lambda_0.25 - INFO -   New best nDCG: 0.3165 (saved as best_model.pt)
2026-07-13 18:26:14 - ile_std_lambda_0.25 - INFO - Epoch  61/200 | Time:  7.68s | Loss: 0.2801 | BPR: 0.2357 | ILE: 0.0444 | L_H: 0.1570 L_M: 0.3819 L_T: 0.4476
2026-07-13 18:26:21 - ile_std_lambda_0.25 - INFO - Epoch  62/200 | Time:  7.89s | Loss: 0.2776 | BPR: 0.2347 | ILE: 0.0429 | L_H: 0.1564 L_M: 0.3801 L_T: 0.4333
2026-07-13 18:26:29 - ile_std_lambda_0.25 - INFO - Epoch  63/200 | Time:  7.87s | Loss: 0.2759 | BPR: 0.2331 | ILE: 0.0428 | L_H: 0.1560 L_M: 0.3763 L_T: 0.4354
2026-07-13 18:26:37 - ile_std_lambda_0.25 - INFO - Epoch  64/200 | Time:  7.85s | Loss: 0.2733 | BPR: 0.2314 | ILE: 0.0420 | L_H: 0.1551 L_M: 0.3732 L_T: 0.4233
2026-07-13 18:26:45 - ile_std_lambda_0.25 - INFO - Epoch  65/200 | Time:  7.67s | Loss: 0.2713 | BPR: 0.2305 | ILE: 0.0408 | L_H: 0.1549 L_M: 0.3715 L_T: 0.4148
2026-07-13 18:26:53 - ile_std_lambda_0.25 - INFO - Epoch  66/200 | Time:  7.80s | Loss: 0.2718 | BPR: 0.2294 | ILE: 0.0423 | L_H: 0.1539 L_M: 0.3701 L_T: 0.4203
2026-07-13 18:27:00 - ile_std_lambda_0.25 - INFO - Epoch  67/200 | Time:  7.76s | Loss: 0.2686 | BPR: 0.2279 | ILE: 0.0407 | L_H: 0.1537 L_M: 0.3660 L_T: 0.4094
2026-07-13 18:27:08 - ile_std_lambda_0.25 - INFO - Epoch  68/200 | Time:  7.68s | Loss: 0.2669 | BPR: 0.2258 | ILE: 0.0411 | L_H: 0.1528 L_M: 0.3619 L_T: 0.4095
2026-07-13 18:27:16 - ile_std_lambda_0.25 - INFO - Epoch  69/200 | Time:  7.47s | Loss: 0.2657 | BPR: 0.2258 | ILE: 0.0399 | L_H: 0.1521 L_M: 0.3633 L_T: 0.4013
2026-07-13 18:27:34 - ile_std_lambda_0.25 - INFO - Epoch  70/200 | Time:  7.76s | Loss: 0.2637 | BPR: 0.2241 | ILE: 0.0396 | Dist: 0.1584 | L_H: 0.1512 L_M: 0.3598 L_T: 0.3926 | nDCG: 0.3274 | UPD: 0.2878 | AD: 0.2863 | EE: 0.0342
2026-07-13 18:27:34 - ile_std_lambda_0.25 - INFO - Checkpoint saved: ./checkpoints/ile_std_lambda_0.25/checkpoint_epoch_70.pt
2026-07-13 18:27:34 - ile_std_lambda_0.25 - INFO - Checkpoint saved: ./checkpoints/ile_std_lambda_0.25/best_model.pt
2026-07-13 18:27:34 - ile_std_lambda_0.25 - INFO -   New best nDCG: 0.3274 (saved as best_model.pt)
2026-07-13 18:27:42 - ile_std_lambda_0.25 - INFO - Epoch  71/200 | Time:  7.93s | Loss: 0.2634 | BPR: 0.2235 | ILE: 0.0400 | L_H: 0.1515 L_M: 0.3577 L_T: 0.3921
2026-07-13 18:27:50 - ile_std_lambda_0.25 - INFO - Epoch  72/200 | Time:  7.61s | Loss: 0.2613 | BPR: 0.2219 | ILE: 0.0394 | L_H: 0.1500 L_M: 0.3559 L_T: 0.3937
2026-07-13 18:27:57 - ile_std_lambda_0.25 - INFO - Epoch  73/200 | Time:  7.81s | Loss: 0.2586 | BPR: 0.2204 | ILE: 0.0382 | L_H: 0.1490 L_M: 0.3535 L_T: 0.3751
2026-07-13 18:28:05 - ile_std_lambda_0.25 - INFO - Epoch  74/200 | Time:  7.70s | Loss: 0.2576 | BPR: 0.2193 | ILE: 0.0383 | L_H: 0.1486 L_M: 0.3512 L_T: 0.3781
2026-07-13 18:28:13 - ile_std_lambda_0.25 - INFO - Epoch  75/200 | Time:  7.70s | Loss: 0.2553 | BPR: 0.2179 | ILE: 0.0374 | L_H: 0.1487 L_M: 0.3472 L_T: 0.3725
2026-07-13 18:28:20 - ile_std_lambda_0.25 - INFO - Epoch  76/200 | Time:  7.48s | Loss: 0.2550 | BPR: 0.2163 | ILE: 0.0388 | L_H: 0.1473 L_M: 0.3450 L_T: 0.3803
2026-07-13 18:28:28 - ile_std_lambda_0.25 - INFO - Epoch  77/200 | Time:  7.65s | Loss: 0.2543 | BPR: 0.2161 | ILE: 0.0382 | L_H: 0.1475 L_M: 0.3439 L_T: 0.3736
2026-07-13 18:28:36 - ile_std_lambda_0.25 - INFO - Epoch  78/200 | Time:  7.81s | Loss: 0.2516 | BPR: 0.2148 | ILE: 0.0368 | L_H: 0.1466 L_M: 0.3422 L_T: 0.3624
2026-07-13 18:28:43 - ile_std_lambda_0.25 - INFO - Epoch  79/200 | Time:  7.77s | Loss: 0.2495 | BPR: 0.2130 | ILE: 0.0364 | L_H: 0.1456 L_M: 0.3390 L_T: 0.3613
2026-07-13 18:29:02 - ile_std_lambda_0.25 - INFO - Epoch  80/200 | Time:  7.65s | Loss: 0.2491 | BPR: 0.2124 | ILE: 0.0367 | Dist: 0.1469 | L_H: 0.1453 L_M: 0.3379 L_T: 0.3526 | nDCG: 0.3365 | UPD: 0.2791 | AD: 0.3171 | EE: 0.0411
2026-07-13 18:29:02 - ile_std_lambda_0.25 - INFO - Checkpoint saved: ./checkpoints/ile_std_lambda_0.25/checkpoint_epoch_80.pt
2026-07-13 18:29:02 - ile_std_lambda_0.25 - INFO - Checkpoint saved: ./checkpoints/ile_std_lambda_0.25/best_model.pt
2026-07-13 18:29:02 - ile_std_lambda_0.25 - INFO -   New best nDCG: 0.3365 (saved as best_model.pt)
2026-07-13 18:29:10 - ile_std_lambda_0.25 - INFO - Epoch  81/200 | Time:  7.89s | Loss: 0.2490 | BPR: 0.2120 | ILE: 0.0369 | L_H: 0.1445 L_M: 0.3382 L_T: 0.3585
2026-07-13 18:29:18 - ile_std_lambda_0.25 - INFO - Epoch  82/200 | Time:  7.80s | Loss: 0.2461 | BPR: 0.2101 | ILE: 0.0360 | L_H: 0.1440 L_M: 0.3337 L_T: 0.3508
2026-07-13 18:29:25 - ile_std_lambda_0.25 - INFO - Epoch  83/200 | Time:  7.57s | Loss: 0.2447 | BPR: 0.2092 | ILE: 0.0355 | L_H: 0.1437 L_M: 0.3315 L_T: 0.3491
2026-07-13 18:29:33 - ile_std_lambda_0.25 - INFO - Epoch  84/200 | Time:  7.88s | Loss: 0.2442 | BPR: 0.2087 | ILE: 0.0354 | L_H: 0.1430 L_M: 0.3317 L_T: 0.3369
2026-07-13 18:29:41 - ile_std_lambda_0.25 - INFO - Epoch  85/200 | Time:  7.92s | Loss: 0.2425 | BPR: 0.2074 | ILE: 0.0351 | L_H: 0.1426 L_M: 0.3286 L_T: 0.3411
2026-07-13 18:29:49 - ile_std_lambda_0.25 - INFO - Epoch  86/200 | Time:  7.77s | Loss: 0.2411 | BPR: 0.2060 | ILE: 0.0351 | L_H: 0.1420 L_M: 0.3256 L_T: 0.3396
2026-07-13 18:29:56 - ile_std_lambda_0.25 - INFO - Epoch  87/200 | Time:  7.66s | Loss: 0.2406 | BPR: 0.2050 | ILE: 0.0355 | L_H: 0.1411 L_M: 0.3247 L_T: 0.3375
2026-07-13 18:30:04 - ile_std_lambda_0.25 - INFO - Epoch  88/200 | Time:  7.83s | Loss: 0.2407 | BPR: 0.2049 | ILE: 0.0357 | L_H: 0.1416 L_M: 0.3232 L_T: 0.3432
2026-07-13 18:30:12 - ile_std_lambda_0.25 - INFO - Epoch  89/200 | Time:  7.90s | Loss: 0.2377 | BPR: 0.2031 | ILE: 0.0345 | L_H: 0.1407 L_M: 0.3200 L_T: 0.3315
2026-07-13 18:30:31 - ile_std_lambda_0.25 - INFO - Epoch  90/200 | Time:  7.69s | Loss: 0.2371 | BPR: 0.2030 | ILE: 0.0341 | Dist: 0.1363 | L_H: 0.1406 L_M: 0.3197 L_T: 0.3293 | nDCG: 0.3436 | UPD: 0.2695 | AD: 0.3454 | EE: 0.0474
2026-07-13 18:30:31 - ile_std_lambda_0.25 - INFO - Checkpoint saved: ./checkpoints/ile_std_lambda_0.25/checkpoint_epoch_90.pt
2026-07-13 18:30:31 - ile_std_lambda_0.25 - INFO - Checkpoint saved: ./checkpoints/ile_std_lambda_0.25/best_model.pt
2026-07-13 18:30:31 - ile_std_lambda_0.25 - INFO -   New best nDCG: 0.3436 (saved as best_model.pt)
2026-07-13 18:30:38 - ile_std_lambda_0.25 - INFO - Epoch  91/200 | Time:  7.82s | Loss: 0.2341 | BPR: 0.2015 | ILE: 0.0326 | L_H: 0.1396 L_M: 0.3175 L_T: 0.3163
2026-07-13 18:30:46 - ile_std_lambda_0.25 - INFO - Epoch  92/200 | Time:  7.93s | Loss: 0.2343 | BPR: 0.2009 | ILE: 0.0334 | L_H: 0.1393 L_M: 0.3162 L_T: 0.3204
2026-07-13 18:30:54 - ile_std_lambda_0.25 - INFO - Epoch  93/200 | Time:  7.97s | Loss: 0.2330 | BPR: 0.2003 | ILE: 0.0327 | L_H: 0.1392 L_M: 0.3146 L_T: 0.3165
2026-07-13 18:31:02 - ile_std_lambda_0.25 - INFO - Epoch  94/200 | Time:  7.72s | Loss: 0.2318 | BPR: 0.1993 | ILE: 0.0325 | L_H: 0.1377 L_M: 0.3151 L_T: 0.3095
2026-07-13 18:31:10 - ile_std_lambda_0.25 - INFO - Epoch  95/200 | Time:  7.86s | Loss: 0.2332 | BPR: 0.1987 | ILE: 0.0345 | L_H: 0.1376 L_M: 0.3131 L_T: 0.3211
2026-07-13 18:31:18 - ile_std_lambda_0.25 - INFO - Epoch  96/200 | Time:  7.89s | Loss: 0.2288 | BPR: 0.1968 | ILE: 0.0320 | L_H: 0.1370 L_M: 0.3088 L_T: 0.3016
2026-07-13 18:31:26 - ile_std_lambda_0.25 - INFO - Epoch  97/200 | Time:  7.68s | Loss: 0.2271 | BPR: 0.1966 | ILE: 0.0305 | L_H: 0.1376 L_M: 0.3072 L_T: 0.2895
2026-07-13 18:31:33 - ile_std_lambda_0.25 - INFO - Epoch  98/200 | Time:  7.94s | Loss: 0.2273 | BPR: 0.1958 | ILE: 0.0316 | L_H: 0.1366 L_M: 0.3065 L_T: 0.2999
2026-07-13 18:31:41 - ile_std_lambda_0.25 - INFO - Epoch  99/200 | Time:  7.96s | Loss: 0.2259 | BPR: 0.1945 | ILE: 0.0315 | L_H: 0.1364 L_M: 0.3034 L_T: 0.2924
2026-07-13 18:32:00 - ile_std_lambda_0.25 - INFO - Epoch 100/200 | Time:  7.80s | Loss: 0.2246 | BPR: 0.1934 | ILE: 0.0312 | Dist: 0.1247 | L_H: 0.1352 L_M: 0.3025 L_T: 0.2973 | nDCG: 0.3497 | UPD: 0.2612 | AD: 0.3629 | EE: 0.0536
2026-07-13 18:32:00 - ile_std_lambda_0.25 - INFO - Checkpoint saved: ./checkpoints/ile_std_lambda_0.25/checkpoint_epoch_100.pt
2026-07-13 18:32:00 - ile_std_lambda_0.25 - INFO - Checkpoint saved: ./checkpoints/ile_std_lambda_0.25/best_model.pt
2026-07-13 18:32:00 - ile_std_lambda_0.25 - INFO -   New best nDCG: 0.3497 (saved as best_model.pt)
2026-07-13 18:32:08 - ile_std_lambda_0.25 - INFO - Epoch 101/200 | Time:  7.65s | Loss: 0.2237 | BPR: 0.1923 | ILE: 0.0314 | L_H: 0.1347 L_M: 0.3002 L_T: 0.2925
2026-07-13 18:32:16 - ile_std_lambda_0.25 - INFO - Epoch 102/200 | Time:  7.86s | Loss: 0.2227 | BPR: 0.1917 | ILE: 0.0310 | L_H: 0.1343 L_M: 0.2995 L_T: 0.2863
2026-07-13 18:32:24 - ile_std_lambda_0.25 - INFO - Epoch 103/200 | Time:  7.98s | Loss: 0.2233 | BPR: 0.1912 | ILE: 0.0321 | L_H: 0.1339 L_M: 0.2985 L_T: 0.3000
2026-07-13 18:32:31 - ile_std_lambda_0.25 - INFO - Epoch 104/200 | Time:  7.87s | Loss: 0.2220 | BPR: 0.1906 | ILE: 0.0314 | L_H: 0.1337 L_M: 0.2973 L_T: 0.2907
2026-07-13 18:32:39 - ile_std_lambda_0.25 - INFO - Epoch 105/200 | Time:  7.67s | Loss: 0.2199 | BPR: 0.1899 | ILE: 0.0300 | L_H: 0.1339 L_M: 0.2950 L_T: 0.2790
2026-07-13 18:32:47 - ile_std_lambda_0.25 - INFO - Epoch 106/200 | Time:  7.92s | Loss: 0.2177 | BPR: 0.1877 | ILE: 0.0299 | L_H: 0.1314 L_M: 0.2934 L_T: 0.2775
2026-07-13 18:32:55 - ile_std_lambda_0.25 - INFO - Epoch 107/200 | Time:  7.89s | Loss: 0.2187 | BPR: 0.1881 | ILE: 0.0306 | L_H: 0.1324 L_M: 0.2926 L_T: 0.2840
2026-07-13 18:33:03 - ile_std_lambda_0.25 - INFO - Epoch 108/200 | Time:  7.79s | Loss: 0.2168 | BPR: 0.1871 | ILE: 0.0296 | L_H: 0.1319 L_M: 0.2907 L_T: 0.2807
2026-07-13 18:33:11 - ile_std_lambda_0.25 - INFO - Epoch 109/200 | Time:  7.95s | Loss: 0.2170 | BPR: 0.1862 | ILE: 0.0308 | L_H: 0.1314 L_M: 0.2892 L_T: 0.2825
2026-07-13 18:33:29 - ile_std_lambda_0.25 - INFO - Epoch 110/200 | Time:  7.93s | Loss: 0.2160 | BPR: 0.1860 | ILE: 0.0300 | Dist: 0.1200 | L_H: 0.1313 L_M: 0.2886 L_T: 0.2807 | nDCG: 0.3545 | UPD: 0.2549 | AD: 0.3834 | EE: 0.0604
2026-07-13 18:33:29 - ile_std_lambda_0.25 - INFO - Checkpoint saved: ./checkpoints/ile_std_lambda_0.25/checkpoint_epoch_110.pt
2026-07-13 18:33:29 - ile_std_lambda_0.25 - INFO - Checkpoint saved: ./checkpoints/ile_std_lambda_0.25/best_model.pt
2026-07-13 18:33:29 - ile_std_lambda_0.25 - INFO -   New best nDCG: 0.3545 (saved as best_model.pt)
2026-07-13 18:33:37 - ile_std_lambda_0.25 - INFO - Epoch 111/200 | Time:  7.89s | Loss: 0.2165 | BPR: 0.1852 | ILE: 0.0313 | L_H: 0.1306 L_M: 0.2876 L_T: 0.2828
2026-07-13 18:33:45 - ile_std_lambda_0.25 - INFO - Epoch 112/200 | Time:  7.73s | Loss: 0.2131 | BPR: 0.1839 | ILE: 0.0293 | L_H: 0.1300 L_M: 0.2848 L_T: 0.2742
2026-07-13 18:33:53 - ile_std_lambda_0.25 - INFO - Epoch 113/200 | Time:  7.98s | Loss: 0.2121 | BPR: 0.1837 | ILE: 0.0284 | L_H: 0.1295 L_M: 0.2857 L_T: 0.2546
2026-07-13 18:34:01 - ile_std_lambda_0.25 - INFO - Epoch 114/200 | Time:  7.97s | Loss: 0.2128 | BPR: 0.1837 | ILE: 0.0291 | L_H: 0.1302 L_M: 0.2842 L_T: 0.2659
2026-07-13 18:34:09 - ile_std_lambda_0.25 - INFO - Epoch 115/200 | Time:  8.03s | Loss: 0.2105 | BPR: 0.1820 | ILE: 0.0285 | L_H: 0.1285 L_M: 0.2826 L_T: 0.2622
2026-07-13 18:34:17 - ile_std_lambda_0.25 - INFO - Epoch 116/200 | Time:  7.81s | Loss: 0.2094 | BPR: 0.1812 | ILE: 0.0282 | L_H: 0.1282 L_M: 0.2808 L_T: 0.2556
2026-07-13 18:34:25 - ile_std_lambda_0.25 - INFO - Epoch 117/200 | Time:  7.85s | Loss: 0.2091 | BPR: 0.1805 | ILE: 0.0286 | L_H: 0.1282 L_M: 0.2788 L_T: 0.2616
2026-07-13 18:34:33 - ile_std_lambda_0.25 - INFO - Epoch 118/200 | Time:  7.89s | Loss: 0.2070 | BPR: 0.1796 | ILE: 0.0274 | L_H: 0.1280 L_M: 0.2766 L_T: 0.2495
2026-07-13 18:34:40 - ile_std_lambda_0.25 - INFO - Epoch 119/200 | Time:  7.66s | Loss: 0.2060 | BPR: 0.1784 | ILE: 0.0276 | L_H: 0.1270 L_M: 0.2750 L_T: 0.2534
2026-07-13 18:34:59 - ile_std_lambda_0.25 - INFO - Epoch 120/200 | Time:  7.81s | Loss: 0.2067 | BPR: 0.1790 | ILE: 0.0277 | Dist: 0.1107 | L_H: 0.1277 L_M: 0.2756 L_T: 0.2502 | nDCG: 0.3581 | UPD: 0.2479 | AD: 0.4047 | EE: 0.0658
2026-07-13 18:34:59 - ile_std_lambda_0.25 - INFO - Checkpoint saved: ./checkpoints/ile_std_lambda_0.25/checkpoint_epoch_120.pt
2026-07-13 18:34:59 - ile_std_lambda_0.25 - INFO - Checkpoint saved: ./checkpoints/ile_std_lambda_0.25/best_model.pt
2026-07-13 18:34:59 - ile_std_lambda_0.25 - INFO -   New best nDCG: 0.3581 (saved as best_model.pt)
2026-07-13 18:35:07 - ile_std_lambda_0.25 - INFO - Epoch 121/200 | Time:  7.86s | Loss: 0.2046 | BPR: 0.1774 | ILE: 0.0272 | L_H: 0.1266 L_M: 0.2729 L_T: 0.2519
2026-07-13 18:35:15 - ile_std_lambda_0.25 - INFO - Epoch 122/200 | Time:  7.85s | Loss: 0.2043 | BPR: 0.1767 | ILE: 0.0277 | L_H: 0.1261 L_M: 0.2717 L_T: 0.2557
2026-07-13 18:35:22 - ile_std_lambda_0.25 - INFO - Epoch 123/200 | Time:  7.62s | Loss: 0.2039 | BPR: 0.1763 | ILE: 0.0276 | L_H: 0.1259 L_M: 0.2711 L_T: 0.2532
2026-07-13 18:35:30 - ile_std_lambda_0.25 - INFO - Epoch 124/200 | Time:  7.89s | Loss: 0.2025 | BPR: 0.1760 | ILE: 0.0265 | L_H: 0.1264 L_M: 0.2695 L_T: 0.2397
2026-07-13 18:35:38 - ile_std_lambda_0.25 - INFO - Epoch 125/200 | Time:  7.81s | Loss: 0.2017 | BPR: 0.1743 | ILE: 0.0274 | L_H: 0.1250 L_M: 0.2669 L_T: 0.2486
2026-07-13 18:35:46 - ile_std_lambda_0.25 - INFO - Epoch 126/200 | Time:  7.64s | Loss: 0.2000 | BPR: 0.1735 | ILE: 0.0265 | L_H: 0.1245 L_M: 0.2656 L_T: 0.2364
2026-07-13 18:35:53 - ile_std_lambda_0.25 - INFO - Epoch 127/200 | Time:  7.85s | Loss: 0.2013 | BPR: 0.1738 | ILE: 0.0276 | L_H: 0.1249 L_M: 0.2653 L_T: 0.2536
2026-07-13 18:36:01 - ile_std_lambda_0.25 - INFO - Epoch 128/200 | Time:  7.85s | Loss: 0.1987 | BPR: 0.1723 | ILE: 0.0263 | L_H: 0.1241 L_M: 0.2632 L_T: 0.2354
2026-07-13 18:36:09 - ile_std_lambda_0.25 - INFO - Epoch 129/200 | Time:  7.86s | Loss: 0.1995 | BPR: 0.1730 | ILE: 0.0265 | L_H: 0.1246 L_M: 0.2641 L_T: 0.2388
2026-07-13 18:36:28 - ile_std_lambda_0.25 - INFO - Epoch 130/200 | Time:  7.67s | Loss: 0.1973 | BPR: 0.1713 | ILE: 0.0261 | Dist: 0.1043 | L_H: 0.1234 L_M: 0.2614 L_T: 0.2343 | nDCG: 0.3615 | UPD: 0.2419 | AD: 0.4123 | EE: 0.0716
2026-07-13 18:36:28 - ile_std_lambda_0.25 - INFO - Checkpoint saved: ./checkpoints/ile_std_lambda_0.25/checkpoint_epoch_130.pt
2026-07-13 18:36:28 - ile_std_lambda_0.25 - INFO - Checkpoint saved: ./checkpoints/ile_std_lambda_0.25/best_model.pt
2026-07-13 18:36:28 - ile_std_lambda_0.25 - INFO -   New best nDCG: 0.3615 (saved as best_model.pt)
2026-07-13 18:36:35 - ile_std_lambda_0.25 - INFO - Epoch 131/200 | Time:  7.89s | Loss: 0.1965 | BPR: 0.1704 | ILE: 0.0261 | L_H: 0.1230 L_M: 0.2597 L_T: 0.2327
2026-07-13 18:36:43 - ile_std_lambda_0.25 - INFO - Epoch 132/200 | Time:  7.91s | Loss: 0.1971 | BPR: 0.1705 | ILE: 0.0266 | L_H: 0.1233 L_M: 0.2592 L_T: 0.2407
2026-07-13 18:36:51 - ile_std_lambda_0.25 - INFO - Epoch 133/200 | Time:  7.93s | Loss: 0.1962 | BPR: 0.1697 | ILE: 0.0265 | L_H: 0.1223 L_M: 0.2589 L_T: 0.2369
2026-07-13 18:36:59 - ile_std_lambda_0.25 - INFO - Epoch 134/200 | Time:  7.64s | Loss: 0.1937 | BPR: 0.1688 | ILE: 0.0249 | L_H: 0.1220 L_M: 0.2571 L_T: 0.2205
2026-07-13 18:37:07 - ile_std_lambda_0.25 - INFO - Epoch 135/200 | Time:  7.92s | Loss: 0.1943 | BPR: 0.1677 | ILE: 0.0266 | L_H: 0.1217 L_M: 0.2543 L_T: 0.2397
2026-07-13 18:37:15 - ile_std_lambda_0.25 - INFO - Epoch 136/200 | Time:  7.81s | Loss: 0.1933 | BPR: 0.1673 | ILE: 0.0260 | L_H: 0.1209 L_M: 0.2550 L_T: 0.2212
2026-07-13 18:37:22 - ile_std_lambda_0.25 - INFO - Epoch 137/200 | Time:  7.63s | Loss: 0.1924 | BPR: 0.1666 | ILE: 0.0258 | L_H: 0.1206 L_M: 0.2532 L_T: 0.2294
2026-07-13 18:37:30 - ile_std_lambda_0.25 - INFO - Epoch 138/200 | Time:  7.89s | Loss: 0.1919 | BPR: 0.1669 | ILE: 0.0250 | L_H: 0.1209 L_M: 0.2536 L_T: 0.2240
2026-07-13 18:37:38 - ile_std_lambda_0.25 - INFO - Epoch 139/200 | Time:  7.82s | Loss: 0.1900 | BPR: 0.1655 | ILE: 0.0244 | L_H: 0.1207 L_M: 0.2501 L_T: 0.2126
2026-07-13 18:37:57 - ile_std_lambda_0.25 - INFO - Epoch 140/200 | Time:  7.86s | Loss: 0.1904 | BPR: 0.1652 | ILE: 0.0252 | Dist: 0.1010 | L_H: 0.1197 L_M: 0.2509 L_T: 0.2238 | nDCG: 0.3659 | UPD: 0.2372 | AD: 0.4296 | EE: 0.0765
2026-07-13 18:37:57 - ile_std_lambda_0.25 - INFO - Checkpoint saved: ./checkpoints/ile_std_lambda_0.25/checkpoint_epoch_140.pt
2026-07-13 18:37:57 - ile_std_lambda_0.25 - INFO - Checkpoint saved: ./checkpoints/ile_std_lambda_0.25/best_model.pt
2026-07-13 18:37:57 - ile_std_lambda_0.25 - INFO -   New best nDCG: 0.3659 (saved as best_model.pt)
2026-07-13 18:38:04 - ile_std_lambda_0.25 - INFO - Epoch 141/200 | Time:  7.59s | Loss: 0.1893 | BPR: 0.1645 | ILE: 0.0248 | L_H: 0.1198 L_M: 0.2488 L_T: 0.2159
2026-07-13 18:38:12 - ile_std_lambda_0.25 - INFO - Epoch 142/200 | Time:  7.84s | Loss: 0.1878 | BPR: 0.1636 | ILE: 0.0242 | L_H: 0.1185 L_M: 0.2486 L_T: 0.2141
2026-07-13 18:38:20 - ile_std_lambda_0.25 - INFO - Epoch 143/200 | Time:  7.76s | Loss: 0.1879 | BPR: 0.1629 | ILE: 0.0250 | L_H: 0.1185 L_M: 0.2465 L_T: 0.2176
2026-07-13 18:38:27 - ile_std_lambda_0.25 - INFO - Epoch 144/200 | Time:  7.55s | Loss: 0.1872 | BPR: 0.1624 | ILE: 0.0247 | L_H: 0.1188 L_M: 0.2447 L_T: 0.2162
2026-07-13 18:38:35 - ile_std_lambda_0.25 - INFO - Epoch 145/200 | Time:  7.86s | Loss: 0.1861 | BPR: 0.1618 | ILE: 0.0242 | L_H: 0.1184 L_M: 0.2438 L_T: 0.2093
2026-07-13 18:38:43 - ile_std_lambda_0.25 - INFO - Epoch 146/200 | Time:  7.76s | Loss: 0.1857 | BPR: 0.1620 | ILE: 0.0236 | L_H: 0.1185 L_M: 0.2440 L_T: 0.2081
2026-07-13 18:38:51 - ile_std_lambda_0.25 - INFO - Epoch 147/200 | Time:  7.70s | Loss: 0.1840 | BPR: 0.1605 | ILE: 0.0235 | L_H: 0.1175 L_M: 0.2417 L_T: 0.2078
2026-07-13 18:38:58 - ile_std_lambda_0.25 - INFO - Epoch 148/200 | Time:  7.60s | Loss: 0.1833 | BPR: 0.1593 | ILE: 0.0239 | L_H: 0.1167 L_M: 0.2398 L_T: 0.2043
2026-07-13 18:39:06 - ile_std_lambda_0.25 - INFO - Epoch 149/200 | Time:  7.79s | Loss: 0.1832 | BPR: 0.1598 | ILE: 0.0234 | L_H: 0.1172 L_M: 0.2401 L_T: 0.2065
2026-07-13 18:39:24 - ile_std_lambda_0.25 - INFO - Epoch 150/200 | Time:  7.81s | Loss: 0.1822 | BPR: 0.1588 | ILE: 0.0234 | Dist: 0.0935 | L_H: 0.1167 L_M: 0.2381 L_T: 0.2031 | nDCG: 0.3681 | UPD: 0.2322 | AD: 0.4436 | EE: 0.0811
2026-07-13 18:39:24 - ile_std_lambda_0.25 - INFO - Checkpoint saved: ./checkpoints/ile_std_lambda_0.25/checkpoint_epoch_150.pt
2026-07-13 18:39:24 - ile_std_lambda_0.25 - INFO - Checkpoint saved: ./checkpoints/ile_std_lambda_0.25/best_model.pt
2026-07-13 18:39:24 - ile_std_lambda_0.25 - INFO -   New best nDCG: 0.3681 (saved as best_model.pt)
2026-07-13 18:39:32 - ile_std_lambda_0.25 - INFO - Epoch 151/200 | Time:  7.78s | Loss: 0.1815 | BPR: 0.1578 | ILE: 0.0237 | L_H: 0.1157 L_M: 0.2370 L_T: 0.2096
2026-07-13 18:39:40 - ile_std_lambda_0.25 - INFO - Epoch 152/200 | Time:  7.54s | Loss: 0.1811 | BPR: 0.1578 | ILE: 0.0233 | L_H: 0.1157 L_M: 0.2369 L_T: 0.2054
2026-07-13 18:39:48 - ile_std_lambda_0.25 - INFO - Epoch 153/200 | Time:  7.80s | Loss: 0.1800 | BPR: 0.1569 | ILE: 0.0231 | L_H: 0.1162 L_M: 0.2339 L_T: 0.1977
2026-07-13 18:39:55 - ile_std_lambda_0.25 - INFO - Epoch 154/200 | Time:  7.87s | Loss: 0.1800 | BPR: 0.1568 | ILE: 0.0232 | L_H: 0.1154 L_M: 0.2348 L_T: 0.2048
2026-07-13 18:40:03 - ile_std_lambda_0.25 - INFO - Epoch 155/200 | Time:  7.62s | Loss: 0.1785 | BPR: 0.1555 | ILE: 0.0230 | L_H: 0.1145 L_M: 0.2331 L_T: 0.1969
2026-07-13 18:40:11 - ile_std_lambda_0.25 - INFO - Epoch 156/200 | Time:  7.96s | Loss: 0.1781 | BPR: 0.1551 | ILE: 0.0230 | L_H: 0.1145 L_M: 0.2317 L_T: 0.1996
2026-07-13 18:40:19 - ile_std_lambda_0.25 - INFO - Epoch 157/200 | Time:  7.85s | Loss: 0.1780 | BPR: 0.1554 | ILE: 0.0227 | L_H: 0.1144 L_M: 0.2329 L_T: 0.1883
2026-07-13 18:40:27 - ile_std_lambda_0.25 - INFO - Epoch 158/200 | Time:  7.73s | Loss: 0.1782 | BPR: 0.1550 | ILE: 0.0233 | L_H: 0.1142 L_M: 0.2318 L_T: 0.2017
2026-07-13 18:40:34 - ile_std_lambda_0.25 - INFO - Epoch 159/200 | Time:  7.64s | Loss: 0.1760 | BPR: 0.1534 | ILE: 0.0226 | L_H: 0.1133 L_M: 0.2289 L_T: 0.1923
2026-07-13 18:40:53 - ile_std_lambda_0.25 - INFO - Epoch 160/200 | Time:  7.88s | Loss: 0.1757 | BPR: 0.1532 | ILE: 0.0225 | Dist: 0.0899 | L_H: 0.1139 L_M: 0.2275 L_T: 0.1968 | nDCG: 0.3701 | UPD: 0.2259 | AD: 0.4528 | EE: 0.0866
2026-07-13 18:40:53 - ile_std_lambda_0.25 - INFO - Checkpoint saved: ./checkpoints/ile_std_lambda_0.25/checkpoint_epoch_160.pt
2026-07-13 18:40:53 - ile_std_lambda_0.25 - INFO - Checkpoint saved: ./checkpoints/ile_std_lambda_0.25/best_model.pt
2026-07-13 18:40:53 - ile_std_lambda_0.25 - INFO -   New best nDCG: 0.3701 (saved as best_model.pt)
2026-07-13 18:41:01 - ile_std_lambda_0.25 - INFO - Epoch 161/200 | Time:  7.76s | Loss: 0.1748 | BPR: 0.1525 | ILE: 0.0222 | L_H: 0.1134 L_M: 0.2267 L_T: 0.1876
2026-07-13 18:41:08 - ile_std_lambda_0.25 - INFO - Epoch 162/200 | Time:  7.74s | Loss: 0.1744 | BPR: 0.1522 | ILE: 0.0222 | L_H: 0.1126 L_M: 0.2270 L_T: 0.1949
2026-07-13 18:41:16 - ile_std_lambda_0.25 - INFO - Epoch 163/200 | Time:  7.83s | Loss: 0.1726 | BPR: 0.1517 | ILE: 0.0209 | L_H: 0.1131 L_M: 0.2247 L_T: 0.1818
2026-07-13 18:41:24 - ile_std_lambda_0.25 - INFO - Epoch 164/200 | Time:  7.90s | Loss: 0.1722 | BPR: 0.1505 | ILE: 0.0217 | L_H: 0.1124 L_M: 0.2224 L_T: 0.1903
2026-07-13 18:41:32 - ile_std_lambda_0.25 - INFO - Epoch 165/200 | Time:  7.90s | Loss: 0.1718 | BPR: 0.1502 | ILE: 0.0215 | L_H: 0.1126 L_M: 0.2214 L_T: 0.1822
2026-07-13 18:41:40 - ile_std_lambda_0.25 - INFO - Epoch 166/200 | Time:  7.62s | Loss: 0.1715 | BPR: 0.1498 | ILE: 0.0217 | L_H: 0.1119 L_M: 0.2213 L_T: 0.1874
2026-07-13 18:41:47 - ile_std_lambda_0.25 - INFO - Epoch 167/200 | Time:  7.82s | Loss: 0.1701 | BPR: 0.1490 | ILE: 0.0211 | L_H: 0.1114 L_M: 0.2202 L_T: 0.1804
2026-07-13 18:41:55 - ile_std_lambda_0.25 - INFO - Epoch 168/200 | Time:  7.82s | Loss: 0.1705 | BPR: 0.1486 | ILE: 0.0219 | L_H: 0.1110 L_M: 0.2195 L_T: 0.1907
2026-07-13 18:42:03 - ile_std_lambda_0.25 - INFO - Epoch 169/200 | Time:  7.92s | Loss: 0.1706 | BPR: 0.1485 | ILE: 0.0221 | L_H: 0.1113 L_M: 0.2188 L_T: 0.1885
2026-07-13 18:42:21 - ile_std_lambda_0.25 - INFO - Epoch 170/200 | Time:  7.65s | Loss: 0.1690 | BPR: 0.1476 | ILE: 0.0215 | Dist: 0.0858 | L_H: 0.1101 L_M: 0.2186 L_T: 0.1858 | nDCG: 0.3715 | UPD: 0.2224 | AD: 0.4636 | EE: 0.0911
2026-07-13 18:42:21 - ile_std_lambda_0.25 - INFO - Checkpoint saved: ./checkpoints/ile_std_lambda_0.25/checkpoint_epoch_170.pt
2026-07-13 18:42:21 - ile_std_lambda_0.25 - INFO - Checkpoint saved: ./checkpoints/ile_std_lambda_0.25/best_model.pt
2026-07-13 18:42:21 - ile_std_lambda_0.25 - INFO -   New best nDCG: 0.3715 (saved as best_model.pt)
2026-07-13 18:42:29 - ile_std_lambda_0.25 - INFO - Epoch 171/200 | Time:  7.80s | Loss: 0.1684 | BPR: 0.1472 | ILE: 0.0212 | L_H: 0.1100 L_M: 0.2177 L_T: 0.1790
2026-07-13 18:42:37 - ile_std_lambda_0.25 - INFO - Epoch 172/200 | Time:  7.97s | Loss: 0.1687 | BPR: 0.1468 | ILE: 0.0219 | L_H: 0.1099 L_M: 0.2165 L_T: 0.1826
2026-07-13 18:42:45 - ile_std_lambda_0.25 - INFO - Epoch 173/200 | Time:  7.66s | Loss: 0.1681 | BPR: 0.1463 | ILE: 0.0218 | L_H: 0.1096 L_M: 0.2156 L_T: 0.1879
2026-07-13 18:42:53 - ile_std_lambda_0.25 - INFO - Epoch 174/200 | Time:  7.88s | Loss: 0.1666 | BPR: 0.1452 | ILE: 0.0214 | L_H: 0.1092 L_M: 0.2132 L_T: 0.1758
2026-07-13 18:43:01 - ile_std_lambda_0.25 - INFO - Epoch 175/200 | Time:  7.85s | Loss: 0.1653 | BPR: 0.1454 | ILE: 0.0199 | L_H: 0.1099 L_M: 0.2129 L_T: 0.1621
2026-07-13 18:43:08 - ile_std_lambda_0.25 - INFO - Epoch 176/200 | Time:  7.85s | Loss: 0.1653 | BPR: 0.1446 | ILE: 0.0207 | L_H: 0.1090 L_M: 0.2121 L_T: 0.1728
2026-07-13 18:43:16 - ile_std_lambda_0.25 - INFO - Epoch 177/200 | Time:  7.57s | Loss: 0.1655 | BPR: 0.1449 | ILE: 0.0206 | L_H: 0.1091 L_M: 0.2126 L_T: 0.1748
2026-07-13 18:43:24 - ile_std_lambda_0.25 - INFO - Epoch 178/200 | Time:  7.87s | Loss: 0.1640 | BPR: 0.1433 | ILE: 0.0207 | L_H: 0.1076 L_M: 0.2108 L_T: 0.1736
2026-07-13 18:43:32 - ile_std_lambda_0.25 - INFO - Epoch 179/200 | Time:  7.86s | Loss: 0.1620 | BPR: 0.1421 | ILE: 0.0198 | L_H: 0.1077 L_M: 0.2074 L_T: 0.1699
2026-07-13 18:43:50 - ile_std_lambda_0.25 - INFO - Epoch 180/200 | Time:  7.56s | Loss: 0.1630 | BPR: 0.1428 | ILE: 0.0202 | Dist: 0.0808 | L_H: 0.1086 L_M: 0.2075 L_T: 0.1666 | nDCG: 0.3727 | UPD: 0.2176 | AD: 0.4781 | EE: 0.0961
2026-07-13 18:43:50 - ile_std_lambda_0.25 - INFO - Checkpoint saved: ./checkpoints/ile_std_lambda_0.25/checkpoint_epoch_180.pt
2026-07-13 18:43:50 - ile_std_lambda_0.25 - INFO - Checkpoint saved: ./checkpoints/ile_std_lambda_0.25/best_model.pt
2026-07-13 18:43:50 - ile_std_lambda_0.25 - INFO -   New best nDCG: 0.3727 (saved as best_model.pt)
2026-07-13 18:43:58 - ile_std_lambda_0.25 - INFO - Epoch 181/200 | Time:  7.88s | Loss: 0.1621 | BPR: 0.1420 | ILE: 0.0202 | L_H: 0.1079 L_M: 0.2065 L_T: 0.1742
2026-07-13 18:44:06 - ile_std_lambda_0.25 - INFO - Epoch 182/200 | Time:  7.90s | Loss: 0.1627 | BPR: 0.1415 | ILE: 0.0212 | L_H: 0.1073 L_M: 0.2061 L_T: 0.1807
2026-07-13 18:44:14 - ile_std_lambda_0.25 - INFO - Epoch 183/200 | Time:  7.89s | Loss: 0.1616 | BPR: 0.1408 | ILE: 0.0208 | L_H: 0.1068 L_M: 0.2050 L_T: 0.1802
2026-07-13 18:44:21 - ile_std_lambda_0.25 - INFO - Epoch 184/200 | Time:  7.71s | Loss: 0.1599 | BPR: 0.1402 | ILE: 0.0197 | L_H: 0.1068 L_M: 0.2032 L_T: 0.1668
2026-07-13 18:44:29 - ile_std_lambda_0.25 - INFO - Epoch 185/200 | Time:  7.98s | Loss: 0.1599 | BPR: 0.1396 | ILE: 0.0203 | L_H: 0.1057 L_M: 0.2035 L_T: 0.1713
2026-07-13 18:44:37 - ile_std_lambda_0.25 - INFO - Epoch 186/200 | Time:  7.98s | Loss: 0.1602 | BPR: 0.1399 | ILE: 0.0203 | L_H: 0.1063 L_M: 0.2035 L_T: 0.1724
2026-07-13 18:44:45 - ile_std_lambda_0.25 - INFO - Epoch 187/200 | Time:  8.01s | Loss: 0.1590 | BPR: 0.1392 | ILE: 0.0198 | L_H: 0.1059 L_M: 0.2022 L_T: 0.1642
2026-07-13 18:44:53 - ile_std_lambda_0.25 - INFO - Epoch 188/200 | Time:  7.66s | Loss: 0.1588 | BPR: 0.1386 | ILE: 0.0202 | L_H: 0.1057 L_M: 0.2007 L_T: 0.1723
2026-07-13 18:45:01 - ile_std_lambda_0.25 - INFO - Epoch 189/200 | Time:  7.87s | Loss: 0.1578 | BPR: 0.1378 | ILE: 0.0200 | L_H: 0.1050 L_M: 0.2002 L_T: 0.1659
2026-07-13 18:45:19 - ile_std_lambda_0.25 - INFO - Epoch 190/200 | Time:  7.87s | Loss: 0.1558 | BPR: 0.1367 | ILE: 0.0191 | Dist: 0.0763 | L_H: 0.1043 L_M: 0.1981 L_T: 0.1517 | nDCG: 0.3744 | UPD: 0.2145 | AD: 0.4900 | EE: 0.0997
2026-07-13 18:45:19 - ile_std_lambda_0.25 - INFO - Checkpoint saved: ./checkpoints/ile_std_lambda_0.25/checkpoint_epoch_190.pt
2026-07-13 18:45:19 - ile_std_lambda_0.25 - INFO - Checkpoint saved: ./checkpoints/ile_std_lambda_0.25/best_model.pt
2026-07-13 18:45:19 - ile_std_lambda_0.25 - INFO -   New best nDCG: 0.3744 (saved as best_model.pt)
2026-07-13 18:45:27 - ile_std_lambda_0.25 - INFO - Epoch 191/200 | Time:  7.64s | Loss: 0.1568 | BPR: 0.1370 | ILE: 0.0198 | L_H: 0.1042 L_M: 0.1993 L_T: 0.1597
2026-07-13 18:45:35 - ile_std_lambda_0.25 - INFO - Epoch 192/200 | Time:  7.88s | Loss: 0.1562 | BPR: 0.1367 | ILE: 0.0195 | L_H: 0.1040 L_M: 0.1985 L_T: 0.1639
2026-07-13 18:45:43 - ile_std_lambda_0.25 - INFO - Epoch 193/200 | Time:  7.90s | Loss: 0.1557 | BPR: 0.1366 | ILE: 0.0191 | L_H: 0.1045 L_M: 0.1972 L_T: 0.1637
2026-07-13 18:45:51 - ile_std_lambda_0.25 - INFO - Epoch 194/200 | Time:  7.96s | Loss: 0.1546 | BPR: 0.1354 | ILE: 0.0192 | L_H: 0.1041 L_M: 0.1944 L_T: 0.1609
2026-07-13 18:45:58 - ile_std_lambda_0.25 - INFO - Epoch 195/200 | Time:  7.69s | Loss: 0.1541 | BPR: 0.1348 | ILE: 0.0193 | L_H: 0.1038 L_M: 0.1934 L_T: 0.1576
2026-07-13 18:46:06 - ile_std_lambda_0.25 - INFO - Epoch 196/200 | Time:  7.81s | Loss: 0.1539 | BPR: 0.1351 | ILE: 0.0187 | L_H: 0.1034 L_M: 0.1953 L_T: 0.1540
2026-07-13 18:46:14 - ile_std_lambda_0.25 - INFO - Epoch 197/200 | Time:  7.92s | Loss: 0.1532 | BPR: 0.1343 | ILE: 0.0188 | L_H: 0.1033 L_M: 0.1931 L_T: 0.1586
2026-07-13 18:46:22 - ile_std_lambda_0.25 - INFO - Epoch 198/200 | Time:  7.99s | Loss: 0.1525 | BPR: 0.1337 | ILE: 0.0188 | L_H: 0.1030 L_M: 0.1920 L_T: 0.1561
2026-07-13 18:46:30 - ile_std_lambda_0.25 - INFO - Epoch 199/200 | Time:  7.73s | Loss: 0.1515 | BPR: 0.1328 | ILE: 0.0187 | L_H: 0.1021 L_M: 0.1910 L_T: 0.1565
2026-07-13 18:46:49 - ile_std_lambda_0.25 - INFO - Epoch 200/200 | Time:  7.88s | Loss: 0.1518 | BPR: 0.1327 | ILE: 0.0191 | Dist: 0.0765 | L_H: 0.1019 L_M: 0.1911 L_T: 0.1524 | nDCG: 0.3751 | UPD: 0.2115 | AD: 0.5005 | EE: 0.1035
2026-07-13 18:46:49 - ile_std_lambda_0.25 - INFO - Checkpoint saved: ./checkpoints/ile_std_lambda_0.25/checkpoint_epoch_200.pt
2026-07-13 18:46:49 - ile_std_lambda_0.25 - INFO - Checkpoint saved: ./checkpoints/ile_std_lambda_0.25/best_model.pt
2026-07-13 18:46:49 - ile_std_lambda_0.25 - INFO -   New best nDCG: 0.3751 (saved as best_model.pt)
2026-07-13 18:46:49 - ile_std_lambda_0.25 - INFO - Training completed in 1559.85s (26.00min)
2026-07-13 18:46:49 - ile_std_lambda_0.25 - INFO - Best model: epoch 200, nDCG=0.3751
2026-07-13 18:46:49 - ile_std_lambda_0.25 - INFO - Evaluating model for λ=0.25...
2026-07-13 18:46:59 - ile_std_lambda_0.25 - INFO - Run λ=0.25 Complete | nDCG: 0.3751 | UPD: 0.2115
