2026-07-13 18:46:59 - ile_std_lambda_0.5 - INFO - No checkpoint found. Training from scratch for λ=0.5...
2026-07-13 18:46:59 - ile_std_lambda_0.5 - INFO - Starting training for 200 epochs
2026-07-13 18:46:59 - ile_std_lambda_0.5 - INFO - Model: ILEBPRModel
2026-07-13 18:46:59 - ile_std_lambda_0.5 - INFO - Dataset: movielens-1m
2026-07-13 18:46:59 - ile_std_lambda_0.5 - INFO - Users: 6040, Items: 3706
2026-07-13 18:46:59 - ile_std_lambda_0.5 - INFO - Train interactions: 797,758
2026-07-13 18:46:59 - ile_std_lambda_0.5 - INFO - Use ILE: True
2026-07-13 18:46:59 - ile_std_lambda_0.5 - INFO - Distance: std, λ: 0.5
2026-07-13 18:46:59 - ile_std_lambda_0.5 - INFO - Batches per epoch: 780
2026-07-13 18:47:18 - ile_std_lambda_0.5 - INFO - Epoch   1/200 | Time:  7.98s | Loss: 0.6932 | BPR: 0.6931 | ILE: 0.0001 | Dist: 0.0002 | L_H: 0.6931 L_M: 0.6931 L_T: 0.6932 | nDCG: 0.0316 | UPD: 0.3263 | AD: 0.9933 | EE: 0.5361
2026-07-13 18:47:18 - ile_std_lambda_0.5 - INFO - Checkpoint saved: ./checkpoints/ile_std_lambda_0.5/best_model.pt
2026-07-13 18:47:18 - ile_std_lambda_0.5 - INFO -   New best nDCG: 0.0316 (saved as best_model.pt)
2026-07-13 18:47:26 - ile_std_lambda_0.5 - INFO - Epoch   2/200 | Time:  7.86s | Loss: 0.6922 | BPR: 0.6916 | ILE: 0.0006 | L_H: 0.6911 L_M: 0.6927 L_T: 0.6931
2026-07-13 18:47:34 - ile_std_lambda_0.5 - INFO - Epoch   3/200 | Time:  7.82s | Loss: 0.6813 | BPR: 0.6744 | ILE: 0.0069 | L_H: 0.6669 L_M: 0.6885 L_T: 0.6925
2026-07-13 18:47:42 - ile_std_lambda_0.5 - INFO - Epoch   4/200 | Time:  8.00s | Loss: 0.6407 | BPR: 0.6099 | ILE: 0.0307 | L_H: 0.5770 L_M: 0.6713 L_T: 0.6912
2026-07-13 18:47:50 - ile_std_lambda_0.5 - INFO - Epoch   5/200 | Time:  8.04s | Loss: 0.5918 | BPR: 0.5317 | ILE: 0.0601 | L_H: 0.4688 L_M: 0.6486 L_T: 0.6937
2026-07-13 18:47:58 - ile_std_lambda_0.5 - INFO - Epoch   6/200 | Time:  7.76s | Loss: 0.5586 | BPR: 0.4794 | ILE: 0.0792 | L_H: 0.3971 L_M: 0.6327 L_T: 0.6922
2026-07-13 18:48:06 - ile_std_lambda_0.5 - INFO - Epoch   7/200 | Time:  8.01s | Loss: 0.5404 | BPR: 0.4488 | ILE: 0.0916 | L_H: 0.3555 L_M: 0.6221 L_T: 0.6967
2026-07-13 18:48:14 - ile_std_lambda_0.5 - INFO - Epoch   8/200 | Time:  7.98s | Loss: 0.5253 | BPR: 0.4291 | ILE: 0.0962 | L_H: 0.3298 L_M: 0.6136 L_T: 0.6856
2026-07-13 18:48:22 - ile_std_lambda_0.5 - INFO - Epoch   9/200 | Time:  7.99s | Loss: 0.5176 | BPR: 0.4161 | ILE: 0.1015 | L_H: 0.3129 L_M: 0.6080 L_T: 0.6888
2026-07-13 18:48:40 - ile_std_lambda_0.5 - INFO - Epoch  10/200 | Time:  7.76s | Loss: 0.5101 | BPR: 0.4055 | ILE: 0.1046 | Dist: 0.2093 | L_H: 0.2998 L_M: 0.6020 L_T: 0.6853 | nDCG: 0.2102 | UPD: 0.3267 | AD: 0.0640 | EE: 0.0048
2026-07-13 18:48:40 - ile_std_lambda_0.5 - INFO - Checkpoint saved: ./checkpoints/ile_std_lambda_0.5/checkpoint_epoch_10.pt
2026-07-13 18:48:40 - ile_std_lambda_0.5 - INFO - Checkpoint saved: ./checkpoints/ile_std_lambda_0.5/best_model.pt
2026-07-13 18:48:40 - ile_std_lambda_0.5 - INFO -   New best nDCG: 0.2102 (saved as best_model.pt)
2026-07-13 18:48:48 - ile_std_lambda_0.5 - INFO - Epoch  11/200 | Time:  7.94s | Loss: 0.5032 | BPR: 0.3971 | ILE: 0.1060 | L_H: 0.2907 L_M: 0.5949 L_T: 0.6816
2026-07-13 18:48:56 - ile_std_lambda_0.5 - INFO - Epoch  12/200 | Time:  8.01s | Loss: 0.4973 | BPR: 0.3899 | ILE: 0.1074 | L_H: 0.2828 L_M: 0.5889 L_T: 0.6773
2026-07-13 18:49:04 - ile_std_lambda_0.5 - INFO - Epoch  13/200 | Time:  7.88s | Loss: 0.4914 | BPR: 0.3842 | ILE: 0.1073 | L_H: 0.2769 L_M: 0.5836 L_T: 0.6703
2026-07-13 18:49:12 - ile_std_lambda_0.5 - INFO - Epoch  14/200 | Time:  7.72s | Loss: 0.4848 | BPR: 0.3780 | ILE: 0.1068 | L_H: 0.2712 L_M: 0.5764 L_T: 0.6632
2026-07-13 18:49:20 - ile_std_lambda_0.5 - INFO - Epoch  15/200 | Time:  8.11s | Loss: 0.4805 | BPR: 0.3735 | ILE: 0.1070 | L_H: 0.2667 L_M: 0.5719 L_T: 0.6571
2026-07-13 18:49:28 - ile_std_lambda_0.5 - INFO - Epoch  16/200 | Time:  7.92s | Loss: 0.4755 | BPR: 0.3690 | ILE: 0.1066 | L_H: 0.2633 L_M: 0.5655 L_T: 0.6527
2026-07-13 18:49:35 - ile_std_lambda_0.5 - INFO - Epoch  17/200 | Time:  7.78s | Loss: 0.4701 | BPR: 0.3642 | ILE: 0.1060 | L_H: 0.2595 L_M: 0.5585 L_T: 0.6451
2026-07-13 18:49:43 - ile_std_lambda_0.5 - INFO - Epoch  18/200 | Time:  8.03s | Loss: 0.4652 | BPR: 0.3607 | ILE: 0.1045 | L_H: 0.2573 L_M: 0.5530 L_T: 0.6375
2026-07-13 18:49:52 - ile_std_lambda_0.5 - INFO - Epoch  19/200 | Time:  8.14s | Loss: 0.4581 | BPR: 0.3554 | ILE: 0.1027 | L_H: 0.2537 L_M: 0.5446 L_T: 0.6246
2026-07-13 18:50:10 - ile_std_lambda_0.5 - INFO - Epoch  20/200 | Time:  7.94s | Loss: 0.4562 | BPR: 0.3521 | ILE: 0.1040 | Dist: 0.2081 | L_H: 0.2519 L_M: 0.5382 L_T: 0.6287 | nDCG: 0.2366 | UPD: 0.3228 | AD: 0.0912 | EE: 0.0065
2026-07-13 18:50:10 - ile_std_lambda_0.5 - INFO - Checkpoint saved: ./checkpoints/ile_std_lambda_0.5/checkpoint_epoch_20.pt
2026-07-13 18:50:10 - ile_std_lambda_0.5 - INFO - Checkpoint saved: ./checkpoints/ile_std_lambda_0.5/best_model.pt
2026-07-13 18:50:10 - ile_std_lambda_0.5 - INFO -   New best nDCG: 0.2366 (saved as best_model.pt)
2026-07-13 18:50:18 - ile_std_lambda_0.5 - INFO - Epoch  21/200 | Time:  7.78s | Loss: 0.4495 | BPR: 0.3483 | ILE: 0.1012 | L_H: 0.2494 L_M: 0.5320 L_T: 0.6168
2026-07-13 18:50:26 - ile_std_lambda_0.5 - INFO - Epoch  22/200 | Time:  8.11s | Loss: 0.4431 | BPR: 0.3441 | ILE: 0.0990 | L_H: 0.2465 L_M: 0.5255 L_T: 0.6011
2026-07-13 18:50:34 - ile_std_lambda_0.5 - INFO - Epoch  23/200 | Time:  8.00s | Loss: 0.4417 | BPR: 0.3416 | ILE: 0.1001 | L_H: 0.2452 L_M: 0.5206 L_T: 0.6062
2026-07-13 18:50:42 - ile_std_lambda_0.5 - INFO - Epoch  24/200 | Time:  7.78s | Loss: 0.4354 | BPR: 0.3382 | ILE: 0.0972 | L_H: 0.2431 L_M: 0.5149 L_T: 0.5881
2026-07-13 18:50:50 - ile_std_lambda_0.5 - INFO - Epoch  25/200 | Time:  8.11s | Loss: 0.4303 | BPR: 0.3351 | ILE: 0.0952 | L_H: 0.2417 L_M: 0.5086 L_T: 0.5825
2026-07-13 18:50:58 - ile_std_lambda_0.5 - INFO - Epoch  26/200 | Time:  7.88s | Loss: 0.4254 | BPR: 0.3316 | ILE: 0.0938 | L_H: 0.2398 L_M: 0.5023 L_T: 0.5730
2026-07-13 18:51:06 - ile_std_lambda_0.5 - INFO - Epoch  27/200 | Time:  8.05s | Loss: 0.4226 | BPR: 0.3293 | ILE: 0.0933 | L_H: 0.2387 L_M: 0.4975 L_T: 0.5721
2026-07-13 18:51:14 - ile_std_lambda_0.5 - INFO - Epoch  28/200 | Time:  7.75s | Loss: 0.4143 | BPR: 0.3247 | ILE: 0.0896 | L_H: 0.2361 L_M: 0.4895 L_T: 0.5468
2026-07-13 18:51:22 - ile_std_lambda_0.5 - INFO - Epoch  29/200 | Time:  7.88s | Loss: 0.4122 | BPR: 0.3224 | ILE: 0.0899 | L_H: 0.2349 L_M: 0.4849 L_T: 0.5501
2026-07-13 18:51:40 - ile_std_lambda_0.5 - INFO - Epoch  30/200 | Time:  7.88s | Loss: 0.4086 | BPR: 0.3188 | ILE: 0.0898 | Dist: 0.1796 | L_H: 0.2324 L_M: 0.4795 L_T: 0.5449 | nDCG: 0.2600 | UPD: 0.3095 | AD: 0.1325 | EE: 0.0102
2026-07-13 18:51:40 - ile_std_lambda_0.5 - INFO - Checkpoint saved: ./checkpoints/ile_std_lambda_0.5/checkpoint_epoch_30.pt
2026-07-13 18:51:40 - ile_std_lambda_0.5 - INFO - Checkpoint saved: ./checkpoints/ile_std_lambda_0.5/best_model.pt
2026-07-13 18:51:40 - ile_std_lambda_0.5 - INFO -   New best nDCG: 0.2600 (saved as best_model.pt)
2026-07-13 18:51:48 - ile_std_lambda_0.5 - INFO - Epoch  31/200 | Time:  7.81s | Loss: 0.4037 | BPR: 0.3165 | ILE: 0.0872 | L_H: 0.2311 L_M: 0.4754 L_T: 0.5319
2026-07-13 18:51:56 - ile_std_lambda_0.5 - INFO - Epoch  32/200 | Time:  7.70s | Loss: 0.4013 | BPR: 0.3141 | ILE: 0.0872 | L_H: 0.2304 L_M: 0.4700 L_T: 0.5328
2026-07-13 18:52:04 - ile_std_lambda_0.5 - INFO - Epoch  33/200 | Time:  8.01s | Loss: 0.3946 | BPR: 0.3111 | ILE: 0.0835 | L_H: 0.2285 L_M: 0.4651 L_T: 0.5113
2026-07-13 18:52:12 - ile_std_lambda_0.5 - INFO - Epoch  34/200 | Time:  8.07s | Loss: 0.3917 | BPR: 0.3090 | ILE: 0.0827 | L_H: 0.2278 L_M: 0.4603 L_T: 0.5079
2026-07-13 18:52:20 - ile_std_lambda_0.5 - INFO - Epoch  35/200 | Time:  7.73s | Loss: 0.3887 | BPR: 0.3062 | ILE: 0.0825 | L_H: 0.2261 L_M: 0.4554 L_T: 0.5043
2026-07-13 18:52:27 - ile_std_lambda_0.5 - INFO - Epoch  36/200 | Time:  7.92s | Loss: 0.3877 | BPR: 0.3041 | ILE: 0.0836 | L_H: 0.2245 L_M: 0.4524 L_T: 0.5026
2026-07-13 18:52:35 - ile_std_lambda_0.5 - INFO - Epoch  37/200 | Time:  7.97s | Loss: 0.3809 | BPR: 0.3013 | ILE: 0.0796 | L_H: 0.2234 L_M: 0.4464 L_T: 0.4872
2026-07-13 18:52:44 - ile_std_lambda_0.5 - INFO - Epoch  38/200 | Time:  8.11s | Loss: 0.3774 | BPR: 0.2982 | ILE: 0.0792 | L_H: 0.2217 L_M: 0.4407 L_T: 0.4862
2026-07-13 18:52:51 - ile_std_lambda_0.5 - INFO - Epoch  39/200 | Time:  7.70s | Loss: 0.3744 | BPR: 0.2963 | ILE: 0.0781 | L_H: 0.2203 L_M: 0.4380 L_T: 0.4758
2026-07-13 18:53:10 - ile_std_lambda_0.5 - INFO - Epoch  40/200 | Time:  7.86s | Loss: 0.3723 | BPR: 0.2946 | ILE: 0.0777 | Dist: 0.1553 | L_H: 0.2198 L_M: 0.4338 L_T: 0.4737 | nDCG: 0.2781 | UPD: 0.2945 | AD: 0.1813 | EE: 0.0156
2026-07-13 18:53:10 - ile_std_lambda_0.5 - INFO - Checkpoint saved: ./checkpoints/ile_std_lambda_0.5/checkpoint_epoch_40.pt
2026-07-13 18:53:10 - ile_std_lambda_0.5 - INFO - Checkpoint saved: ./checkpoints/ile_std_lambda_0.5/best_model.pt
2026-07-13 18:53:10 - ile_std_lambda_0.5 - INFO -   New best nDCG: 0.2781 (saved as best_model.pt)
2026-07-13 18:53:18 - ile_std_lambda_0.5 - INFO - Epoch  41/200 | Time:  8.02s | Loss: 0.3673 | BPR: 0.2923 | ILE: 0.0750 | L_H: 0.2182 L_M: 0.4308 L_T: 0.4573
2026-07-13 18:53:26 - ile_std_lambda_0.5 - INFO - Epoch  42/200 | Time:  7.99s | Loss: 0.3658 | BPR: 0.2900 | ILE: 0.0759 | L_H: 0.2171 L_M: 0.4258 L_T: 0.4640
2026-07-13 18:53:34 - ile_std_lambda_0.5 - INFO - Epoch  43/200 | Time:  7.81s | Loss: 0.3608 | BPR: 0.2876 | ILE: 0.0732 | L_H: 0.2154 L_M: 0.4224 L_T: 0.4466
2026-07-13 18:53:42 - ile_std_lambda_0.5 - INFO - Epoch  44/200 | Time:  7.96s | Loss: 0.3600 | BPR: 0.2846 | ILE: 0.0754 | L_H: 0.2137 L_M: 0.4166 L_T: 0.4563
2026-07-13 18:53:50 - ile_std_lambda_0.5 - INFO - Epoch  45/200 | Time:  7.95s | Loss: 0.3559 | BPR: 0.2833 | ILE: 0.0726 | L_H: 0.2139 L_M: 0.4128 L_T: 0.4424
2026-07-13 18:53:57 - ile_std_lambda_0.5 - INFO - Epoch  46/200 | Time:  7.77s | Loss: 0.3523 | BPR: 0.2808 | ILE: 0.0715 | L_H: 0.2117 L_M: 0.4099 L_T: 0.4315
2026-07-13 18:54:05 - ile_std_lambda_0.5 - INFO - Epoch  47/200 | Time:  7.98s | Loss: 0.3493 | BPR: 0.2785 | ILE: 0.0708 | L_H: 0.2105 L_M: 0.4054 L_T: 0.4272
2026-07-13 18:54:13 - ile_std_lambda_0.5 - INFO - Epoch  48/200 | Time:  7.99s | Loss: 0.3458 | BPR: 0.2772 | ILE: 0.0685 | L_H: 0.2097 L_M: 0.4036 L_T: 0.4195
2026-07-13 18:54:21 - ile_std_lambda_0.5 - INFO - Epoch  49/200 | Time:  8.07s | Loss: 0.3430 | BPR: 0.2752 | ILE: 0.0677 | L_H: 0.2084 L_M: 0.4001 L_T: 0.4137
2026-07-13 18:54:40 - ile_std_lambda_0.5 - INFO - Epoch  50/200 | Time:  7.67s | Loss: 0.3412 | BPR: 0.2728 | ILE: 0.0684 | Dist: 0.1367 | L_H: 0.2075 L_M: 0.3947 L_T: 0.4185 | nDCG: 0.2932 | UPD: 0.2798 | AD: 0.2323 | EE: 0.0231
2026-07-13 18:54:40 - ile_std_lambda_0.5 - INFO - Checkpoint saved: ./checkpoints/ile_std_lambda_0.5/checkpoint_epoch_50.pt
2026-07-13 18:54:40 - ile_std_lambda_0.5 - INFO - Checkpoint saved: ./checkpoints/ile_std_lambda_0.5/best_model.pt
2026-07-13 18:54:40 - ile_std_lambda_0.5 - INFO -   New best nDCG: 0.2932 (saved as best_model.pt)
2026-07-13 18:54:48 - ile_std_lambda_0.5 - INFO - Epoch  51/200 | Time:  8.14s | Loss: 0.3397 | BPR: 0.2715 | ILE: 0.0682 | L_H: 0.2063 L_M: 0.3932 L_T: 0.4154
2026-07-13 18:54:56 - ile_std_lambda_0.5 - INFO - Epoch  52/200 | Time:  8.17s | Loss: 0.3370 | BPR: 0.2693 | ILE: 0.0677 | L_H: 0.2053 L_M: 0.3889 L_T: 0.4107
2026-07-13 18:55:04 - ile_std_lambda_0.5 - INFO - Epoch  53/200 | Time:  7.83s | Loss: 0.3345 | BPR: 0.2676 | ILE: 0.0668 | L_H: 0.2039 L_M: 0.3868 L_T: 0.4046
2026-07-13 18:55:12 - ile_std_lambda_0.5 - INFO - Epoch  54/200 | Time:  7.98s | Loss: 0.3306 | BPR: 0.2656 | ILE: 0.0650 | L_H: 0.2026 L_M: 0.3834 L_T: 0.3928
2026-07-13 18:55:20 - ile_std_lambda_0.5 - INFO - Epoch  55/200 | Time:  8.07s | Loss: 0.3290 | BPR: 0.2646 | ILE: 0.0644 | L_H: 0.2020 L_M: 0.3817 L_T: 0.3906
2026-07-13 18:55:28 - ile_std_lambda_0.5 - INFO - Epoch  56/200 | Time:  7.99s | Loss: 0.3267 | BPR: 0.2624 | ILE: 0.0644 | L_H: 0.2009 L_M: 0.3773 L_T: 0.3866
2026-07-13 18:55:36 - ile_std_lambda_0.5 - INFO - Epoch  57/200 | Time:  7.78s | Loss: 0.3254 | BPR: 0.2606 | ILE: 0.0647 | L_H: 0.1998 L_M: 0.3745 L_T: 0.3902
2026-07-13 18:55:44 - ile_std_lambda_0.5 - INFO - Epoch  58/200 | Time:  8.09s | Loss: 0.3212 | BPR: 0.2582 | ILE: 0.0630 | L_H: 0.1983 L_M: 0.3703 L_T: 0.3778
2026-07-13 18:55:52 - ile_std_lambda_0.5 - INFO - Epoch  59/200 | Time:  8.07s | Loss: 0.3208 | BPR: 0.2575 | ILE: 0.0634 | L_H: 0.1973 L_M: 0.3699 L_T: 0.3780
2026-07-13 18:56:11 - ile_std_lambda_0.5 - INFO - Epoch  60/200 | Time:  8.02s | Loss: 0.3186 | BPR: 0.2559 | ILE: 0.0627 | Dist: 0.1255 | L_H: 0.1967 L_M: 0.3665 L_T: 0.3783 | nDCG: 0.3042 | UPD: 0.2660 | AD: 0.2785 | EE: 0.0310
2026-07-13 18:56:11 - ile_std_lambda_0.5 - INFO - Checkpoint saved: ./checkpoints/ile_std_lambda_0.5/checkpoint_epoch_60.pt
2026-07-13 18:56:11 - ile_std_lambda_0.5 - INFO - Checkpoint saved: ./checkpoints/ile_std_lambda_0.5/best_model.pt
2026-07-13 18:56:11 - ile_std_lambda_0.5 - INFO -   New best nDCG: 0.3042 (saved as best_model.pt)
2026-07-13 18:56:19 - ile_std_lambda_0.5 - INFO - Epoch  61/200 | Time:  7.81s | Loss: 0.3165 | BPR: 0.2541 | ILE: 0.0624 | L_H: 0.1954 L_M: 0.3636 L_T: 0.3730
2026-07-13 18:56:27 - ile_std_lambda_0.5 - INFO - Epoch  62/200 | Time:  7.94s | Loss: 0.3138 | BPR: 0.2529 | ILE: 0.0609 | L_H: 0.1945 L_M: 0.3623 L_T: 0.3630
2026-07-13 18:56:35 - ile_std_lambda_0.5 - INFO - Epoch  63/200 | Time:  8.04s | Loss: 0.3118 | BPR: 0.2513 | ILE: 0.0605 | L_H: 0.1939 L_M: 0.3587 L_T: 0.3645
2026-07-13 18:56:42 - ile_std_lambda_0.5 - INFO - Epoch  64/200 | Time:  7.79s | Loss: 0.3091 | BPR: 0.2493 | ILE: 0.0599 | L_H: 0.1926 L_M: 0.3555 L_T: 0.3563
2026-07-13 18:56:50 - ile_std_lambda_0.5 - INFO - Epoch  65/200 | Time:  8.05s | Loss: 0.3061 | BPR: 0.2482 | ILE: 0.0579 | L_H: 0.1920 L_M: 0.3537 L_T: 0.3479
2026-07-13 18:56:58 - ile_std_lambda_0.5 - INFO - Epoch  66/200 | Time:  7.90s | Loss: 0.3076 | BPR: 0.2469 | ILE: 0.0607 | L_H: 0.1906 L_M: 0.3524 L_T: 0.3531
2026-07-13 18:57:06 - ile_std_lambda_0.5 - INFO - Epoch  67/200 | Time:  8.05s | Loss: 0.3035 | BPR: 0.2454 | ILE: 0.0581 | L_H: 0.1901 L_M: 0.3490 L_T: 0.3449
2026-07-13 18:57:14 - ile_std_lambda_0.5 - INFO - Epoch  68/200 | Time:  7.94s | Loss: 0.3021 | BPR: 0.2432 | ILE: 0.0589 | L_H: 0.1888 L_M: 0.3451 L_T: 0.3451
2026-07-13 18:57:22 - ile_std_lambda_0.5 - INFO - Epoch  69/200 | Time:  8.11s | Loss: 0.3001 | BPR: 0.2429 | ILE: 0.0572 | L_H: 0.1878 L_M: 0.3463 L_T: 0.3395
2026-07-13 18:57:41 - ile_std_lambda_0.5 - INFO - Epoch  70/200 | Time:  8.07s | Loss: 0.2982 | BPR: 0.2411 | ILE: 0.0571 | Dist: 0.1142 | L_H: 0.1868 L_M: 0.3429 L_T: 0.3331 | nDCG: 0.3132 | UPD: 0.2534 | AD: 0.3214 | EE: 0.0386
2026-07-13 18:57:41 - ile_std_lambda_0.5 - INFO - Checkpoint saved: ./checkpoints/ile_std_lambda_0.5/checkpoint_epoch_70.pt
2026-07-13 18:57:41 - ile_std_lambda_0.5 - INFO - Checkpoint saved: ./checkpoints/ile_std_lambda_0.5/best_model.pt
2026-07-13 18:57:41 - ile_std_lambda_0.5 - INFO -   New best nDCG: 0.3132 (saved as best_model.pt)
2026-07-13 18:57:49 - ile_std_lambda_0.5 - INFO - Epoch  71/200 | Time:  7.67s | Loss: 0.2984 | BPR: 0.2404 | ILE: 0.0580 | L_H: 0.1867 L_M: 0.3412 L_T: 0.3317
2026-07-13 18:57:57 - ile_std_lambda_0.5 - INFO - Epoch  72/200 | Time:  8.04s | Loss: 0.2955 | BPR: 0.2386 | ILE: 0.0569 | L_H: 0.1848 L_M: 0.3393 L_T: 0.3340
2026-07-13 18:58:05 - ile_std_lambda_0.5 - INFO - Epoch  73/200 | Time:  7.92s | Loss: 0.2928 | BPR: 0.2370 | ILE: 0.0558 | L_H: 0.1836 L_M: 0.3373 L_T: 0.3206
2026-07-13 18:58:13 - ile_std_lambda_0.5 - INFO - Epoch  74/200 | Time:  8.13s | Loss: 0.2912 | BPR: 0.2358 | ILE: 0.0554 | L_H: 0.1829 L_M: 0.3349 L_T: 0.3222
2026-07-13 18:58:21 - ile_std_lambda_0.5 - INFO - Epoch  75/200 | Time:  7.87s | Loss: 0.2884 | BPR: 0.2343 | ILE: 0.0540 | L_H: 0.1828 L_M: 0.3311 L_T: 0.3176
2026-07-13 18:58:29 - ile_std_lambda_0.5 - INFO - Epoch  76/200 | Time:  7.90s | Loss: 0.2892 | BPR: 0.2326 | ILE: 0.0566 | L_H: 0.1811 L_M: 0.3293 L_T: 0.3254
2026-07-13 18:58:37 - ile_std_lambda_0.5 - INFO - Epoch  77/200 | Time:  8.01s | Loss: 0.2876 | BPR: 0.2322 | ILE: 0.0554 | L_H: 0.1810 L_M: 0.3282 L_T: 0.3179
2026-07-13 18:58:45 - ile_std_lambda_0.5 - INFO - Epoch  78/200 | Time:  7.83s | Loss: 0.2849 | BPR: 0.2307 | ILE: 0.0541 | L_H: 0.1798 L_M: 0.3265 L_T: 0.3122
2026-07-13 18:58:53 - ile_std_lambda_0.5 - INFO - Epoch  79/200 | Time:  7.99s | Loss: 0.2827 | BPR: 0.2291 | ILE: 0.0536 | L_H: 0.1786 L_M: 0.3238 L_T: 0.3109
2026-07-13 18:59:11 - ile_std_lambda_0.5 - INFO - Epoch  80/200 | Time:  8.04s | Loss: 0.2823 | BPR: 0.2282 | ILE: 0.0541 | Dist: 0.1082 | L_H: 0.1780 L_M: 0.3226 L_T: 0.3030 | nDCG: 0.3209 | UPD: 0.2448 | AD: 0.3470 | EE: 0.0458
2026-07-13 18:59:11 - ile_std_lambda_0.5 - INFO - Checkpoint saved: ./checkpoints/ile_std_lambda_0.5/checkpoint_epoch_80.pt
2026-07-13 18:59:11 - ile_std_lambda_0.5 - INFO - Checkpoint saved: ./checkpoints/ile_std_lambda_0.5/best_model.pt
2026-07-13 18:59:11 - ile_std_lambda_0.5 - INFO -   New best nDCG: 0.3209 (saved as best_model.pt)
2026-07-13 18:59:19 - ile_std_lambda_0.5 - INFO - Epoch  81/200 | Time:  7.88s | Loss: 0.2822 | BPR: 0.2276 | ILE: 0.0545 | L_H: 0.1770 L_M: 0.3228 L_T: 0.3089
2026-07-13 18:59:27 - ile_std_lambda_0.5 - INFO - Epoch  82/200 | Time:  7.92s | Loss: 0.2789 | BPR: 0.2257 | ILE: 0.0532 | L_H: 0.1762 L_M: 0.3187 L_T: 0.3028
2026-07-13 18:59:35 - ile_std_lambda_0.5 - INFO - Epoch  83/200 | Time:  7.93s | Loss: 0.2771 | BPR: 0.2246 | ILE: 0.0525 | L_H: 0.1756 L_M: 0.3166 L_T: 0.3026
2026-07-13 18:59:43 - ile_std_lambda_0.5 - INFO - Epoch  84/200 | Time:  7.92s | Loss: 0.2768 | BPR: 0.2241 | ILE: 0.0527 | L_H: 0.1748 L_M: 0.3167 L_T: 0.2912
2026-07-13 18:59:51 - ile_std_lambda_0.5 - INFO - Epoch  85/200 | Time:  8.02s | Loss: 0.2743 | BPR: 0.2227 | ILE: 0.0516 | L_H: 0.1742 L_M: 0.3140 L_T: 0.2940
2026-07-13 18:59:59 - ile_std_lambda_0.5 - INFO - Epoch  86/200 | Time:  7.78s | Loss: 0.2735 | BPR: 0.2212 | ILE: 0.0522 | L_H: 0.1733 L_M: 0.3111 L_T: 0.2951
2026-07-13 19:00:07 - ile_std_lambda_0.5 - INFO - Epoch  87/200 | Time:  8.04s | Loss: 0.2730 | BPR: 0.2202 | ILE: 0.0528 | L_H: 0.1722 L_M: 0.3103 L_T: 0.2924
2026-07-13 19:00:15 - ile_std_lambda_0.5 - INFO - Epoch  88/200 | Time:  7.97s | Loss: 0.2732 | BPR: 0.2199 | ILE: 0.0533 | L_H: 0.1725 L_M: 0.3090 L_T: 0.2982
2026-07-13 19:00:23 - ile_std_lambda_0.5 - INFO - Epoch  89/200 | Time:  7.82s | Loss: 0.2698 | BPR: 0.2181 | ILE: 0.0517 | L_H: 0.1713 L_M: 0.3061 L_T: 0.2885
2026-07-13 19:00:41 - ile_std_lambda_0.5 - INFO - Epoch  90/200 | Time:  8.02s | Loss: 0.2688 | BPR: 0.2179 | ILE: 0.0508 | Dist: 0.1017 | L_H: 0.1712 L_M: 0.3058 L_T: 0.2877 | nDCG: 0.3251 | UPD: 0.2345 | AD: 0.3678 | EE: 0.0530
2026-07-13 19:00:41 - ile_std_lambda_0.5 - INFO - Checkpoint saved: ./checkpoints/ile_std_lambda_0.5/checkpoint_epoch_90.pt
2026-07-13 19:00:41 - ile_std_lambda_0.5 - INFO - Checkpoint saved: ./checkpoints/ile_std_lambda_0.5/best_model.pt
2026-07-13 19:00:41 - ile_std_lambda_0.5 - INFO -   New best nDCG: 0.3251 (saved as best_model.pt)
2026-07-13 19:00:49 - ile_std_lambda_0.5 - INFO - Epoch  91/200 | Time:  8.00s | Loss: 0.2651 | BPR: 0.2164 | ILE: 0.0487 | L_H: 0.1700 L_M: 0.3036 L_T: 0.2783
2026-07-13 19:00:58 - ile_std_lambda_0.5 - INFO - Epoch  92/200 | Time:  8.14s | Loss: 0.2658 | BPR: 0.2156 | ILE: 0.0502 | L_H: 0.1694 L_M: 0.3024 L_T: 0.2811
2026-07-13 19:01:05 - ile_std_lambda_0.5 - INFO - Epoch  93/200 | Time:  7.79s | Loss: 0.2641 | BPR: 0.2150 | ILE: 0.0491 | L_H: 0.1692 L_M: 0.3010 L_T: 0.2795
2026-07-13 19:01:13 - ile_std_lambda_0.5 - INFO - Epoch  94/200 | Time:  7.91s | Loss: 0.2630 | BPR: 0.2140 | ILE: 0.0490 | L_H: 0.1677 L_M: 0.3012 L_T: 0.2739
2026-07-13 19:01:21 - ile_std_lambda_0.5 - INFO - Epoch  95/200 | Time:  8.07s | Loss: 0.2657 | BPR: 0.2133 | ILE: 0.0524 | L_H: 0.1674 L_M: 0.2995 L_T: 0.2832
2026-07-13 19:01:29 - ile_std_lambda_0.5 - INFO - Epoch  96/200 | Time:  7.87s | Loss: 0.2599 | BPR: 0.2113 | ILE: 0.0486 | L_H: 0.1665 L_M: 0.2956 L_T: 0.2669
2026-07-13 19:01:37 - ile_std_lambda_0.5 - INFO - Epoch  97/200 | Time:  7.72s | Loss: 0.2577 | BPR: 0.2111 | ILE: 0.0466 | L_H: 0.1669 L_M: 0.2942 L_T: 0.2588
2026-07-13 19:01:45 - ile_std_lambda_0.5 - INFO - Epoch  98/200 | Time:  8.05s | Loss: 0.2581 | BPR: 0.2100 | ILE: 0.0481 | L_H: 0.1656 L_M: 0.2934 L_T: 0.2675
2026-07-13 19:01:53 - ile_std_lambda_0.5 - INFO - Epoch  99/200 | Time:  8.03s | Loss: 0.2567 | BPR: 0.2087 | ILE: 0.0480 | L_H: 0.1652 L_M: 0.2906 L_T: 0.2604
2026-07-13 19:02:12 - ile_std_lambda_0.5 - INFO - Epoch 100/200 | Time:  7.74s | Loss: 0.2550 | BPR: 0.2076 | ILE: 0.0473 | Dist: 0.0947 | L_H: 0.1639 L_M: 0.2899 L_T: 0.2640 | nDCG: 0.3307 | UPD: 0.2257 | AD: 0.3929 | EE: 0.0602
2026-07-13 19:02:12 - ile_std_lambda_0.5 - INFO - Checkpoint saved: ./checkpoints/ile_std_lambda_0.5/checkpoint_epoch_100.pt
2026-07-13 19:02:12 - ile_std_lambda_0.5 - INFO - Checkpoint saved: ./checkpoints/ile_std_lambda_0.5/best_model.pt
2026-07-13 19:02:12 - ile_std_lambda_0.5 - INFO -   New best nDCG: 0.3307 (saved as best_model.pt)
2026-07-13 19:02:20 - ile_std_lambda_0.5 - INFO - Epoch 101/200 | Time:  8.03s | Loss: 0.2546 | BPR: 0.2064 | ILE: 0.0482 | L_H: 0.1632 L_M: 0.2878 L_T: 0.2612
2026-07-13 19:02:28 - ile_std_lambda_0.5 - INFO - Epoch 102/200 | Time:  7.99s | Loss: 0.2539 | BPR: 0.2059 | ILE: 0.0480 | L_H: 0.1626 L_M: 0.2875 L_T: 0.2579
2026-07-13 19:02:36 - ile_std_lambda_0.5 - INFO - Epoch 103/200 | Time:  8.05s | Loss: 0.2542 | BPR: 0.2052 | ILE: 0.0490 | L_H: 0.1620 L_M: 0.2863 L_T: 0.2668
2026-07-13 19:02:43 - ile_std_lambda_0.5 - INFO - Epoch 104/200 | Time:  7.81s | Loss: 0.2529 | BPR: 0.2046 | ILE: 0.0483 | L_H: 0.1617 L_M: 0.2854 L_T: 0.2612
2026-07-13 19:02:52 - ile_std_lambda_0.5 - INFO - Epoch 105/200 | Time:  8.10s | Loss: 0.2504 | BPR: 0.2038 | ILE: 0.0466 | L_H: 0.1617 L_M: 0.2833 L_T: 0.2524
2026-07-13 19:03:00 - ile_std_lambda_0.5 - INFO - Epoch 106/200 | Time:  7.99s | Loss: 0.2479 | BPR: 0.2016 | ILE: 0.0463 | L_H: 0.1591 L_M: 0.2817 L_T: 0.2512
2026-07-13 19:03:07 - ile_std_lambda_0.5 - INFO - Epoch 107/200 | Time:  7.79s | Loss: 0.2492 | BPR: 0.2018 | ILE: 0.0474 | L_H: 0.1599 L_M: 0.2809 L_T: 0.2575
2026-07-13 19:03:16 - ile_std_lambda_0.5 - INFO - Epoch 108/200 | Time:  8.25s | Loss: 0.2465 | BPR: 0.2009 | ILE: 0.0456 | L_H: 0.1593 L_M: 0.2792 L_T: 0.2531
2026-07-13 19:03:24 - ile_std_lambda_0.5 - INFO - Epoch 109/200 | Time:  8.03s | Loss: 0.2478 | BPR: 0.2000 | ILE: 0.0477 | L_H: 0.1587 L_M: 0.2778 L_T: 0.2562
2026-07-13 19:03:42 - ile_std_lambda_0.5 - INFO - Epoch 110/200 | Time:  7.94s | Loss: 0.2464 | BPR: 0.1996 | ILE: 0.0468 | Dist: 0.0936 | L_H: 0.1583 L_M: 0.2774 L_T: 0.2547 | nDCG: 0.3354 | UPD: 0.2185 | AD: 0.4118 | EE: 0.0681
2026-07-13 19:03:42 - ile_std_lambda_0.5 - INFO - Checkpoint saved: ./checkpoints/ile_std_lambda_0.5/checkpoint_epoch_110.pt
2026-07-13 19:03:42 - ile_std_lambda_0.5 - INFO - Checkpoint saved: ./checkpoints/ile_std_lambda_0.5/best_model.pt
2026-07-13 19:03:42 - ile_std_lambda_0.5 - INFO -   New best nDCG: 0.3354 (saved as best_model.pt)
2026-07-13 19:03:50 - ile_std_lambda_0.5 - INFO - Epoch 111/200 | Time:  7.79s | Loss: 0.2478 | BPR: 0.1988 | ILE: 0.0490 | L_H: 0.1575 L_M: 0.2765 L_T: 0.2569
2026-07-13 19:03:58 - ile_std_lambda_0.5 - INFO - Epoch 112/200 | Time:  7.99s | Loss: 0.2430 | BPR: 0.1975 | ILE: 0.0455 | L_H: 0.1568 L_M: 0.2739 L_T: 0.2505
2026-07-13 19:04:06 - ile_std_lambda_0.5 - INFO - Epoch 113/200 | Time:  8.08s | Loss: 0.2418 | BPR: 0.1972 | ILE: 0.0446 | L_H: 0.1561 L_M: 0.2747 L_T: 0.2346
2026-07-13 19:04:14 - ile_std_lambda_0.5 - INFO - Epoch 114/200 | Time:  8.14s | Loss: 0.2427 | BPR: 0.1971 | ILE: 0.0456 | L_H: 0.1568 L_M: 0.2733 L_T: 0.2440
2026-07-13 19:04:22 - ile_std_lambda_0.5 - INFO - Epoch 115/200 | Time:  7.81s | Loss: 0.2400 | BPR: 0.1954 | ILE: 0.0446 | L_H: 0.1549 L_M: 0.2719 L_T: 0.2402
2026-07-13 19:04:30 - ile_std_lambda_0.5 - INFO - Epoch 116/200 | Time:  7.95s | Loss: 0.2391 | BPR: 0.1947 | ILE: 0.0444 | L_H: 0.1546 L_M: 0.2703 L_T: 0.2362
2026-07-13 19:04:38 - ile_std_lambda_0.5 - INFO - Epoch 117/200 | Time:  7.84s | Loss: 0.2386 | BPR: 0.1940 | ILE: 0.0446 | L_H: 0.1545 L_M: 0.2684 L_T: 0.2407
2026-07-13 19:04:46 - ile_std_lambda_0.5 - INFO - Epoch 118/200 | Time:  7.76s | Loss: 0.2363 | BPR: 0.1930 | ILE: 0.0433 | L_H: 0.1542 L_M: 0.2663 L_T: 0.2326
2026-07-13 19:04:54 - ile_std_lambda_0.5 - INFO - Epoch 119/200 | Time:  8.09s | Loss: 0.2352 | BPR: 0.1918 | ILE: 0.0434 | L_H: 0.1530 L_M: 0.2649 L_T: 0.2359
2026-07-13 19:05:13 - ile_std_lambda_0.5 - INFO - Epoch 120/200 | Time:  8.01s | Loss: 0.2357 | BPR: 0.1923 | ILE: 0.0434 | Dist: 0.0869 | L_H: 0.1536 L_M: 0.2653 L_T: 0.2324 | nDCG: 0.3387 | UPD: 0.2133 | AD: 0.4382 | EE: 0.0742
2026-07-13 19:05:13 - ile_std_lambda_0.5 - INFO - Checkpoint saved: ./checkpoints/ile_std_lambda_0.5/checkpoint_epoch_120.pt
2026-07-13 19:05:13 - ile_std_lambda_0.5 - INFO - Checkpoint saved: ./checkpoints/ile_std_lambda_0.5/best_model.pt
2026-07-13 19:05:13 - ile_std_lambda_0.5 - INFO -   New best nDCG: 0.3387 (saved as best_model.pt)
2026-07-13 19:05:21 - ile_std_lambda_0.5 - INFO - Epoch 121/200 | Time:  8.13s | Loss: 0.2338 | BPR: 0.1907 | ILE: 0.0431 | L_H: 0.1525 L_M: 0.2631 L_T: 0.2349
2026-07-13 19:05:29 - ile_std_lambda_0.5 - INFO - Epoch 122/200 | Time:  7.79s | Loss: 0.2335 | BPR: 0.1900 | ILE: 0.0435 | L_H: 0.1518 L_M: 0.2619 L_T: 0.2369
2026-07-13 19:05:37 - ile_std_lambda_0.5 - INFO - Epoch 123/200 | Time:  8.02s | Loss: 0.2332 | BPR: 0.1897 | ILE: 0.0435 | L_H: 0.1516 L_M: 0.2616 L_T: 0.2354
2026-07-13 19:05:45 - ile_std_lambda_0.5 - INFO - Epoch 124/200 | Time:  7.99s | Loss: 0.2311 | BPR: 0.1893 | ILE: 0.0418 | L_H: 0.1519 L_M: 0.2599 L_T: 0.2246
2026-07-13 19:05:52 - ile_std_lambda_0.5 - INFO - Epoch 125/200 | Time:  7.81s | Loss: 0.2309 | BPR: 0.1875 | ILE: 0.0434 | L_H: 0.1503 L_M: 0.2575 L_T: 0.2334
2026-07-13 19:06:00 - ile_std_lambda_0.5 - INFO - Epoch 126/200 | Time:  7.98s | Loss: 0.2287 | BPR: 0.1867 | ILE: 0.0421 | L_H: 0.1497 L_M: 0.2565 L_T: 0.2210
2026-07-13 19:06:08 - ile_std_lambda_0.5 - INFO - Epoch 127/200 | Time:  7.96s | Loss: 0.2305 | BPR: 0.1869 | ILE: 0.0436 | L_H: 0.1500 L_M: 0.2563 L_T: 0.2363
2026-07-13 19:06:16 - ile_std_lambda_0.5 - INFO - Epoch 128/200 | Time:  8.15s | Loss: 0.2275 | BPR: 0.1855 | ILE: 0.0420 | L_H: 0.1490 L_M: 0.2545 L_T: 0.2205
2026-07-13 19:06:24 - ile_std_lambda_0.5 - INFO - Epoch 129/200 | Time:  7.77s | Loss: 0.2287 | BPR: 0.1861 | ILE: 0.0426 | L_H: 0.1495 L_M: 0.2553 L_T: 0.2261
2026-07-13 19:06:43 - ile_std_lambda_0.5 - INFO - Epoch 130/200 | Time:  8.01s | Loss: 0.2259 | BPR: 0.1843 | ILE: 0.0416 | Dist: 0.0831 | L_H: 0.1480 L_M: 0.2531 L_T: 0.2202 | nDCG: 0.3417 | UPD: 0.2089 | AD: 0.4460 | EE: 0.0810
2026-07-13 19:06:43 - ile_std_lambda_0.5 - INFO - Checkpoint saved: ./checkpoints/ile_std_lambda_0.5/checkpoint_epoch_130.pt
2026-07-13 19:06:43 - ile_std_lambda_0.5 - INFO - Checkpoint saved: ./checkpoints/ile_std_lambda_0.5/best_model.pt
2026-07-13 19:06:43 - ile_std_lambda_0.5 - INFO -   New best nDCG: 0.3417 (saved as best_model.pt)
2026-07-13 19:06:51 - ile_std_lambda_0.5 - INFO - Epoch 131/200 | Time:  7.97s | Loss: 0.2252 | BPR: 0.1836 | ILE: 0.0416 | L_H: 0.1476 L_M: 0.2516 L_T: 0.2201
2026-07-13 19:06:59 - ile_std_lambda_0.5 - INFO - Epoch 132/200 | Time:  7.92s | Loss: 0.2265 | BPR: 0.1836 | ILE: 0.0429 | L_H: 0.1479 L_M: 0.2510 L_T: 0.2280
2026-07-13 19:07:07 - ile_std_lambda_0.5 - INFO - Epoch 133/200 | Time:  7.70s | Loss: 0.2249 | BPR: 0.1826 | ILE: 0.0423 | L_H: 0.1466 L_M: 0.2505 L_T: 0.2225
2026-07-13 19:07:15 - ile_std_lambda_0.5 - INFO - Epoch 134/200 | Time:  7.97s | Loss: 0.2219 | BPR: 0.1817 | ILE: 0.0402 | L_H: 0.1462 L_M: 0.2489 L_T: 0.2113
2026-07-13 19:07:23 - ile_std_lambda_0.5 - INFO - Epoch 135/200 | Time:  8.00s | Loss: 0.2237 | BPR: 0.1808 | ILE: 0.0429 | L_H: 0.1458 L_M: 0.2469 L_T: 0.2267
2026-07-13 19:07:30 - ile_std_lambda_0.5 - INFO - Epoch 136/200 | Time:  7.83s | Loss: 0.2221 | BPR: 0.1802 | ILE: 0.0419 | L_H: 0.1447 L_M: 0.2473 L_T: 0.2104
2026-07-13 19:07:38 - ile_std_lambda_0.5 - INFO - Epoch 137/200 | Time:  7.86s | Loss: 0.2211 | BPR: 0.1795 | ILE: 0.0417 | L_H: 0.1443 L_M: 0.2458 L_T: 0.2184
2026-07-13 19:07:46 - ile_std_lambda_0.5 - INFO - Epoch 138/200 | Time:  7.86s | Loss: 0.2205 | BPR: 0.1796 | ILE: 0.0408 | L_H: 0.1445 L_M: 0.2461 L_T: 0.2156
2026-07-13 19:07:54 - ile_std_lambda_0.5 - INFO - Epoch 139/200 | Time:  8.05s | Loss: 0.2181 | BPR: 0.1784 | ILE: 0.0397 | L_H: 0.1443 L_M: 0.2431 L_T: 0.2040
2026-07-13 19:08:13 - ile_std_lambda_0.5 - INFO - Epoch 140/200 | Time:  7.92s | Loss: 0.2188 | BPR: 0.1780 | ILE: 0.0408 | Dist: 0.0816 | L_H: 0.1432 L_M: 0.2439 L_T: 0.2144 | nDCG: 0.3455 | UPD: 0.2052 | AD: 0.4620 | EE: 0.0864
2026-07-13 19:08:13 - ile_std_lambda_0.5 - INFO - Checkpoint saved: ./checkpoints/ile_std_lambda_0.5/checkpoint_epoch_140.pt
2026-07-13 19:08:13 - ile_std_lambda_0.5 - INFO - Checkpoint saved: ./checkpoints/ile_std_lambda_0.5/best_model.pt
2026-07-13 19:08:13 - ile_std_lambda_0.5 - INFO -   New best nDCG: 0.3455 (saved as best_model.pt)
2026-07-13 19:08:21 - ile_std_lambda_0.5 - INFO - Epoch 141/200 | Time:  8.01s | Loss: 0.2177 | BPR: 0.1774 | ILE: 0.0403 | L_H: 0.1433 L_M: 0.2418 L_T: 0.2072
2026-07-13 19:08:29 - ile_std_lambda_0.5 - INFO - Epoch 142/200 | Time:  7.96s | Loss: 0.2153 | BPR: 0.1763 | ILE: 0.0391 | L_H: 0.1418 L_M: 0.2415 L_T: 0.2062
2026-07-13 19:08:36 - ile_std_lambda_0.5 - INFO - Epoch 143/200 | Time:  7.70s | Loss: 0.2163 | BPR: 0.1757 | ILE: 0.0406 | L_H: 0.1418 L_M: 0.2398 L_T: 0.2106
2026-07-13 19:08:45 - ile_std_lambda_0.5 - INFO - Epoch 144/200 | Time:  8.08s | Loss: 0.2156 | BPR: 0.1753 | ILE: 0.0403 | L_H: 0.1420 L_M: 0.2382 L_T: 0.2094
2026-07-13 19:08:52 - ile_std_lambda_0.5 - INFO - Epoch 145/200 | Time:  7.92s | Loss: 0.2141 | BPR: 0.1746 | ILE: 0.0395 | L_H: 0.1415 L_M: 0.2372 L_T: 0.2019
2026-07-13 19:09:00 - ile_std_lambda_0.5 - INFO - Epoch 146/200 | Time:  7.98s | Loss: 0.2132 | BPR: 0.1748 | ILE: 0.0384 | L_H: 0.1415 L_M: 0.2376 L_T: 0.2018
2026-07-13 19:09:08 - ile_std_lambda_0.5 - INFO - Epoch 147/200 | Time:  7.71s | Loss: 0.2116 | BPR: 0.1733 | ILE: 0.0383 | L_H: 0.1405 L_M: 0.2354 L_T: 0.2020
2026-07-13 19:09:16 - ile_std_lambda_0.5 - INFO - Epoch 148/200 | Time:  7.96s | Loss: 0.2116 | BPR: 0.1721 | ILE: 0.0395 | L_H: 0.1395 L_M: 0.2338 L_T: 0.1994
2026-07-13 19:09:24 - ile_std_lambda_0.5 - INFO - Epoch 149/200 | Time:  8.09s | Loss: 0.2107 | BPR: 0.1725 | ILE: 0.0382 | L_H: 0.1399 L_M: 0.2341 L_T: 0.2008
2026-07-13 19:09:43 - ile_std_lambda_0.5 - INFO - Epoch 150/200 | Time:  7.97s | Loss: 0.2102 | BPR: 0.1716 | ILE: 0.0386 | Dist: 0.0772 | L_H: 0.1395 L_M: 0.2324 L_T: 0.1997 | nDCG: 0.3482 | UPD: 0.2016 | AD: 0.4727 | EE: 0.0910
2026-07-13 19:09:43 - ile_std_lambda_0.5 - INFO - Checkpoint saved: ./checkpoints/ile_std_lambda_0.5/checkpoint_epoch_150.pt
2026-07-13 19:09:43 - ile_std_lambda_0.5 - INFO - Checkpoint saved: ./checkpoints/ile_std_lambda_0.5/best_model.pt
2026-07-13 19:09:43 - ile_std_lambda_0.5 - INFO -   New best nDCG: 0.3482 (saved as best_model.pt)
2026-07-13 19:09:51 - ile_std_lambda_0.5 - INFO - Epoch 151/200 | Time:  7.74s | Loss: 0.2091 | BPR: 0.1705 | ILE: 0.0386 | L_H: 0.1383 L_M: 0.2314 L_T: 0.2027
2026-07-13 19:09:59 - ile_std_lambda_0.5 - INFO - Epoch 152/200 | Time:  7.94s | Loss: 0.2088 | BPR: 0.1705 | ILE: 0.0383 | L_H: 0.1383 L_M: 0.2312 L_T: 0.2011
2026-07-13 19:10:07 - ile_std_lambda_0.5 - INFO - Epoch 153/200 | Time:  8.01s | Loss: 0.2076 | BPR: 0.1697 | ILE: 0.0378 | L_H: 0.1387 L_M: 0.2284 L_T: 0.1942
2026-07-13 19:10:14 - ile_std_lambda_0.5 - INFO - Epoch 154/200 | Time:  7.89s | Loss: 0.2077 | BPR: 0.1693 | ILE: 0.0384 | L_H: 0.1376 L_M: 0.2293 L_T: 0.2010
2026-07-13 19:10:23 - ile_std_lambda_0.5 - INFO - Epoch 155/200 | Time:  8.16s | Loss: 0.2058 | BPR: 0.1682 | ILE: 0.0376 | L_H: 0.1368 L_M: 0.2276 L_T: 0.1931
2026-07-13 19:10:31 - ile_std_lambda_0.5 - INFO - Epoch 156/200 | Time:  8.14s | Loss: 0.2059 | BPR: 0.1679 | ILE: 0.0381 | L_H: 0.1367 L_M: 0.2268 L_T: 0.1948
2026-07-13 19:10:39 - ile_std_lambda_0.5 - INFO - Epoch 157/200 | Time:  7.85s | Loss: 0.2055 | BPR: 0.1678 | ILE: 0.0376 | L_H: 0.1363 L_M: 0.2276 L_T: 0.1853
2026-07-13 19:10:46 - ile_std_lambda_0.5 - INFO - Epoch 158/200 | Time:  7.86s | Loss: 0.2060 | BPR: 0.1675 | ILE: 0.0386 | L_H: 0.1361 L_M: 0.2268 L_T: 0.1980
2026-07-13 19:10:55 - ile_std_lambda_0.5 - INFO - Epoch 159/200 | Time:  8.06s | Loss: 0.2033 | BPR: 0.1659 | ILE: 0.0374 | L_H: 0.1352 L_M: 0.2241 L_T: 0.1898
2026-07-13 19:11:13 - ile_std_lambda_0.5 - INFO - Epoch 160/200 | Time:  7.96s | Loss: 0.2030 | BPR: 0.1658 | ILE: 0.0372 | Dist: 0.0744 | L_H: 0.1356 L_M: 0.2229 L_T: 0.1945 | nDCG: 0.3493 | UPD: 0.1976 | AD: 0.4846 | EE: 0.0976
2026-07-13 19:11:13 - ile_std_lambda_0.5 - INFO - Checkpoint saved: ./checkpoints/ile_std_lambda_0.5/checkpoint_epoch_160.pt
2026-07-13 19:11:13 - ile_std_lambda_0.5 - INFO - Checkpoint saved: ./checkpoints/ile_std_lambda_0.5/best_model.pt
2026-07-13 19:11:13 - ile_std_lambda_0.5 - INFO -   New best nDCG: 0.3493 (saved as best_model.pt)
2026-07-13 19:11:21 - ile_std_lambda_0.5 - INFO - Epoch 161/200 | Time:  8.07s | Loss: 0.2020 | BPR: 0.1651 | ILE: 0.0369 | L_H: 0.1350 L_M: 0.2222 L_T: 0.1871
2026-07-13 19:11:29 - ile_std_lambda_0.5 - INFO - Epoch 162/200 | Time:  7.83s | Loss: 0.2015 | BPR: 0.1648 | ILE: 0.0367 | L_H: 0.1343 L_M: 0.2225 L_T: 0.1924
2026-07-13 19:11:37 - ile_std_lambda_0.5 - INFO - Epoch 163/200 | Time:  8.05s | Loss: 0.1990 | BPR: 0.1643 | ILE: 0.0348 | L_H: 0.1346 L_M: 0.2204 L_T: 0.1821
2026-07-13 19:11:45 - ile_std_lambda_0.5 - INFO - Epoch 164/200 | Time:  8.09s | Loss: 0.1990 | BPR: 0.1631 | ILE: 0.0359 | L_H: 0.1338 L_M: 0.2184 L_T: 0.1891
2026-07-13 19:11:53 - ile_std_lambda_0.5 - INFO - Epoch 165/200 | Time:  7.83s | Loss: 0.1987 | BPR: 0.1630 | ILE: 0.0357 | L_H: 0.1340 L_M: 0.2178 L_T: 0.1815
2026-07-13 19:12:01 - ile_std_lambda_0.5 - INFO - Epoch 166/200 | Time:  8.16s | Loss: 0.1986 | BPR: 0.1624 | ILE: 0.0362 | L_H: 0.1333 L_M: 0.2176 L_T: 0.1863
2026-07-13 19:12:10 - ile_std_lambda_0.5 - INFO - Epoch 167/200 | Time:  8.45s | Loss: 0.1966 | BPR: 0.1616 | ILE: 0.0350 | L_H: 0.1326 L_M: 0.2166 L_T: 0.1797
2026-07-13 19:12:18 - ile_std_lambda_0.5 - INFO - Epoch 168/200 | Time:  8.36s | Loss: 0.1981 | BPR: 0.1611 | ILE: 0.0370 | L_H: 0.1320 L_M: 0.2159 L_T: 0.1908
2026-07-13 19:12:26 - ile_std_lambda_0.5 - INFO - Epoch 169/200 | Time:  8.12s | Loss: 0.1981 | BPR: 0.1610 | ILE: 0.0371 | L_H: 0.1323 L_M: 0.2153 L_T: 0.1879
2026-07-13 19:12:45 - ile_std_lambda_0.5 - INFO - Epoch 170/200 | Time:  8.22s | Loss: 0.1961 | BPR: 0.1602 | ILE: 0.0359 | Dist: 0.0719 | L_H: 0.1312 L_M: 0.2151 L_T: 0.1853 | nDCG: 0.3517 | UPD: 0.1962 | AD: 0.4957 | EE: 0.1024
2026-07-13 19:12:45 - ile_std_lambda_0.5 - INFO - Checkpoint saved: ./checkpoints/ile_std_lambda_0.5/checkpoint_epoch_170.pt
2026-07-13 19:12:45 - ile_std_lambda_0.5 - INFO - Checkpoint saved: ./checkpoints/ile_std_lambda_0.5/best_model.pt
2026-07-13 19:12:45 - ile_std_lambda_0.5 - INFO -   New best nDCG: 0.3517 (saved as best_model.pt)
2026-07-13 19:12:53 - ile_std_lambda_0.5 - INFO - Epoch 171/200 | Time:  8.28s | Loss: 0.1954 | BPR: 0.1598 | ILE: 0.0357 | L_H: 0.1308 L_M: 0.2145 L_T: 0.1795
2026-07-13 19:13:01 - ile_std_lambda_0.5 - INFO - Epoch 172/200 | Time:  7.98s | Loss: 0.1962 | BPR: 0.1592 | ILE: 0.0369 | L_H: 0.1306 L_M: 0.2133 L_T: 0.1822
2026-07-13 19:13:09 - ile_std_lambda_0.5 - INFO - Epoch 173/200 | Time:  8.06s | Loss: 0.1950 | BPR: 0.1587 | ILE: 0.0363 | L_H: 0.1303 L_M: 0.2125 L_T: 0.1861
2026-07-13 19:13:18 - ile_std_lambda_0.5 - INFO - Epoch 174/200 | Time:  8.21s | Loss: 0.1940 | BPR: 0.1578 | ILE: 0.0362 | L_H: 0.1299 L_M: 0.2105 L_T: 0.1775
2026-07-13 19:13:26 - ile_std_lambda_0.5 - INFO - Epoch 175/200 | Time:  8.30s | Loss: 0.1917 | BPR: 0.1581 | ILE: 0.0336 | L_H: 0.1306 L_M: 0.2103 L_T: 0.1652
2026-07-13 19:13:34 - ile_std_lambda_0.5 - INFO - Epoch 176/200 | Time:  8.00s | Loss: 0.1919 | BPR: 0.1571 | ILE: 0.0348 | L_H: 0.1294 L_M: 0.2095 L_T: 0.1746
2026-07-13 19:13:42 - ile_std_lambda_0.5 - INFO - Epoch 177/200 | Time:  8.20s | Loss: 0.1919 | BPR: 0.1573 | ILE: 0.0346 | L_H: 0.1295 L_M: 0.2099 L_T: 0.1765
2026-07-13 19:13:50 - ile_std_lambda_0.5 - INFO - Epoch 178/200 | Time:  8.40s | Loss: 0.1906 | BPR: 0.1558 | ILE: 0.0348 | L_H: 0.1281 L_M: 0.2084 L_T: 0.1749
2026-07-13 19:13:59 - ile_std_lambda_0.5 - INFO - Epoch 179/200 | Time:  8.30s | Loss: 0.1881 | BPR: 0.1548 | ILE: 0.0333 | L_H: 0.1281 L_M: 0.2053 L_T: 0.1731
2026-07-13 19:14:17 - ile_std_lambda_0.5 - INFO - Epoch 180/200 | Time:  7.98s | Loss: 0.1892 | BPR: 0.1553 | ILE: 0.0340 | Dist: 0.0679 | L_H: 0.1289 L_M: 0.2053 L_T: 0.1685 | nDCG: 0.3538 | UPD: 0.1916 | AD: 0.5116 | EE: 0.1075
2026-07-13 19:14:17 - ile_std_lambda_0.5 - INFO - Checkpoint saved: ./checkpoints/ile_std_lambda_0.5/checkpoint_epoch_180.pt
2026-07-13 19:14:17 - ile_std_lambda_0.5 - INFO - Checkpoint saved: ./checkpoints/ile_std_lambda_0.5/best_model.pt
2026-07-13 19:14:17 - ile_std_lambda_0.5 - INFO -   New best nDCG: 0.3538 (saved as best_model.pt)
2026-07-13 19:14:26 - ile_std_lambda_0.5 - INFO - Epoch 181/200 | Time:  8.32s | Loss: 0.1884 | BPR: 0.1544 | ILE: 0.0339 | L_H: 0.1281 L_M: 0.2043 L_T: 0.1764
2026-07-13 19:14:34 - ile_std_lambda_0.5 - INFO - Epoch 182/200 | Time:  8.10s | Loss: 0.1902 | BPR: 0.1539 | ILE: 0.0362 | L_H: 0.1273 L_M: 0.2042 L_T: 0.1818
2026-07-13 19:14:42 - ile_std_lambda_0.5 - INFO - Epoch 183/200 | Time:  8.20s | Loss: 0.1882 | BPR: 0.1532 | ILE: 0.0349 | L_H: 0.1269 L_M: 0.2031 L_T: 0.1809
2026-07-13 19:14:50 - ile_std_lambda_0.5 - INFO - Epoch 184/200 | Time:  8.15s | Loss: 0.1861 | BPR: 0.1527 | ILE: 0.0334 | L_H: 0.1268 L_M: 0.2016 L_T: 0.1696
2026-07-13 19:14:58 - ile_std_lambda_0.5 - INFO - Epoch 185/200 | Time:  8.21s | Loss: 0.1864 | BPR: 0.1521 | ILE: 0.0343 | L_H: 0.1257 L_M: 0.2019 L_T: 0.1733
2026-07-13 19:15:07 - ile_std_lambda_0.5 - INFO - Epoch 186/200 | Time:  8.30s | Loss: 0.1864 | BPR: 0.1523 | ILE: 0.0341 | L_H: 0.1262 L_M: 0.2018 L_T: 0.1737
2026-07-13 19:15:14 - ile_std_lambda_0.5 - INFO - Epoch 187/200 | Time:  7.86s | Loss: 0.1855 | BPR: 0.1516 | ILE: 0.0339 | L_H: 0.1258 L_M: 0.2005 L_T: 0.1691
2026-07-13 19:15:23 - ile_std_lambda_0.5 - INFO - Epoch 188/200 | Time:  8.15s | Loss: 0.1856 | BPR: 0.1510 | ILE: 0.0347 | L_H: 0.1255 L_M: 0.1992 L_T: 0.1755
2026-07-13 19:15:31 - ile_std_lambda_0.5 - INFO - Epoch 189/200 | Time:  8.12s | Loss: 0.1844 | BPR: 0.1503 | ILE: 0.0341 | L_H: 0.1246 L_M: 0.1990 L_T: 0.1694
2026-07-13 19:15:50 - ile_std_lambda_0.5 - INFO - Epoch 190/200 | Time:  8.11s | Loss: 0.1818 | BPR: 0.1492 | ILE: 0.0326 | Dist: 0.0652 | L_H: 0.1239 L_M: 0.1972 L_T: 0.1575 | nDCG: 0.3560 | UPD: 0.1907 | AD: 0.5213 | EE: 0.1117
2026-07-13 19:15:50 - ile_std_lambda_0.5 - INFO - Checkpoint saved: ./checkpoints/ile_std_lambda_0.5/checkpoint_epoch_190.pt
2026-07-13 19:15:50 - ile_std_lambda_0.5 - INFO - Checkpoint saved: ./checkpoints/ile_std_lambda_0.5/best_model.pt
2026-07-13 19:15:50 - ile_std_lambda_0.5 - INFO -   New best nDCG: 0.3560 (saved as best_model.pt)
2026-07-13 19:15:58 - ile_std_lambda_0.5 - INFO - Epoch 191/200 | Time:  8.37s | Loss: 0.1836 | BPR: 0.1494 | ILE: 0.0341 | L_H: 0.1238 L_M: 0.1982 L_T: 0.1657
2026-07-13 19:16:06 - ile_std_lambda_0.5 - INFO - Epoch 192/200 | Time:  8.36s | Loss: 0.1826 | BPR: 0.1491 | ILE: 0.0334 | L_H: 0.1235 L_M: 0.1976 L_T: 0.1680
2026-07-13 19:16:15 - ile_std_lambda_0.5 - INFO - Epoch 193/200 | Time:  8.26s | Loss: 0.1816 | BPR: 0.1489 | ILE: 0.0327 | L_H: 0.1239 L_M: 0.1962 L_T: 0.1684
2026-07-13 19:16:23 - ile_std_lambda_0.5 - INFO - Epoch 194/200 | Time:  8.13s | Loss: 0.1810 | BPR: 0.1478 | ILE: 0.0331 | L_H: 0.1235 L_M: 0.1940 L_T: 0.1656
2026-07-13 19:16:31 - ile_std_lambda_0.5 - INFO - Epoch 195/200 | Time:  8.32s | Loss: 0.1804 | BPR: 0.1472 | ILE: 0.0332 | L_H: 0.1230 L_M: 0.1931 L_T: 0.1623
2026-07-13 19:16:39 - ile_std_lambda_0.5 - INFO - Epoch 196/200 | Time:  8.23s | Loss: 0.1795 | BPR: 0.1474 | ILE: 0.0321 | L_H: 0.1225 L_M: 0.1947 L_T: 0.1598
2026-07-13 19:16:48 - ile_std_lambda_0.5 - INFO - Epoch 197/200 | Time:  8.41s | Loss: 0.1789 | BPR: 0.1467 | ILE: 0.0322 | L_H: 0.1224 L_M: 0.1927 L_T: 0.1628
2026-07-13 19:16:56 - ile_std_lambda_0.5 - INFO - Epoch 198/200 | Time:  8.26s | Loss: 0.1786 | BPR: 0.1460 | ILE: 0.0326 | L_H: 0.1219 L_M: 0.1918 L_T: 0.1614
2026-07-13 19:17:04 - ile_std_lambda_0.5 - INFO - Epoch 199/200 | Time:  8.34s | Loss: 0.1771 | BPR: 0.1452 | ILE: 0.0320 | L_H: 0.1210 L_M: 0.1910 L_T: 0.1615
2026-07-13 19:17:23 - ile_std_lambda_0.5 - INFO - Epoch 200/200 | Time:  8.33s | Loss: 0.1779 | BPR: 0.1451 | ILE: 0.0328 | Dist: 0.0655 | L_H: 0.1209 L_M: 0.1910 L_T: 0.1572 | nDCG: 0.3564 | UPD: 0.1880 | AD: 0.5289 | EE: 0.1152
2026-07-13 19:17:23 - ile_std_lambda_0.5 - INFO - Checkpoint saved: ./checkpoints/ile_std_lambda_0.5/checkpoint_epoch_200.pt
2026-07-13 19:17:23 - ile_std_lambda_0.5 - INFO - Checkpoint saved: ./checkpoints/ile_std_lambda_0.5/best_model.pt
2026-07-13 19:17:23 - ile_std_lambda_0.5 - INFO -   New best nDCG: 0.3564 (saved as best_model.pt)
2026-07-13 19:17:23 - ile_std_lambda_0.5 - INFO - Training completed in 1598.37s (26.64min)
2026-07-13 19:17:23 - ile_std_lambda_0.5 - INFO - Best model: epoch 200, nDCG=0.3564
2026-07-13 19:17:23 - ile_std_lambda_0.5 - INFO - Evaluating model for λ=0.5...
2026-07-13 19:17:34 - ile_std_lambda_0.5 - INFO - Run λ=0.5 Complete | nDCG: 0.3564 | UPD: 0.1880
