2026-07-13 17:31:29 - ile_std_lambda_0.05 - INFO - No checkpoint found. Training from scratch for λ=0.05...
2026-07-13 17:31:29 - ile_std_lambda_0.05 - INFO - Starting training for 200 epochs
2026-07-13 17:31:29 - ile_std_lambda_0.05 - INFO - Model: ILEBPRModel
2026-07-13 17:31:29 - ile_std_lambda_0.05 - INFO - Dataset: movielens-1m
2026-07-13 17:31:29 - ile_std_lambda_0.05 - INFO - Users: 6040, Items: 3706
2026-07-13 17:31:29 - ile_std_lambda_0.05 - INFO - Train interactions: 797,758
2026-07-13 17:31:29 - ile_std_lambda_0.05 - INFO - Use ILE: True
2026-07-13 17:31:29 - ile_std_lambda_0.05 - INFO - Distance: std, λ: 0.05
2026-07-13 17:31:29 - ile_std_lambda_0.05 - INFO - Batches per epoch: 780
2026-07-13 17:31:48 - ile_std_lambda_0.05 - INFO - Epoch   1/200 | Time:  8.54s | Loss: 0.6930 | BPR: 0.6930 | ILE: 0.0000 | Dist: 0.0003 | L_H: 0.6929 L_M: 0.6931 L_T: 0.6932 | nDCG: 0.1165 | UPD: 0.2810 | AD: 0.8958 | EE: 0.1690
2026-07-13 17:31:48 - ile_std_lambda_0.05 - INFO - Checkpoint saved: ./checkpoints/ile_std_lambda_0.05/best_model.pt
2026-07-13 17:31:48 - ile_std_lambda_0.05 - INFO -   New best nDCG: 0.1165 (saved as best_model.pt)
2026-07-13 17:31:56 - ile_std_lambda_0.05 - INFO - Epoch   2/200 | Time:  8.26s | Loss: 0.6683 | BPR: 0.6671 | ILE: 0.0012 | L_H: 0.6559 L_M: 0.6880 L_T: 0.7015
2026-07-13 17:32:05 - ile_std_lambda_0.05 - INFO - Epoch   3/200 | Time:  8.29s | Loss: 0.5361 | BPR: 0.5280 | ILE: 0.0081 | L_H: 0.4553 L_M: 0.6624 L_T: 0.7687
2026-07-13 17:32:13 - ile_std_lambda_0.05 - INFO - Epoch   4/200 | Time:  8.36s | Loss: 0.4407 | BPR: 0.4265 | ILE: 0.0142 | L_H: 0.3053 L_M: 0.6496 L_T: 0.8575
2026-07-13 17:32:21 - ile_std_lambda_0.05 - INFO - Epoch   5/200 | Time:  8.27s | Loss: 0.4051 | BPR: 0.3873 | ILE: 0.0177 | L_H: 0.2443 L_M: 0.6498 L_T: 0.9368
2026-07-13 17:32:29 - ile_std_lambda_0.05 - INFO - Epoch   6/200 | Time:  8.05s | Loss: 0.3891 | BPR: 0.3697 | ILE: 0.0194 | L_H: 0.2172 L_M: 0.6498 L_T: 0.9722
2026-07-13 17:32:37 - ile_std_lambda_0.05 - INFO - Epoch   7/200 | Time:  8.17s | Loss: 0.3809 | BPR: 0.3599 | ILE: 0.0210 | L_H: 0.2027 L_M: 0.6477 L_T: 1.0227
2026-07-13 17:32:46 - ile_std_lambda_0.05 - INFO - Epoch   8/200 | Time:  8.20s | Loss: 0.3732 | BPR: 0.3522 | ILE: 0.0210 | L_H: 0.1935 L_M: 0.6426 L_T: 1.0107
2026-07-13 17:32:54 - ile_std_lambda_0.05 - INFO - Epoch   9/200 | Time:  8.35s | Loss: 0.3698 | BPR: 0.3480 | ILE: 0.0218 | L_H: 0.1882 L_M: 0.6398 L_T: 1.0394
2026-07-13 17:33:13 - ile_std_lambda_0.05 - INFO - Epoch  10/200 | Time:  8.13s | Loss: 0.3653 | BPR: 0.3430 | ILE: 0.0223 | Dist: 0.4456 | L_H: 0.1833 L_M: 0.6345 L_T: 1.0529 | nDCG: 0.2117 | UPD: 0.3254 | AD: 0.0348 | EE: 0.0043
2026-07-13 17:33:13 - ile_std_lambda_0.05 - INFO - Checkpoint saved: ./checkpoints/ile_std_lambda_0.05/checkpoint_epoch_10.pt
2026-07-13 17:33:13 - ile_std_lambda_0.05 - INFO - Checkpoint saved: ./checkpoints/ile_std_lambda_0.05/best_model.pt
2026-07-13 17:33:13 - ile_std_lambda_0.05 - INFO -   New best nDCG: 0.2117 (saved as best_model.pt)
2026-07-13 17:33:21 - ile_std_lambda_0.05 - INFO - Epoch  11/200 | Time:  8.36s | Loss: 0.3609 | BPR: 0.3384 | ILE: 0.0225 | L_H: 0.1807 L_M: 0.6257 L_T: 1.0608
2026-07-13 17:33:29 - ile_std_lambda_0.05 - INFO - Epoch  12/200 | Time:  8.17s | Loss: 0.3567 | BPR: 0.3341 | ILE: 0.0226 | L_H: 0.1778 L_M: 0.6190 L_T: 1.0604
2026-07-13 17:33:37 - ile_std_lambda_0.05 - INFO - Epoch  13/200 | Time:  7.99s | Loss: 0.3533 | BPR: 0.3306 | ILE: 0.0227 | L_H: 0.1758 L_M: 0.6125 L_T: 1.0628
2026-07-13 17:33:46 - ile_std_lambda_0.05 - INFO - Epoch  14/200 | Time:  8.42s | Loss: 0.3486 | BPR: 0.3261 | ILE: 0.0226 | L_H: 0.1731 L_M: 0.6045 L_T: 1.0548
2026-07-13 17:33:54 - ile_std_lambda_0.05 - INFO - Epoch  15/200 | Time:  8.40s | Loss: 0.3462 | BPR: 0.3234 | ILE: 0.0227 | L_H: 0.1714 L_M: 0.5997 L_T: 1.0602
2026-07-13 17:34:02 - ile_std_lambda_0.05 - INFO - Epoch  16/200 | Time:  8.08s | Loss: 0.3426 | BPR: 0.3199 | ILE: 0.0226 | L_H: 0.1701 L_M: 0.5925 L_T: 1.0531
2026-07-13 17:34:10 - ile_std_lambda_0.05 - INFO - Epoch  17/200 | Time:  8.01s | Loss: 0.3380 | BPR: 0.3155 | ILE: 0.0224 | L_H: 0.1683 L_M: 0.5829 L_T: 1.0425
2026-07-13 17:34:19 - ile_std_lambda_0.05 - INFO - Epoch  18/200 | Time:  8.30s | Loss: 0.3356 | BPR: 0.3132 | ILE: 0.0224 | L_H: 0.1678 L_M: 0.5770 L_T: 1.0420
2026-07-13 17:34:27 - ile_std_lambda_0.05 - INFO - Epoch  19/200 | Time:  8.31s | Loss: 0.3300 | BPR: 0.3080 | ILE: 0.0219 | L_H: 0.1654 L_M: 0.5670 L_T: 1.0206
2026-07-13 17:34:46 - ile_std_lambda_0.05 - INFO - Epoch  20/200 | Time:  7.91s | Loss: 0.3276 | BPR: 0.3051 | ILE: 0.0225 | Dist: 0.4497 | L_H: 0.1646 L_M: 0.5593 L_T: 1.0401 | nDCG: 0.2407 | UPD: 0.3251 | AD: 0.0718 | EE: 0.0058
2026-07-13 17:34:46 - ile_std_lambda_0.05 - INFO - Checkpoint saved: ./checkpoints/ile_std_lambda_0.05/checkpoint_epoch_20.pt
2026-07-13 17:34:46 - ile_std_lambda_0.05 - INFO - Checkpoint saved: ./checkpoints/ile_std_lambda_0.05/best_model.pt
2026-07-13 17:34:46 - ile_std_lambda_0.05 - INFO -   New best nDCG: 0.2407 (saved as best_model.pt)
2026-07-13 17:34:54 - ile_std_lambda_0.05 - INFO - Epoch  21/200 | Time:  8.18s | Loss: 0.3236 | BPR: 0.3015 | ILE: 0.0221 | L_H: 0.1630 L_M: 0.5523 L_T: 1.0245
2026-07-13 17:35:02 - ile_std_lambda_0.05 - INFO - Epoch  22/200 | Time:  8.31s | Loss: 0.3192 | BPR: 0.2976 | ILE: 0.0216 | L_H: 0.1612 L_M: 0.5448 L_T: 1.0022
2026-07-13 17:35:10 - ile_std_lambda_0.05 - INFO - Epoch  23/200 | Time:  8.34s | Loss: 0.3177 | BPR: 0.2956 | ILE: 0.0221 | L_H: 0.1607 L_M: 0.5396 L_T: 1.0219
2026-07-13 17:35:19 - ile_std_lambda_0.05 - INFO - Epoch  24/200 | Time:  8.12s | Loss: 0.3135 | BPR: 0.2922 | ILE: 0.0213 | L_H: 0.1592 L_M: 0.5332 L_T: 0.9862
2026-07-13 17:35:27 - ile_std_lambda_0.05 - INFO - Epoch  25/200 | Time:  8.52s | Loss: 0.3104 | BPR: 0.2891 | ILE: 0.0212 | L_H: 0.1584 L_M: 0.5256 L_T: 0.9864
2026-07-13 17:35:36 - ile_std_lambda_0.05 - INFO - Epoch  26/200 | Time:  8.44s | Loss: 0.3070 | BPR: 0.2859 | ILE: 0.0211 | L_H: 0.1572 L_M: 0.5188 L_T: 0.9764
2026-07-13 17:35:44 - ile_std_lambda_0.05 - INFO - Epoch  27/200 | Time:  8.32s | Loss: 0.3050 | BPR: 0.2838 | ILE: 0.0212 | L_H: 0.1566 L_M: 0.5136 L_T: 0.9827
2026-07-13 17:35:52 - ile_std_lambda_0.05 - INFO - Epoch  28/200 | Time:  7.93s | Loss: 0.2993 | BPR: 0.2790 | ILE: 0.0203 | L_H: 0.1545 L_M: 0.5044 L_T: 0.9390
2026-07-13 17:36:00 - ile_std_lambda_0.05 - INFO - Epoch  29/200 | Time:  8.12s | Loss: 0.2972 | BPR: 0.2768 | ILE: 0.0204 | L_H: 0.1538 L_M: 0.4990 L_T: 0.9469
2026-07-13 17:36:19 - ile_std_lambda_0.05 - INFO - Epoch  30/200 | Time:  8.12s | Loss: 0.2946 | BPR: 0.2741 | ILE: 0.0205 | Dist: 0.4103 | L_H: 0.1525 L_M: 0.4937 L_T: 0.9451 | nDCG: 0.2692 | UPD: 0.3237 | AD: 0.1082 | EE: 0.0095
2026-07-13 17:36:19 - ile_std_lambda_0.05 - INFO - Checkpoint saved: ./checkpoints/ile_std_lambda_0.05/checkpoint_epoch_30.pt
2026-07-13 17:36:19 - ile_std_lambda_0.05 - INFO - Checkpoint saved: ./checkpoints/ile_std_lambda_0.05/best_model.pt
2026-07-13 17:36:19 - ile_std_lambda_0.05 - INFO -   New best nDCG: 0.2692 (saved as best_model.pt)
2026-07-13 17:36:27 - ile_std_lambda_0.05 - INFO - Epoch  31/200 | Time:  7.93s | Loss: 0.2919 | BPR: 0.2718 | ILE: 0.0201 | L_H: 0.1512 L_M: 0.4897 L_T: 0.9270
2026-07-13 17:36:35 - ile_std_lambda_0.05 - INFO - Epoch  32/200 | Time:  8.04s | Loss: 0.2900 | BPR: 0.2696 | ILE: 0.0204 | L_H: 0.1509 L_M: 0.4839 L_T: 0.9408
2026-07-13 17:36:43 - ile_std_lambda_0.05 - INFO - Epoch  33/200 | Time:  8.26s | Loss: 0.2857 | BPR: 0.2665 | ILE: 0.0192 | L_H: 0.1496 L_M: 0.4783 L_T: 0.8918
2026-07-13 17:36:51 - ile_std_lambda_0.05 - INFO - Epoch  34/200 | Time:  8.18s | Loss: 0.2843 | BPR: 0.2649 | ILE: 0.0193 | L_H: 0.1492 L_M: 0.4742 L_T: 0.8942
2026-07-13 17:36:59 - ile_std_lambda_0.05 - INFO - Epoch  35/200 | Time:  8.19s | Loss: 0.2818 | BPR: 0.2623 | ILE: 0.0195 | L_H: 0.1478 L_M: 0.4690 L_T: 0.9005
2026-07-13 17:37:07 - ile_std_lambda_0.05 - INFO - Epoch  36/200 | Time:  8.08s | Loss: 0.2803 | BPR: 0.2608 | ILE: 0.0195 | L_H: 0.1473 L_M: 0.4658 L_T: 0.8935
2026-07-13 17:37:16 - ile_std_lambda_0.05 - INFO - Epoch  37/200 | Time:  8.51s | Loss: 0.2765 | BPR: 0.2579 | ILE: 0.0186 | L_H: 0.1460 L_M: 0.4601 L_T: 0.8621
2026-07-13 17:37:24 - ile_std_lambda_0.05 - INFO - Epoch  38/200 | Time:  8.42s | Loss: 0.2739 | BPR: 0.2550 | ILE: 0.0189 | L_H: 0.1450 L_M: 0.4534 L_T: 0.8719
2026-07-13 17:37:33 - ile_std_lambda_0.05 - INFO - Epoch  39/200 | Time:  8.49s | Loss: 0.2719 | BPR: 0.2534 | ILE: 0.0184 | L_H: 0.1441 L_M: 0.4509 L_T: 0.8529
2026-07-13 17:37:52 - ile_std_lambda_0.05 - INFO - Epoch  40/200 | Time:  8.35s | Loss: 0.2705 | BPR: 0.2520 | ILE: 0.0185 | Dist: 0.3699 | L_H: 0.1438 L_M: 0.4470 L_T: 0.8529 | nDCG: 0.2913 | UPD: 0.3207 | AD: 0.1533 | EE: 0.0142
2026-07-13 17:37:52 - ile_std_lambda_0.05 - INFO - Checkpoint saved: ./checkpoints/ile_std_lambda_0.05/checkpoint_epoch_40.pt
2026-07-13 17:37:52 - ile_std_lambda_0.05 - INFO - Checkpoint saved: ./checkpoints/ile_std_lambda_0.05/best_model.pt
2026-07-13 17:37:52 - ile_std_lambda_0.05 - INFO -   New best nDCG: 0.2913 (saved as best_model.pt)
2026-07-13 17:38:00 - ile_std_lambda_0.05 - INFO - Epoch  41/200 | Time:  8.32s | Loss: 0.2677 | BPR: 0.2500 | ILE: 0.0177 | L_H: 0.1427 L_M: 0.4442 L_T: 0.8196
2026-07-13 17:38:08 - ile_std_lambda_0.05 - INFO - Epoch  42/200 | Time:  7.95s | Loss: 0.2660 | BPR: 0.2477 | ILE: 0.0183 | L_H: 0.1420 L_M: 0.4384 L_T: 0.8424
2026-07-13 17:38:16 - ile_std_lambda_0.05 - INFO - Epoch  43/200 | Time:  8.23s | Loss: 0.2630 | BPR: 0.2455 | ILE: 0.0175 | L_H: 0.1404 L_M: 0.4354 L_T: 0.8113
2026-07-13 17:38:25 - ile_std_lambda_0.05 - INFO - Epoch  44/200 | Time:  8.15s | Loss: 0.2611 | BPR: 0.2429 | ILE: 0.0181 | L_H: 0.1396 L_M: 0.4293 L_T: 0.8311
2026-07-13 17:38:33 - ile_std_lambda_0.05 - INFO - Epoch  45/200 | Time:  8.22s | Loss: 0.2589 | BPR: 0.2417 | ILE: 0.0172 | L_H: 0.1401 L_M: 0.4252 L_T: 0.7942
2026-07-13 17:38:41 - ile_std_lambda_0.05 - INFO - Epoch  46/200 | Time:  7.97s | Loss: 0.2570 | BPR: 0.2397 | ILE: 0.0173 | L_H: 0.1383 L_M: 0.4229 L_T: 0.7936
2026-07-13 17:38:49 - ile_std_lambda_0.05 - INFO - Epoch  47/200 | Time:  8.23s | Loss: 0.2546 | BPR: 0.2376 | ILE: 0.0169 | L_H: 0.1375 L_M: 0.4184 L_T: 0.7809
2026-07-13 17:38:57 - ile_std_lambda_0.05 - INFO - Epoch  48/200 | Time:  8.10s | Loss: 0.2533 | BPR: 0.2369 | ILE: 0.0164 | L_H: 0.1373 L_M: 0.4176 L_T: 0.7615
2026-07-13 17:39:05 - ile_std_lambda_0.05 - INFO - Epoch  49/200 | Time:  8.18s | Loss: 0.2514 | BPR: 0.2350 | ILE: 0.0163 | L_H: 0.1363 L_M: 0.4137 L_T: 0.7570
2026-07-13 17:39:24 - ile_std_lambda_0.05 - INFO - Epoch  50/200 | Time:  8.31s | Loss: 0.2495 | BPR: 0.2329 | ILE: 0.0166 | Dist: 0.3324 | L_H: 0.1359 L_M: 0.4079 L_T: 0.7666 | nDCG: 0.3114 | UPD: 0.3169 | AD: 0.2026 | EE: 0.0206
2026-07-13 17:39:24 - ile_std_lambda_0.05 - INFO - Checkpoint saved: ./checkpoints/ile_std_lambda_0.05/checkpoint_epoch_50.pt
2026-07-13 17:39:24 - ile_std_lambda_0.05 - INFO - Checkpoint saved: ./checkpoints/ile_std_lambda_0.05/best_model.pt
2026-07-13 17:39:24 - ile_std_lambda_0.05 - INFO -   New best nDCG: 0.3114 (saved as best_model.pt)
2026-07-13 17:39:33 - ile_std_lambda_0.05 - INFO - Epoch  51/200 | Time:  8.49s | Loss: 0.2485 | BPR: 0.2320 | ILE: 0.0165 | L_H: 0.1353 L_M: 0.4068 L_T: 0.7606
2026-07-13 17:39:41 - ile_std_lambda_0.05 - INFO - Epoch  52/200 | Time:  8.33s | Loss: 0.2464 | BPR: 0.2301 | ILE: 0.0163 | L_H: 0.1349 L_M: 0.4023 L_T: 0.7529
2026-07-13 17:39:49 - ile_std_lambda_0.05 - INFO - Epoch  53/200 | Time:  7.89s | Loss: 0.2450 | BPR: 0.2290 | ILE: 0.0160 | L_H: 0.1341 L_M: 0.4008 L_T: 0.7402
2026-07-13 17:39:57 - ile_std_lambda_0.05 - INFO - Epoch  54/200 | Time:  8.35s | Loss: 0.2424 | BPR: 0.2270 | ILE: 0.0154 | L_H: 0.1331 L_M: 0.3971 L_T: 0.7122
2026-07-13 17:40:06 - ile_std_lambda_0.05 - INFO - Epoch  55/200 | Time:  8.20s | Loss: 0.2421 | BPR: 0.2266 | ILE: 0.0155 | L_H: 0.1329 L_M: 0.3963 L_T: 0.7174
2026-07-13 17:40:14 - ile_std_lambda_0.05 - INFO - Epoch  56/200 | Time:  7.97s | Loss: 0.2400 | BPR: 0.2245 | ILE: 0.0156 | L_H: 0.1324 L_M: 0.3913 L_T: 0.7171
2026-07-13 17:40:22 - ile_std_lambda_0.05 - INFO - Epoch  57/200 | Time:  8.27s | Loss: 0.2386 | BPR: 0.2230 | ILE: 0.0156 | L_H: 0.1313 L_M: 0.3890 L_T: 0.7194
2026-07-13 17:40:30 - ile_std_lambda_0.05 - INFO - Epoch  58/200 | Time:  8.19s | Loss: 0.2362 | BPR: 0.2211 | ILE: 0.0152 | L_H: 0.1307 L_M: 0.3846 L_T: 0.6980
2026-07-13 17:40:38 - ile_std_lambda_0.05 - INFO - Epoch  59/200 | Time:  8.24s | Loss: 0.2360 | BPR: 0.2207 | ILE: 0.0153 | L_H: 0.1302 L_M: 0.3845 L_T: 0.7021
2026-07-13 17:40:58 - ile_std_lambda_0.05 - INFO - Epoch  60/200 | Time:  8.21s | Loss: 0.2343 | BPR: 0.2191 | ILE: 0.0152 | Dist: 0.3043 | L_H: 0.1296 L_M: 0.3812 L_T: 0.6990 | nDCG: 0.3255 | UPD: 0.3111 | AD: 0.2391 | EE: 0.0276
2026-07-13 17:40:58 - ile_std_lambda_0.05 - INFO - Checkpoint saved: ./checkpoints/ile_std_lambda_0.05/checkpoint_epoch_60.pt
2026-07-13 17:40:58 - ile_std_lambda_0.05 - INFO - Checkpoint saved: ./checkpoints/ile_std_lambda_0.05/best_model.pt
2026-07-13 17:40:58 - ile_std_lambda_0.05 - INFO -   New best nDCG: 0.3255 (saved as best_model.pt)
2026-07-13 17:41:06 - ile_std_lambda_0.05 - INFO - Epoch  61/200 | Time:  8.17s | Loss: 0.2330 | BPR: 0.2180 | ILE: 0.0151 | L_H: 0.1289 L_M: 0.3790 L_T: 0.6918
2026-07-13 17:41:15 - ile_std_lambda_0.05 - INFO - Epoch  62/200 | Time:  8.38s | Loss: 0.2313 | BPR: 0.2168 | ILE: 0.0145 | L_H: 0.1284 L_M: 0.3770 L_T: 0.6675
2026-07-13 17:41:23 - ile_std_lambda_0.05 - INFO - Epoch  63/200 | Time:  8.24s | Loss: 0.2299 | BPR: 0.2154 | ILE: 0.0145 | L_H: 0.1282 L_M: 0.3736 L_T: 0.6703
2026-07-13 17:41:31 - ile_std_lambda_0.05 - INFO - Epoch  64/200 | Time:  7.99s | Loss: 0.2281 | BPR: 0.2140 | ILE: 0.0142 | L_H: 0.1275 L_M: 0.3708 L_T: 0.6548
2026-07-13 17:41:39 - ile_std_lambda_0.05 - INFO - Epoch  65/200 | Time:  8.15s | Loss: 0.2272 | BPR: 0.2133 | ILE: 0.0138 | L_H: 0.1273 L_M: 0.3695 L_T: 0.6426
2026-07-13 17:41:47 - ile_std_lambda_0.05 - INFO - Epoch  66/200 | Time:  8.10s | Loss: 0.2267 | BPR: 0.2125 | ILE: 0.0142 | L_H: 0.1266 L_M: 0.3685 L_T: 0.6493
2026-07-13 17:41:55 - ile_std_lambda_0.05 - INFO - Epoch  67/200 | Time:  8.14s | Loss: 0.2247 | BPR: 0.2110 | ILE: 0.0137 | L_H: 0.1266 L_M: 0.3641 L_T: 0.6346
2026-07-13 17:42:03 - ile_std_lambda_0.05 - INFO - Epoch  68/200 | Time:  8.22s | Loss: 0.2229 | BPR: 0.2091 | ILE: 0.0138 | L_H: 0.1258 L_M: 0.3603 L_T: 0.6332
2026-07-13 17:42:12 - ile_std_lambda_0.05 - INFO - Epoch  69/200 | Time:  8.33s | Loss: 0.2228 | BPR: 0.2093 | ILE: 0.0134 | L_H: 0.1252 L_M: 0.3623 L_T: 0.6222
2026-07-13 17:42:31 - ile_std_lambda_0.05 - INFO - Epoch  70/200 | Time:  8.27s | Loss: 0.2210 | BPR: 0.2077 | ILE: 0.0132 | Dist: 0.2646 | L_H: 0.1245 L_M: 0.3589 L_T: 0.6073 | nDCG: 0.3372 | UPD: 0.3050 | AD: 0.2674 | EE: 0.0343
2026-07-13 17:42:31 - ile_std_lambda_0.05 - INFO - Checkpoint saved: ./checkpoints/ile_std_lambda_0.05/checkpoint_epoch_70.pt
2026-07-13 17:42:31 - ile_std_lambda_0.05 - INFO - Checkpoint saved: ./checkpoints/ile_std_lambda_0.05/best_model.pt
2026-07-13 17:42:31 - ile_std_lambda_0.05 - INFO -   New best nDCG: 0.3372 (saved as best_model.pt)
2026-07-13 17:42:39 - ile_std_lambda_0.05 - INFO - Epoch  71/200 | Time:  7.87s | Loss: 0.2205 | BPR: 0.2072 | ILE: 0.0133 | L_H: 0.1249 L_M: 0.3570 L_T: 0.6083
2026-07-13 17:42:47 - ile_std_lambda_0.05 - INFO - Epoch  72/200 | Time:  8.21s | Loss: 0.2193 | BPR: 0.2061 | ILE: 0.0133 | L_H: 0.1237 L_M: 0.3558 L_T: 0.6107
2026-07-13 17:42:55 - ile_std_lambda_0.05 - INFO - Epoch  73/200 | Time:  8.28s | Loss: 0.2171 | BPR: 0.2045 | ILE: 0.0126 | L_H: 0.1227 L_M: 0.3533 L_T: 0.5789
2026-07-13 17:43:04 - ile_std_lambda_0.05 - INFO - Epoch  74/200 | Time:  8.26s | Loss: 0.2164 | BPR: 0.2036 | ILE: 0.0128 | L_H: 0.1225 L_M: 0.3512 L_T: 0.5860
2026-07-13 17:43:12 - ile_std_lambda_0.05 - INFO - Epoch  75/200 | Time:  8.09s | Loss: 0.2150 | BPR: 0.2025 | ILE: 0.0126 | L_H: 0.1228 L_M: 0.3475 L_T: 0.5789
2026-07-13 17:43:20 - ile_std_lambda_0.05 - INFO - Epoch  76/200 | Time:  8.17s | Loss: 0.2137 | BPR: 0.2009 | ILE: 0.0128 | L_H: 0.1215 L_M: 0.3453 L_T: 0.5861
2026-07-13 17:43:28 - ile_std_lambda_0.05 - INFO - Epoch  77/200 | Time:  8.18s | Loss: 0.2136 | BPR: 0.2009 | ILE: 0.0127 | L_H: 0.1219 L_M: 0.3446 L_T: 0.5790
2026-07-13 17:43:36 - ile_std_lambda_0.05 - INFO - Epoch  78/200 | Time:  7.92s | Loss: 0.2120 | BPR: 0.1997 | ILE: 0.0122 | L_H: 0.1211 L_M: 0.3432 L_T: 0.5619
2026-07-13 17:43:44 - ile_std_lambda_0.05 - INFO - Epoch  79/200 | Time:  8.29s | Loss: 0.2101 | BPR: 0.1980 | ILE: 0.0121 | L_H: 0.1202 L_M: 0.3399 L_T: 0.5589
2026-07-13 17:44:03 - ile_std_lambda_0.05 - INFO - Epoch  80/200 | Time:  8.08s | Loss: 0.2097 | BPR: 0.1977 | ILE: 0.0120 | Dist: 0.2406 | L_H: 0.1201 L_M: 0.3392 L_T: 0.5454 | nDCG: 0.3465 | UPD: 0.2994 | AD: 0.2879 | EE: 0.0408
2026-07-13 17:44:03 - ile_std_lambda_0.05 - INFO - Checkpoint saved: ./checkpoints/ile_std_lambda_0.05/checkpoint_epoch_80.pt
2026-07-13 17:44:03 - ile_std_lambda_0.05 - INFO - Checkpoint saved: ./checkpoints/ile_std_lambda_0.05/best_model.pt
2026-07-13 17:44:03 - ile_std_lambda_0.05 - INFO -   New best nDCG: 0.3465 (saved as best_model.pt)
2026-07-13 17:44:11 - ile_std_lambda_0.05 - INFO - Epoch  81/200 | Time:  8.12s | Loss: 0.2097 | BPR: 0.1976 | ILE: 0.0121 | L_H: 0.1195 L_M: 0.3399 L_T: 0.5527
2026-07-13 17:44:19 - ile_std_lambda_0.05 - INFO - Epoch  82/200 | Time:  7.93s | Loss: 0.2075 | BPR: 0.1957 | ILE: 0.0118 | L_H: 0.1191 L_M: 0.3354 L_T: 0.5392
2026-07-13 17:44:27 - ile_std_lambda_0.05 - INFO - Epoch  83/200 | Time:  8.38s | Loss: 0.2067 | BPR: 0.1950 | ILE: 0.0116 | L_H: 0.1190 L_M: 0.3336 L_T: 0.5349
2026-07-13 17:44:36 - ile_std_lambda_0.05 - INFO - Epoch  84/200 | Time:  8.32s | Loss: 0.2062 | BPR: 0.1947 | ILE: 0.0114 | L_H: 0.1183 L_M: 0.3343 L_T: 0.5195
2026-07-13 17:44:44 - ile_std_lambda_0.05 - INFO - Epoch  85/200 | Time:  8.08s | Loss: 0.2049 | BPR: 0.1934 | ILE: 0.0114 | L_H: 0.1181 L_M: 0.3310 L_T: 0.5248
2026-07-13 17:44:52 - ile_std_lambda_0.05 - INFO - Epoch  86/200 | Time:  8.17s | Loss: 0.2036 | BPR: 0.1922 | ILE: 0.0114 | L_H: 0.1177 L_M: 0.3281 L_T: 0.5201
2026-07-13 17:45:00 - ile_std_lambda_0.05 - INFO - Epoch  87/200 | Time:  8.20s | Loss: 0.2028 | BPR: 0.1913 | ILE: 0.0114 | L_H: 0.1168 L_M: 0.3277 L_T: 0.5171
2026-07-13 17:45:08 - ile_std_lambda_0.05 - INFO - Epoch  88/200 | Time:  8.23s | Loss: 0.2031 | BPR: 0.1915 | ILE: 0.0116 | L_H: 0.1175 L_M: 0.3263 L_T: 0.5275
2026-07-13 17:45:16 - ile_std_lambda_0.05 - INFO - Epoch  89/200 | Time:  7.94s | Loss: 0.2008 | BPR: 0.1896 | ILE: 0.0112 | L_H: 0.1168 L_M: 0.3227 L_T: 0.5091
2026-07-13 17:45:35 - ile_std_lambda_0.05 - INFO - Epoch  90/200 | Time:  8.31s | Loss: 0.2006 | BPR: 0.1895 | ILE: 0.0111 | Dist: 0.2219 | L_H: 0.1166 L_M: 0.3228 L_T: 0.5057 | nDCG: 0.3545 | UPD: 0.2927 | AD: 0.3114 | EE: 0.0465
2026-07-13 17:45:35 - ile_std_lambda_0.05 - INFO - Checkpoint saved: ./checkpoints/ile_std_lambda_0.05/checkpoint_epoch_90.pt
2026-07-13 17:45:35 - ile_std_lambda_0.05 - INFO - Checkpoint saved: ./checkpoints/ile_std_lambda_0.05/best_model.pt
2026-07-13 17:45:35 - ile_std_lambda_0.05 - INFO -   New best nDCG: 0.3545 (saved as best_model.pt)
2026-07-13 17:45:44 - ile_std_lambda_0.05 - INFO - Epoch  91/200 | Time:  8.18s | Loss: 0.1987 | BPR: 0.1883 | ILE: 0.0104 | L_H: 0.1159 L_M: 0.3209 L_T: 0.4801
2026-07-13 17:45:52 - ile_std_lambda_0.05 - INFO - Epoch  92/200 | Time:  8.13s | Loss: 0.1986 | BPR: 0.1878 | ILE: 0.0108 | L_H: 0.1157 L_M: 0.3198 L_T: 0.4900
2026-07-13 17:46:00 - ile_std_lambda_0.05 - INFO - Epoch  93/200 | Time:  7.93s | Loss: 0.1978 | BPR: 0.1873 | ILE: 0.0105 | L_H: 0.1157 L_M: 0.3184 L_T: 0.4824
2026-07-13 17:46:08 - ile_std_lambda_0.05 - INFO - Epoch  94/200 | Time:  8.06s | Loss: 0.1968 | BPR: 0.1865 | ILE: 0.0103 | L_H: 0.1142 L_M: 0.3193 L_T: 0.4711
2026-07-13 17:46:16 - ile_std_lambda_0.05 - INFO - Epoch  95/200 | Time:  8.30s | Loss: 0.1970 | BPR: 0.1861 | ILE: 0.0109 | L_H: 0.1144 L_M: 0.3173 L_T: 0.4860
2026-07-13 17:46:24 - ile_std_lambda_0.05 - INFO - Epoch  96/200 | Time:  7.97s | Loss: 0.1942 | BPR: 0.1841 | ILE: 0.0101 | L_H: 0.1139 L_M: 0.3129 L_T: 0.4568
2026-07-13 17:46:32 - ile_std_lambda_0.05 - INFO - Epoch  97/200 | Time:  8.18s | Loss: 0.1935 | BPR: 0.1840 | ILE: 0.0095 | L_H: 0.1145 L_M: 0.3117 L_T: 0.4359
2026-07-13 17:46:40 - ile_std_lambda_0.05 - INFO - Epoch  98/200 | Time:  8.25s | Loss: 0.1934 | BPR: 0.1835 | ILE: 0.0099 | L_H: 0.1139 L_M: 0.3114 L_T: 0.4482
2026-07-13 17:46:49 - ile_std_lambda_0.05 - INFO - Epoch  99/200 | Time:  8.06s | Loss: 0.1921 | BPR: 0.1823 | ILE: 0.0098 | L_H: 0.1137 L_M: 0.3083 L_T: 0.4414
2026-07-13 17:47:07 - ile_std_lambda_0.05 - INFO - Epoch 100/200 | Time:  7.98s | Loss: 0.1912 | BPR: 0.1813 | ILE: 0.0099 | Dist: 0.1977 | L_H: 0.1125 L_M: 0.3076 L_T: 0.4494 | nDCG: 0.3608 | UPD: 0.2865 | AD: 0.3281 | EE: 0.0522
2026-07-13 17:47:07 - ile_std_lambda_0.05 - INFO - Checkpoint saved: ./checkpoints/ile_std_lambda_0.05/checkpoint_epoch_100.pt
2026-07-13 17:47:07 - ile_std_lambda_0.05 - INFO - Checkpoint saved: ./checkpoints/ile_std_lambda_0.05/best_model.pt
2026-07-13 17:47:07 - ile_std_lambda_0.05 - INFO -   New best nDCG: 0.3608 (saved as best_model.pt)
2026-07-13 17:47:16 - ile_std_lambda_0.05 - INFO - Epoch 101/200 | Time:  8.20s | Loss: 0.1900 | BPR: 0.1802 | ILE: 0.0097 | L_H: 0.1123 L_M: 0.3051 L_T: 0.4392
2026-07-13 17:47:24 - ile_std_lambda_0.05 - INFO - Epoch 102/200 | Time:  8.30s | Loss: 0.1892 | BPR: 0.1797 | ILE: 0.0095 | L_H: 0.1119 L_M: 0.3043 L_T: 0.4263
2026-07-13 17:47:32 - ile_std_lambda_0.05 - INFO - Epoch 103/200 | Time:  8.29s | Loss: 0.1894 | BPR: 0.1794 | ILE: 0.0100 | L_H: 0.1117 L_M: 0.3037 L_T: 0.4486
2026-07-13 17:47:40 - ile_std_lambda_0.05 - INFO - Epoch 104/200 | Time:  8.21s | Loss: 0.1886 | BPR: 0.1789 | ILE: 0.0097 | L_H: 0.1116 L_M: 0.3024 L_T: 0.4345
2026-07-13 17:47:49 - ile_std_lambda_0.05 - INFO - Epoch 105/200 | Time:  8.27s | Loss: 0.1873 | BPR: 0.1782 | ILE: 0.0091 | L_H: 0.1119 L_M: 0.3002 L_T: 0.4122
2026-07-13 17:47:57 - ile_std_lambda_0.05 - INFO - Epoch 106/200 | Time:  8.17s | Loss: 0.1853 | BPR: 0.1761 | ILE: 0.0091 | L_H: 0.1095 L_M: 0.2987 L_T: 0.4107
2026-07-13 17:48:05 - ile_std_lambda_0.05 - INFO - Epoch 107/200 | Time:  8.03s | Loss: 0.1862 | BPR: 0.1768 | ILE: 0.0094 | L_H: 0.1108 L_M: 0.2983 L_T: 0.4198
2026-07-13 17:48:13 - ile_std_lambda_0.05 - INFO - Epoch 108/200 | Time:  8.25s | Loss: 0.1851 | BPR: 0.1759 | ILE: 0.0092 | L_H: 0.1104 L_M: 0.2963 L_T: 0.4186
2026-07-13 17:48:21 - ile_std_lambda_0.05 - INFO - Epoch 109/200 | Time:  8.33s | Loss: 0.1842 | BPR: 0.1749 | ILE: 0.0093 | L_H: 0.1098 L_M: 0.2948 L_T: 0.4140
2026-07-13 17:48:40 - ile_std_lambda_0.05 - INFO - Epoch 110/200 | Time:  8.14s | Loss: 0.1840 | BPR: 0.1748 | ILE: 0.0092 | Dist: 0.1831 | L_H: 0.1100 L_M: 0.2942 L_T: 0.4127 | nDCG: 0.3655 | UPD: 0.2819 | AD: 0.3448 | EE: 0.0582
2026-07-13 17:48:40 - ile_std_lambda_0.05 - INFO - Checkpoint saved: ./checkpoints/ile_std_lambda_0.05/checkpoint_epoch_110.pt
2026-07-13 17:48:40 - ile_std_lambda_0.05 - INFO - Checkpoint saved: ./checkpoints/ile_std_lambda_0.05/best_model.pt
2026-07-13 17:48:40 - ile_std_lambda_0.05 - INFO -   New best nDCG: 0.3655 (saved as best_model.pt)
2026-07-13 17:48:48 - ile_std_lambda_0.05 - INFO - Epoch 111/200 | Time:  7.86s | Loss: 0.1835 | BPR: 0.1741 | ILE: 0.0095 | L_H: 0.1093 L_M: 0.2934 L_T: 0.4155
2026-07-13 17:48:56 - ile_std_lambda_0.05 - INFO - Epoch 112/200 | Time:  8.19s | Loss: 0.1817 | BPR: 0.1728 | ILE: 0.0089 | L_H: 0.1088 L_M: 0.2905 L_T: 0.4010
2026-07-13 17:49:05 - ile_std_lambda_0.05 - INFO - Epoch 113/200 | Time:  8.23s | Loss: 0.1811 | BPR: 0.1728 | ILE: 0.0083 | L_H: 0.1084 L_M: 0.2916 L_T: 0.3695
2026-07-13 17:49:13 - ile_std_lambda_0.05 - INFO - Epoch 114/200 | Time:  7.93s | Loss: 0.1815 | BPR: 0.1728 | ILE: 0.0087 | L_H: 0.1092 L_M: 0.2903 L_T: 0.3862
2026-07-13 17:49:21 - ile_std_lambda_0.05 - INFO - Epoch 115/200 | Time:  8.44s | Loss: 0.1797 | BPR: 0.1712 | ILE: 0.0085 | L_H: 0.1077 L_M: 0.2887 L_T: 0.3802
2026-07-13 17:49:29 - ile_std_lambda_0.05 - INFO - Epoch 116/200 | Time:  8.36s | Loss: 0.1788 | BPR: 0.1704 | ILE: 0.0084 | L_H: 0.1074 L_M: 0.2868 L_T: 0.3703
2026-07-13 17:49:38 - ile_std_lambda_0.05 - INFO - Epoch 117/200 | Time:  8.36s | Loss: 0.1783 | BPR: 0.1698 | ILE: 0.0086 | L_H: 0.1074 L_M: 0.2848 L_T: 0.3790
2026-07-13 17:49:46 - ile_std_lambda_0.05 - INFO - Epoch 118/200 | Time:  8.02s | Loss: 0.1770 | BPR: 0.1689 | ILE: 0.0081 | L_H: 0.1074 L_M: 0.2827 L_T: 0.3569
2026-07-13 17:49:54 - ile_std_lambda_0.05 - INFO - Epoch 119/200 | Time:  8.40s | Loss: 0.1761 | BPR: 0.1679 | ILE: 0.0082 | L_H: 0.1065 L_M: 0.2812 L_T: 0.3633
2026-07-13 17:50:13 - ile_std_lambda_0.05 - INFO - Epoch 120/200 | Time:  8.30s | Loss: 0.1768 | BPR: 0.1687 | ILE: 0.0082 | Dist: 0.1631 | L_H: 0.1072 L_M: 0.2822 L_T: 0.3576 | nDCG: 0.3704 | UPD: 0.2768 | AD: 0.3656 | EE: 0.0627
2026-07-13 17:50:13 - ile_std_lambda_0.05 - INFO - Checkpoint saved: ./checkpoints/ile_std_lambda_0.05/checkpoint_epoch_120.pt
2026-07-13 17:50:13 - ile_std_lambda_0.05 - INFO - Checkpoint saved: ./checkpoints/ile_std_lambda_0.05/best_model.pt
2026-07-13 17:50:13 - ile_std_lambda_0.05 - INFO -   New best nDCG: 0.3704 (saved as best_model.pt)
2026-07-13 17:50:22 - ile_std_lambda_0.05 - INFO - Epoch 121/200 | Time:  8.30s | Loss: 0.1749 | BPR: 0.1669 | ILE: 0.0080 | L_H: 0.1062 L_M: 0.2793 L_T: 0.3604
2026-07-13 17:50:30 - ile_std_lambda_0.05 - INFO - Epoch 122/200 | Time:  8.02s | Loss: 0.1746 | BPR: 0.1664 | ILE: 0.0082 | L_H: 0.1058 L_M: 0.2782 L_T: 0.3644
2026-07-13 17:50:38 - ile_std_lambda_0.05 - INFO - Epoch 123/200 | Time:  8.19s | Loss: 0.1741 | BPR: 0.1660 | ILE: 0.0081 | L_H: 0.1058 L_M: 0.2772 L_T: 0.3600
2026-07-13 17:50:46 - ile_std_lambda_0.05 - INFO - Epoch 124/200 | Time:  8.43s | Loss: 0.1733 | BPR: 0.1657 | ILE: 0.0077 | L_H: 0.1062 L_M: 0.2759 L_T: 0.3395
2026-07-13 17:50:54 - ile_std_lambda_0.05 - INFO - Epoch 125/200 | Time:  8.12s | Loss: 0.1722 | BPR: 0.1642 | ILE: 0.0080 | L_H: 0.1051 L_M: 0.2734 L_T: 0.3499
2026-07-13 17:51:03 - ile_std_lambda_0.05 - INFO - Epoch 126/200 | Time:  8.28s | Loss: 0.1709 | BPR: 0.1633 | ILE: 0.0076 | L_H: 0.1046 L_M: 0.2720 L_T: 0.3333
2026-07-13 17:51:11 - ile_std_lambda_0.05 - INFO - Epoch 127/200 | Time:  8.06s | Loss: 0.1718 | BPR: 0.1637 | ILE: 0.0081 | L_H: 0.1051 L_M: 0.2716 L_T: 0.3567
2026-07-13 17:51:19 - ile_std_lambda_0.05 - INFO - Epoch 128/200 | Time:  8.26s | Loss: 0.1699 | BPR: 0.1623 | ILE: 0.0076 | L_H: 0.1044 L_M: 0.2696 L_T: 0.3339
2026-07-13 17:51:27 - ile_std_lambda_0.05 - INFO - Epoch 129/200 | Time:  8.18s | Loss: 0.1706 | BPR: 0.1630 | ILE: 0.0076 | L_H: 0.1049 L_M: 0.2706 L_T: 0.3327
2026-07-13 17:51:46 - ile_std_lambda_0.05 - INFO - Epoch 130/200 | Time:  8.27s | Loss: 0.1688 | BPR: 0.1613 | ILE: 0.0075 | Dist: 0.1502 | L_H: 0.1040 L_M: 0.2677 L_T: 0.3281 | nDCG: 0.3730 | UPD: 0.2711 | AD: 0.3770 | EE: 0.0673
2026-07-13 17:51:46 - ile_std_lambda_0.05 - INFO - Checkpoint saved: ./checkpoints/ile_std_lambda_0.05/checkpoint_epoch_130.pt
2026-07-13 17:51:46 - ile_std_lambda_0.05 - INFO - Checkpoint saved: ./checkpoints/ile_std_lambda_0.05/best_model.pt
2026-07-13 17:51:46 - ile_std_lambda_0.05 - INFO -   New best nDCG: 0.3730 (saved as best_model.pt)
2026-07-13 17:51:54 - ile_std_lambda_0.05 - INFO - Epoch 131/200 | Time:  8.19s | Loss: 0.1679 | BPR: 0.1604 | ILE: 0.0075 | L_H: 0.1036 L_M: 0.2657 L_T: 0.3241
2026-07-13 17:52:02 - ile_std_lambda_0.05 - INFO - Epoch 132/200 | Time:  8.11s | Loss: 0.1682 | BPR: 0.1606 | ILE: 0.0076 | L_H: 0.1039 L_M: 0.2656 L_T: 0.3329
2026-07-13 17:52:11 - ile_std_lambda_0.05 - INFO - Epoch 133/200 | Time:  8.32s | Loss: 0.1675 | BPR: 0.1600 | ILE: 0.0076 | L_H: 0.1030 L_M: 0.2654 L_T: 0.3285
2026-07-13 17:52:19 - ile_std_lambda_0.05 - INFO - Epoch 134/200 | Time:  8.55s | Loss: 0.1659 | BPR: 0.1590 | ILE: 0.0070 | L_H: 0.1027 L_M: 0.2636 L_T: 0.3005
2026-07-13 17:52:28 - ile_std_lambda_0.05 - INFO - Epoch 135/200 | Time:  8.27s | Loss: 0.1654 | BPR: 0.1578 | ILE: 0.0076 | L_H: 0.1026 L_M: 0.2600 L_T: 0.3291
2026-07-13 17:52:36 - ile_std_lambda_0.05 - INFO - Epoch 136/200 | Time:  8.17s | Loss: 0.1649 | BPR: 0.1576 | ILE: 0.0072 | L_H: 0.1019 L_M: 0.2612 L_T: 0.3032
2026-07-13 17:52:44 - ile_std_lambda_0.05 - INFO - Epoch 137/200 | Time:  8.41s | Loss: 0.1641 | BPR: 0.1569 | ILE: 0.0073 | L_H: 0.1018 L_M: 0.2592 L_T: 0.3126
2026-07-13 17:52:53 - ile_std_lambda_0.05 - INFO - Epoch 138/200 | Time:  8.43s | Loss: 0.1642 | BPR: 0.1572 | ILE: 0.0070 | L_H: 0.1021 L_M: 0.2598 L_T: 0.3028
2026-07-13 17:53:01 - ile_std_lambda_0.05 - INFO - Epoch 139/200 | Time:  8.24s | Loss: 0.1626 | BPR: 0.1558 | ILE: 0.0068 | L_H: 0.1019 L_M: 0.2560 L_T: 0.2880
2026-07-13 17:53:20 - ile_std_lambda_0.05 - INFO - Epoch 140/200 | Time:  8.19s | Loss: 0.1626 | BPR: 0.1555 | ILE: 0.0071 | Dist: 0.1418 | L_H: 0.1010 L_M: 0.2569 L_T: 0.3044 | nDCG: 0.3768 | UPD: 0.2673 | AD: 0.3918 | EE: 0.0716
2026-07-13 17:53:20 - ile_std_lambda_0.05 - INFO - Checkpoint saved: ./checkpoints/ile_std_lambda_0.05/checkpoint_epoch_140.pt
2026-07-13 17:53:20 - ile_std_lambda_0.05 - INFO - Checkpoint saved: ./checkpoints/ile_std_lambda_0.05/best_model.pt
2026-07-13 17:53:20 - ile_std_lambda_0.05 - INFO -   New best nDCG: 0.3768 (saved as best_model.pt)
2026-07-13 17:53:29 - ile_std_lambda_0.05 - INFO - Epoch 141/200 | Time:  8.59s | Loss: 0.1618 | BPR: 0.1550 | ILE: 0.0068 | L_H: 0.1012 L_M: 0.2549 L_T: 0.2899
2026-07-13 17:53:37 - ile_std_lambda_0.05 - INFO - Epoch 142/200 | Time:  8.65s | Loss: 0.1608 | BPR: 0.1541 | ILE: 0.0067 | L_H: 0.1000 L_M: 0.2548 L_T: 0.2887
2026-07-13 17:53:45 - ile_std_lambda_0.05 - INFO - Epoch 143/200 | Time:  8.12s | Loss: 0.1602 | BPR: 0.1533 | ILE: 0.0069 | L_H: 0.0999 L_M: 0.2526 L_T: 0.2905
2026-07-13 17:53:54 - ile_std_lambda_0.05 - INFO - Epoch 144/200 | Time:  8.32s | Loss: 0.1596 | BPR: 0.1528 | ILE: 0.0068 | L_H: 0.1003 L_M: 0.2506 L_T: 0.2866
2026-07-13 17:54:02 - ile_std_lambda_0.05 - INFO - Epoch 145/200 | Time:  8.34s | Loss: 0.1590 | BPR: 0.1524 | ILE: 0.0066 | L_H: 0.1001 L_M: 0.2499 L_T: 0.2781
2026-07-13 17:54:10 - ile_std_lambda_0.05 - INFO - Epoch 146/200 | Time:  8.39s | Loss: 0.1591 | BPR: 0.1526 | ILE: 0.0065 | L_H: 0.1003 L_M: 0.2500 L_T: 0.2774
2026-07-13 17:54:18 - ile_std_lambda_0.05 - INFO - Epoch 147/200 | Time:  8.05s | Loss: 0.1575 | BPR: 0.1511 | ILE: 0.0065 | L_H: 0.0993 L_M: 0.2476 L_T: 0.2754
2026-07-13 17:54:27 - ile_std_lambda_0.05 - INFO - Epoch 148/200 | Time:  8.20s | Loss: 0.1563 | BPR: 0.1499 | ILE: 0.0065 | L_H: 0.0985 L_M: 0.2456 L_T: 0.2684
2026-07-13 17:54:35 - ile_std_lambda_0.05 - INFO - Epoch 149/200 | Time:  8.21s | Loss: 0.1567 | BPR: 0.1504 | ILE: 0.0064 | L_H: 0.0991 L_M: 0.2458 L_T: 0.2710
2026-07-13 17:54:54 - ile_std_lambda_0.05 - INFO - Epoch 150/200 | Time:  8.29s | Loss: 0.1556 | BPR: 0.1493 | ILE: 0.0063 | Dist: 0.1258 | L_H: 0.0987 L_M: 0.2437 L_T: 0.2646 | nDCG: 0.3795 | UPD: 0.2636 | AD: 0.4047 | EE: 0.0751
2026-07-13 17:54:54 - ile_std_lambda_0.05 - INFO - Checkpoint saved: ./checkpoints/ile_std_lambda_0.05/checkpoint_epoch_150.pt
2026-07-13 17:54:54 - ile_std_lambda_0.05 - INFO - Checkpoint saved: ./checkpoints/ile_std_lambda_0.05/best_model.pt
2026-07-13 17:54:54 - ile_std_lambda_0.05 - INFO -   New best nDCG: 0.3795 (saved as best_model.pt)
2026-07-13 17:55:02 - ile_std_lambda_0.05 - INFO - Epoch 151/200 | Time:  7.99s | Loss: 0.1548 | BPR: 0.1484 | ILE: 0.0065 | L_H: 0.0979 L_M: 0.2424 L_T: 0.2736
2026-07-13 17:55:10 - ile_std_lambda_0.05 - INFO - Epoch 152/200 | Time:  8.33s | Loss: 0.1547 | BPR: 0.1484 | ILE: 0.0063 | L_H: 0.0978 L_M: 0.2426 L_T: 0.2667
2026-07-13 17:55:19 - ile_std_lambda_0.05 - INFO - Epoch 153/200 | Time:  8.29s | Loss: 0.1537 | BPR: 0.1475 | ILE: 0.0061 | L_H: 0.0983 L_M: 0.2394 L_T: 0.2528
2026-07-13 17:55:27 - ile_std_lambda_0.05 - INFO - Epoch 154/200 | Time:  8.29s | Loss: 0.1538 | BPR: 0.1475 | ILE: 0.0063 | L_H: 0.0976 L_M: 0.2404 L_T: 0.2635
2026-07-13 17:55:36 - ile_std_lambda_0.05 - INFO - Epoch 155/200 | Time:  8.52s | Loss: 0.1524 | BPR: 0.1462 | ILE: 0.0062 | L_H: 0.0967 L_M: 0.2387 L_T: 0.2547
2026-07-13 17:55:44 - ile_std_lambda_0.05 - INFO - Epoch 156/200 | Time:  8.27s | Loss: 0.1519 | BPR: 0.1457 | ILE: 0.0062 | L_H: 0.0968 L_M: 0.2367 L_T: 0.2581
2026-07-13 17:55:52 - ile_std_lambda_0.05 - INFO - Epoch 157/200 | Time:  8.43s | Loss: 0.1521 | BPR: 0.1462 | ILE: 0.0059 | L_H: 0.0969 L_M: 0.2384 L_T: 0.2417
2026-07-13 17:56:00 - ile_std_lambda_0.05 - INFO - Epoch 158/200 | Time:  8.21s | Loss: 0.1519 | BPR: 0.1457 | ILE: 0.0062 | L_H: 0.0968 L_M: 0.2370 L_T: 0.2577
2026-07-13 17:56:09 - ile_std_lambda_0.05 - INFO - Epoch 159/200 | Time:  8.41s | Loss: 0.1502 | BPR: 0.1442 | ILE: 0.0060 | L_H: 0.0959 L_M: 0.2343 L_T: 0.2452
2026-07-13 17:56:28 - ile_std_lambda_0.05 - INFO - Epoch 160/200 | Time:  8.48s | Loss: 0.1500 | BPR: 0.1440 | ILE: 0.0060 | Dist: 0.1196 | L_H: 0.0965 L_M: 0.2326 L_T: 0.2481 | nDCG: 0.3805 | UPD: 0.2580 | AD: 0.4174 | EE: 0.0800
2026-07-13 17:56:28 - ile_std_lambda_0.05 - INFO - Checkpoint saved: ./checkpoints/ile_std_lambda_0.05/checkpoint_epoch_160.pt
2026-07-13 17:56:28 - ile_std_lambda_0.05 - INFO - Checkpoint saved: ./checkpoints/ile_std_lambda_0.05/best_model.pt
2026-07-13 17:56:28 - ile_std_lambda_0.05 - INFO -   New best nDCG: 0.3805 (saved as best_model.pt)
2026-07-13 17:56:36 - ile_std_lambda_0.05 - INFO - Epoch 161/200 | Time:  8.10s | Loss: 0.1492 | BPR: 0.1433 | ILE: 0.0058 | L_H: 0.0960 L_M: 0.2320 L_T: 0.2353
2026-07-13 17:56:45 - ile_std_lambda_0.05 - INFO - Epoch 162/200 | Time:  8.43s | Loss: 0.1489 | BPR: 0.1430 | ILE: 0.0059 | L_H: 0.0953 L_M: 0.2321 L_T: 0.2457
2026-07-13 17:56:53 - ile_std_lambda_0.05 - INFO - Epoch 163/200 | Time:  8.36s | Loss: 0.1480 | BPR: 0.1425 | ILE: 0.0055 | L_H: 0.0959 L_M: 0.2296 L_T: 0.2280
2026-07-13 17:57:01 - ile_std_lambda_0.05 - INFO - Epoch 164/200 | Time:  8.43s | Loss: 0.1470 | BPR: 0.1413 | ILE: 0.0058 | L_H: 0.0952 L_M: 0.2273 L_T: 0.2388
2026-07-13 17:57:10 - ile_std_lambda_0.05 - INFO - Epoch 165/200 | Time:  8.12s | Loss: 0.1465 | BPR: 0.1408 | ILE: 0.0056 | L_H: 0.0954 L_M: 0.2259 L_T: 0.2270
2026-07-13 17:57:18 - ile_std_lambda_0.05 - INFO - Epoch 166/200 | Time:  8.49s | Loss: 0.1462 | BPR: 0.1405 | ILE: 0.0057 | L_H: 0.0948 L_M: 0.2260 L_T: 0.2321
2026-07-13 17:57:27 - ile_std_lambda_0.05 - INFO - Epoch 167/200 | Time:  9.10s | Loss: 0.1452 | BPR: 0.1397 | ILE: 0.0055 | L_H: 0.0944 L_M: 0.2245 L_T: 0.2241
2026-07-13 17:57:35 - ile_std_lambda_0.05 - INFO - Epoch 168/200 | Time:  8.31s | Loss: 0.1451 | BPR: 0.1394 | ILE: 0.0057 | L_H: 0.0942 L_M: 0.2240 L_T: 0.2336
2026-07-13 17:57:44 - ile_std_lambda_0.05 - INFO - Epoch 169/200 | Time:  8.47s | Loss: 0.1449 | BPR: 0.1393 | ILE: 0.0057 | L_H: 0.0944 L_M: 0.2232 L_T: 0.2314
2026-07-13 17:58:03 - ile_std_lambda_0.05 - INFO - Epoch 170/200 | Time:  8.54s | Loss: 0.1439 | BPR: 0.1383 | ILE: 0.0056 | Dist: 0.1126 | L_H: 0.0932 L_M: 0.2228 L_T: 0.2296 | nDCG: 0.3825 | UPD: 0.2539 | AD: 0.4201 | EE: 0.0835
2026-07-13 17:58:03 - ile_std_lambda_0.05 - INFO - Checkpoint saved: ./checkpoints/ile_std_lambda_0.05/checkpoint_epoch_170.pt
2026-07-13 17:58:03 - ile_std_lambda_0.05 - INFO - Checkpoint saved: ./checkpoints/ile_std_lambda_0.05/best_model.pt
2026-07-13 17:58:03 - ile_std_lambda_0.05 - INFO -   New best nDCG: 0.3825 (saved as best_model.pt)
2026-07-13 17:58:12 - ile_std_lambda_0.05 - INFO - Epoch 171/200 | Time:  8.32s | Loss: 0.1435 | BPR: 0.1380 | ILE: 0.0054 | L_H: 0.0932 L_M: 0.2219 L_T: 0.2203
2026-07-13 17:58:20 - ile_std_lambda_0.05 - INFO - Epoch 172/200 | Time:  8.43s | Loss: 0.1433 | BPR: 0.1376 | ILE: 0.0057 | L_H: 0.0932 L_M: 0.2208 L_T: 0.2249
2026-07-13 17:58:29 - ile_std_lambda_0.05 - INFO - Epoch 173/200 | Time:  8.30s | Loss: 0.1428 | BPR: 0.1372 | ILE: 0.0057 | L_H: 0.0930 L_M: 0.2198 L_T: 0.2300
2026-07-13 17:58:37 - ile_std_lambda_0.05 - INFO - Epoch 174/200 | Time:  8.28s | Loss: 0.1413 | BPR: 0.1359 | ILE: 0.0054 | L_H: 0.0926 L_M: 0.2171 L_T: 0.2114
2026-07-13 17:58:45 - ile_std_lambda_0.05 - INFO - Epoch 175/200 | Time:  8.39s | Loss: 0.1410 | BPR: 0.1360 | ILE: 0.0050 | L_H: 0.0932 L_M: 0.2167 L_T: 0.1941
2026-07-13 17:58:53 - ile_std_lambda_0.05 - INFO - Epoch 176/200 | Time:  8.25s | Loss: 0.1408 | BPR: 0.1355 | ILE: 0.0053 | L_H: 0.0925 L_M: 0.2162 L_T: 0.2076
